node.exe : FAIL __tests
__/services/api.test.ts
Au caractère Ligne:1 : 
1
+ & "C:\Program 
Files\nodejs/node.exe" 
"C:\Program 
Files\nodejs/node_mo 
...
+ ~~~~~~~~~~~~~~~~~~~~~
~~~~~~~~~~~~~~~~~~~~~~~
~~~~~~~~~~~~~~~~~~~~~~~
~~
    + CategoryInfo     
         : NotSpecifi  
  ed: (FAIL __tests_   
 _/services/api.tes    
t.ts:String) [], R    
emoteException
    + FullyQualifiedEr 
   rorId : NativeComm  
  andError
 
  ÔùÅ Console

    console.error
      Error getting 
next scan date: Error: 
api_errors.unauthorized
          at 
ApiService.<anonymous> 
(C:\Users\maloh\Downloa
ds\1-main\services\api.
ts:435:13)
          at 
Generator.next 
(<anonymous>)
          at 
asyncGeneratorStep (C:\
Users\maloh\Downloads\1
-main\node_modules\@bab
el\runtime\helpers\asyn
cToGenerator.js:3:17)
          at _next (C:\
Users\maloh\Downloads\1
-main\node_modules\@bab
el\runtime\helpers\asyn
cToGenerator.js:17:9)
          at processTic
ksAndRejections (node:i
nternal/process/task_qu
eues:103:5)

      483 |       
return result.next_avai
lable_date || null;
      484 |     } 
catch (error) {
    > 485 |       
console.error('Error 
getting next scan 
date:', error);
          |            
   ^
      486 |       
return null;
      487 |     }
      488 |   }

      at 
ApiService.error (servi
ces/api.ts:485:15)
          at 
Generator.throw 
(<anonymous>)
      at 
asyncGeneratorStep (nod
e_modules/@babel/runtim
e/helpers/asyncToGenera
tor.js:3:17)
      at _throw (node_m
odules/@babel/runtime/h
elpers/asyncToGenerator
.js:20:9)

    console.log
      [API] Cr├®ation 
du scan avec analyse: 
{ scanType: 'health' }

      at 
ApiService.log (service
s/api.ts:870:13)

    console.log
      [API] Cr├®ation 
du scan avec analyse: 
{ scanType: 'body' }

      at 
ApiService.log (service
s/api.ts:870:13)

  ÔùÅ ApiService ÔÇ║ 
getDashboard ÔÇ║ 
throws error when user 
is not authenticated

    expect(received).re
jects.toThrow(expected)

    Expected 
substring: "User not 
authenticated"
    Received message:  
 "api_errors.unauthoriz
ed"

        [0m [90m 63 
|[39m
         [90m 64 
|[39m     
[36mif[39m 
([33m![39muser) {
        [31m[1m>[22m
[39m[90m 65 |[39m   
    [36mthrow[39m 
[36mnew[39m [33mErro
r[39m([32m'api_errors
.unauthorized'[39m)[3
3m;[39m
         [90m    
|[39m             
[31m[1m^[22m[39m
         [90m 66 
|[39m     }
         [90m 67 
|[39m
         [90m 68 
|[39m     [90m// 1. 
R├®cup├®rer le Global 
Score depuis la Vue 
SQL[39m[0m

      at 
ApiService.<anonymous> 
(services/api.ts:65:13)
      at 
asyncGeneratorStep (nod
e_modules/@babel/runtim
e/helpers/asyncToGenera
tor.js:3:17)
      at _next (node_mo
dules/@babel/runtime/he
lpers/asyncToGenerator.
js:17:9)
      at 
Object.toThrow (node_mo
dules/expect/build/inde
x.js:2155:20)
      at 
Object.toThrow (__tests
__/services/api.test.ts
:153:55)
      at 
asyncGeneratorStep (nod
e_modules/@babel/runtim
e/helpers/asyncToGenera
tor.js:3:17)
      at _next (node_mo
dules/@babel/runtime/he
lpers/asyncToGenerator.
js:17:9)
      at node_modules/@
babel/runtime/helpers/a
syncToGenerator.js:22:7
      at 
Object.<anonymous> (nod
e_modules/@babel/runtim
e/helpers/asyncToGenera
tor.js:14:12)

  ÔùÅ ApiService ÔÇ║ 
getAnalytics ÔÇ║ 
returns analytics for 
7 days period

    TypeError: _supabas
e.supabase.from(...).se
lect(...).eq(...).gte(.
..).order(...).limit 
is not a function

    [0m [90m 140 
|[39m         [33m.[
39mgte([32m'date'[39m
[33m,[39m 
localStartDateStr)
     [90m 141 |[39m  
       [33m.[39morder
([32m'date'[39m[33m,
[39m { 
ascending[33m:[39m 
[36mtrue[39m })
    [31m[1m>[22m[39
m[90m 142 |[39m      
   [33m.[39mlimit([3
5m1000[39m)[33m,[39m
     [90m     |[39m  
        
[31m[1m^[22m[39m
     [90m 143 |[39m
     [90m 144 |[39m  
     [90m// Requ├¬te 
2: scan_metrics 
(nouvelles 
donn├®es)[39m
     [90m 145 |[39m  
     supabase[0m

      at 
ApiService.limit (servi
ces/api.ts:142:10)
      at 
asyncGeneratorStep (nod
e_modules/@babel/runtim
e/helpers/asyncToGenera
tor.js:3:17)
      at _next (node_mo
dules/@babel/runtime/he
lpers/asyncToGenerator.
js:17:9)

  ÔùÅ ApiService ÔÇ║ 
getAnalytics ÔÇ║ 
returns analytics for 
30 days period

    TypeError: _supabas
e.supabase.from(...).se
lect(...).eq(...).gte(.
..).order(...).limit 
is not a function

    [0m [90m 140 
|[39m         [33m.[
39mgte([32m'date'[39m
[33m,[39m 
localStartDateStr)
     [90m 141 |[39m  
       [33m.[39morder
([32m'date'[39m[33m,
[39m { 
ascending[33m:[39m 
[36mtrue[39m })
    [31m[1m>[22m[39
m[90m 142 |[39m      
   [33m.[39mlimit([3
5m1000[39m)[33m,[39m
     [90m     |[39m  
        
[31m[1m^[22m[39m
     [90m 143 |[39m
     [90m 144 |[39m  
     [90m// Requ├¬te 
2: scan_metrics 
(nouvelles 
donn├®es)[39m
     [90m 145 |[39m  
     supabase[0m

      at 
ApiService.limit (servi
ces/api.ts:142:10)
      at 
asyncGeneratorStep (nod
e_modules/@babel/runtim
e/helpers/asyncToGenera
tor.js:3:17)
      at _next (node_mo
dules/@babel/runtime/he
lpers/asyncToGenerator.
js:17:9)

  ÔùÅ ApiService ÔÇ║ 
getAnalytics ÔÇ║ 
returns empty arrays 
when no data

    TypeError: _supabas
e.supabase.from(...).se
lect(...).eq(...).gte(.
..).order(...).limit 
is not a function

    [0m [90m 140 
|[39m         [33m.[
39mgte([32m'date'[39m
[33m,[39m 
localStartDateStr)
     [90m 141 |[39m  
       [33m.[39morder
([32m'date'[39m[33m,
[39m { 
ascending[33m:[39m 
[36mtrue[39m })
    [31m[1m>[22m[39
m[90m 142 |[39m      
   [33m.[39mlimit([3
5m1000[39m)[33m,[39m
     [90m     |[39m  
        
[31m[1m^[22m[39m
     [90m 143 |[39m
     [90m 144 |[39m  
     [90m// Requ├¬te 
2: scan_metrics 
(nouvelles 
donn├®es)[39m
     [90m 145 |[39m  
     supabase[0m

      at 
ApiService.limit (servi
ces/api.ts:142:10)
      at 
asyncGeneratorStep (nod
e_modules/@babel/runtim
e/helpers/asyncToGenera
tor.js:3:17)
      at _next (node_mo
dules/@babel/runtime/he
lpers/asyncToGenerator.
js:17:9)

  ÔùÅ ApiService ÔÇ║ 
getAnalytics ÔÇ║ 
throws error when user 
not authenticated

    expect(received).re
jects.toThrow(expected)

    Expected 
substring: "User not 
authenticated"
    Received message:  
 "api_errors.unauthoriz
ed"

        [0m [90m 113 
|[39m
         [90m 114 
|[39m     
[36mif[39m 
([33m![39muser) {
        [31m[1m>[22m
[39m[90m 115 |[39m  
     [36mthrow[39m 
[36mnew[39m [33mErro
r[39m([32m'api_errors
.unauthorized'[39m)[3
3m;[39m
         [90m     
|[39m             
[31m[1m^[22m[39m
         [90m 116 
|[39m     }
         [90m 117 
|[39m
         [90m 118 
|[39m     [90m// Map 
period to days[39m[0m

      at 
ApiService.<anonymous> 
(services/api.ts:115:13
)
      at 
asyncGeneratorStep (nod
e_modules/@babel/runtim
e/helpers/asyncToGenera
tor.js:3:17)
      at _next (node_mo
dules/@babel/runtime/he
lpers/asyncToGenerator.
js:17:9)
      at 
Object.toThrow (node_mo
dules/expect/build/inde
x.js:2155:20)
      at 
Object.toThrow (__tests
__/services/api.test.ts
:358:62)
      at 
asyncGeneratorStep (nod
e_modules/@babel/runtim
e/helpers/asyncToGenera
tor.js:3:17)
      at _next (node_mo
dules/@babel/runtime/he
lpers/asyncToGenerator.
js:17:9)
      at node_modules/@
babel/runtime/helpers/a
syncToGenerator.js:22:7
      at 
Object.<anonymous> (nod
e_modules/@babel/runtim
e/helpers/asyncToGenera
tor.js:14:12)

  ÔùÅ ApiService ÔÇ║ 
checkScanEligibility 
ÔÇ║ throws error when 
not authenticated

    expect(received).re
jects.toThrow(expected)

    Expected 
substring: "User not 
authenticated"
    Received message:  
 "api_errors.unauthoriz
ed"

        [0m [90m 371 
|[39m
         [90m 372 
|[39m     
[36mif[39m 
([33m![39msession) {
        [31m[1m>[22m
[39m[90m 373 |[39m  
     [36mthrow[39m 
[36mnew[39m [33mErro
r[39m([32m'api_errors
.unauthorized'[39m)[3
3m;[39m
         [90m     
|[39m             
[31m[1m^[22m[39m
         [90m 374 
|[39m     }
         [90m 375 
|[39m
         [90m 376 
|[39m     
[36mconst[39m 
response [33m=[39m 
[36mawait[39m 
fetch([0m

      at 
ApiService.<anonymous> 
(services/api.ts:373:13
)
      at 
asyncGeneratorStep (nod
e_modules/@babel/runtim
e/helpers/asyncToGenera
tor.js:3:17)
      at _next (node_mo
dules/@babel/runtime/he
lpers/asyncToGenerator.
js:17:9)
      at 
Object.toThrow (node_mo
dules/expect/build/inde
x.js:2155:20)
      at 
Object.toThrow (__tests
__/services/api.test.ts
:450:71)
      at 
asyncGeneratorStep (nod
e_modules/@babel/runtim
e/helpers/asyncToGenera
tor.js:3:17)
      at _next (node_mo
dules/@babel/runtime/he
lpers/asyncToGenerator.
js:17:9)
      at node_modules/@
babel/runtime/helpers/a
syncToGenerator.js:22:7
      at 
Object.<anonymous> (nod
e_modules/@babel/runtim
e/helpers/asyncToGenera
tor.js:14:12)

  ÔùÅ ApiService ÔÇ║ 
analyzeScanWithN8n ÔÇ║ 
analyzes scan and 
updates database

    ApiError: 
api_errors.validation

    [0m [90m 767 
|[39m
     [90m 768 |[39m  
   [36mif[39m ([33m!
[39mimageBase64 
[33m||[39m 
[36mtypeof[39m 
imageBase64 
[33m!==[39m 
[32m'string'[39m 
[33m||[39m [33m![39
mimageBase64[33m.[39m
startsWith([32m'data:i
mage/'[39m)) {
    [31m[1m>[22m[39
m[90m 769 |[39m      
 [36mthrow[39m 
[36mnew[39m 
[33mApiError[39m(
     [90m     |[39m  
           
[31m[1m^[22m[39m
     [90m 770 |[39m  
       [32m'api_errors
.validation'[39m[33m,
[39m
     [90m 771 |[39m  
       [32m'VALIDATION
'[39m[33m,[39m
     [90m 772 |[39m  
       undefined[33m,
[39m[0m

      at 
ApiService.<anonymous> 
(services/api.ts:769:13
)
      at 
asyncGeneratorStep (nod
e_modules/@babel/runtim
e/helpers/asyncToGenera
tor.js:3:17)
      at _next (node_mo
dules/@babel/runtime/he
lpers/asyncToGenerator.
js:17:9)
      at node_modules/@
babel/runtime/helpers/a
syncToGenerator.js:22:7
      at 
ApiService.<anonymous> 
(node_modules/@babel/ru
ntime/helpers/asyncToGe
nerator.js:14:12)
      at 
ApiService.apply [as 
analyzeScanWithN8n] (se
rvices/api.ts:757:34)
      at Object.analyze
ScanWithN8n (__tests__/
services/api.test.ts:55
8:39)
      at 
asyncGeneratorStep (nod
e_modules/@babel/runtim
e/helpers/asyncToGenera
tor.js:3:17)
      at _next (node_mo
dules/@babel/runtime/he
lpers/asyncToGenerator.
js:17:9)
      at node_modules/@
babel/runtime/helpers/a
syncToGenerator.js:22:7
      at 
Object.<anonymous> (nod
e_modules/@babel/runtim
e/helpers/asyncToGenera
tor.js:14:12)

  ÔùÅ ApiService ÔÇ║ 
analyzeScanWithN8n ÔÇ║ 
throws error when user 
not authenticated

    expect(received).re
jects.toThrow(expected)

    Expected 
substring: 
"Utilisateur non 
authentifi├®"
    Received message:  
 
"api_errors.validation"

        [0m [90m 767 
|[39m
         [90m 768 
|[39m     
[36mif[39m ([33m![3
9mimageBase64 
[33m||[39m 
[36mtypeof[39m 
imageBase64 
[33m!==[39m 
[32m'string'[39m 
[33m||[39m [33m![39
mimageBase64[33m.[39m
startsWith([32m'data:i
mage/'[39m)) {
        [31m[1m>[22m
[39m[90m 769 |[39m  
     [36mthrow[39m 
[36mnew[39m 
[33mApiError[39m(
         [90m     
|[39m             
[31m[1m^[22m[39m
         [90m 770 
|[39m         [32m'ap
i_errors.validation'[3
9m[33m,[39m
         [90m 771 
|[39m         [32m'VA
LIDATION'[39m[33m,[3
9m
         [90m 772 
|[39m         undefine
d[33m,[39m[0m

      at 
ApiService.<anonymous> 
(services/api.ts:769:13
)
      at 
asyncGeneratorStep (nod
e_modules/@babel/runtim
e/helpers/asyncToGenera
tor.js:3:17)
      at _next (node_mo
dules/@babel/runtime/he
lpers/asyncToGenerator.
js:17:9)
      at node_modules/@
babel/runtime/helpers/a
syncToGenerator.js:22:7
      at 
ApiService.<anonymous> 
(node_modules/@babel/ru
ntime/helpers/asyncToGe
nerator.js:14:12)
      at 
ApiService.apply [as 
analyzeScanWithN8n] (se
rvices/api.ts:757:34)
      at Object.analyze
ScanWithN8n (__tests__/
services/api.test.ts:56
8:20)
      at 
asyncGeneratorStep (nod
e_modules/@babel/runtim
e/helpers/asyncToGenera
tor.js:3:17)
      at _next (node_mo
dules/@babel/runtime/he
lpers/asyncToGenerator.
js:17:9)
      at node_modules/@
babel/runtime/helpers/a
syncToGenerator.js:22:7
      at 
Object.<anonymous> (nod
e_modules/@babel/runtim
e/helpers/asyncToGenera
tor.js:14:12)
      at 
Object.toThrow (node_mo
dules/expect/build/inde
x.js:2155:20)
      at 
Object.toThrow (__tests
__/services/api.test.ts
:569:17)
      at 
asyncGeneratorStep (nod
e_modules/@babel/runtim
e/helpers/asyncToGenera
tor.js:3:17)
      at _next (node_mo
dules/@babel/runtime/he
lpers/asyncToGenerator.
js:17:9)
      at node_modules/@
babel/runtime/helpers/a
syncToGenerator.js:22:7
      at 
Object.<anonymous> (nod
e_modules/@babel/runtim
e/helpers/asyncToGenera
tor.js:14:12)

  ÔùÅ ApiService ÔÇ║ 
analyzeScanWithN8n ÔÇ║ 
throws error when 
analysis fails

    expect(received).re
jects.toThrow(expected)

    Expected 
substring: "Analysis 
service unavailable"
    Received message:  
 
"api_errors.validation"

        [0m [90m 767 
|[39m
         [90m 768 
|[39m     
[36mif[39m ([33m![3
9mimageBase64 
[33m||[39m 
[36mtypeof[39m 
imageBase64 
[33m!==[39m 
[32m'string'[39m 
[33m||[39m [33m![39
mimageBase64[33m.[39m
startsWith([32m'data:i
mage/'[39m)) {
        [31m[1m>[22m
[39m[90m 769 |[39m  
     [36mthrow[39m 
[36mnew[39m 
[33mApiError[39m(
         [90m     
|[39m             
[31m[1m^[22m[39m
         [90m 770 
|[39m         [32m'ap
i_errors.validation'[3
9m[33m,[39m
         [90m 771 
|[39m         [32m'VA
LIDATION'[39m[33m,[3
9m
         [90m 772 
|[39m         undefine
d[33m,[39m[0m

      at 
ApiService.<anonymous> 
(services/api.ts:769:13
)
      at 
asyncGeneratorStep (nod
e_modules/@babel/runtim
e/helpers/asyncToGenera
tor.js:3:17)
      at _next (node_mo
dules/@babel/runtime/he
lpers/asyncToGenerator.
js:17:9)
      at node_modules/@
babel/runtime/helpers/a
syncToGenerator.js:22:7
      at 
ApiService.<anonymous> 
(node_modules/@babel/ru
ntime/helpers/asyncToGe
nerator.js:14:12)
      at 
ApiService.apply [as 
analyzeScanWithN8n] (se
rvices/api.ts:757:34)
      at Object.analyze
ScanWithN8n (__tests__/
services/api.test.ts:57
9:20)
      at 
asyncGeneratorStep (nod
e_modules/@babel/runtim
e/helpers/asyncToGenera
tor.js:3:17)
      at _next (node_mo
dules/@babel/runtime/he
lpers/asyncToGenerator.
js:17:9)
      at node_modules/@
babel/runtime/helpers/a
syncToGenerator.js:22:7
      at 
Object.<anonymous> (nod
e_modules/@babel/runtim
e/helpers/asyncToGenera
tor.js:14:12)
      at 
Object.toThrow (node_mo
dules/expect/build/inde
x.js:2155:20)
      at 
Object.toThrow (__tests
__/services/api.test.ts
:580:17)
      at 
asyncGeneratorStep (nod
e_modules/@babel/runtim
e/helpers/asyncToGenera
tor.js:3:17)
      at _next (node_mo
dules/@babel/runtime/he
lpers/asyncToGenerator.
js:17:9)
      at node_modules/@
babel/runtime/helpers/a
syncToGenerator.js:22:7
      at 
Object.<anonymous> (nod
e_modules/@babel/runtim
e/helpers/asyncToGenera
tor.js:14:12)

  ÔùÅ ApiService ÔÇ║ 
createScanWithAnalysis 
ÔÇ║ returns scan 
without analysis when 
analysis fails

    TypeError: _supabas
e.supabase.storage.from
(...).createSignedUrl 
is not a function

    [0m [90m 731 
|[39m     
[36mconst[39m { 
data[33m:[39m signedU
rlData[33m,[39m 
error[33m:[39m 
signedUrlError } 
[33m=[39m 
[36mawait[39m supabas
e[33m.[39mstorage
     [90m 732 |[39m  
     [33m.[39m[36mfr
om[39m([33mSTORAGE_BU
CKET_NAME[39m)
    [31m[1m>[22m[39
m[90m 733 |[39m      
 [33m.[39mcreateSigne
dUrl(fileName[33m,[39
m [35m3600[39m)[33m;
[39m [90m// URL 
valide 1 heure[39m
     [90m     |[39m  
      
[31m[1m^[22m[39m
     [90m 734 |[39m
     [90m 735 |[39m  
   [36mif[39m 
(signedUrlError 
[33m||[39m [33m![39
msignedUrlData[33m?[3
9m[33m.[39msignedUrl)
 {
     [90m 736 |[39m  
     [36mthrow[39m 
[36mnew[39m [33mErro
r[39m([32m'Impossible
 de g├®n├®rer une URL 
sign├®e pour l\'image'
[39m)[33m;[39m[0m

      at ApiService.cre
ateSignedUrl 
(services/api.ts:733:8)
      at 
asyncGeneratorStep (nod
e_modules/@babel/runtim
e/helpers/asyncToGenera
tor.js:3:17)
      at _next (node_mo
dules/@babel/runtime/he
lpers/asyncToGenerator.
js:17:9)

  ÔùÅ ApiService ÔÇ║ 
createScanWithAnalysis 
ÔÇ║ uploads image 
using ImageManipulator 
base64

    TypeError: _supabas
e.supabase.storage.from
(...).createSignedUrl 
is not a function

    [0m [90m 731 
|[39m     
[36mconst[39m { 
data[33m:[39m signedU
rlData[33m,[39m 
error[33m:[39m 
signedUrlError } 
[33m=[39m 
[36mawait[39m supabas
e[33m.[39mstorage
     [90m 732 |[39m  
     [33m.[39m[36mfr
om[39m([33mSTORAGE_BU
CKET_NAME[39m)
    [31m[1m>[22m[39
m[90m 733 |[39m      
 [33m.[39mcreateSigne
dUrl(fileName[33m,[39
m [35m3600[39m)[33m;
[39m [90m// URL 
valide 1 heure[39m
     [90m     |[39m  
      
[31m[1m^[22m[39m
     [90m 734 |[39m
     [90m 735 |[39m  
   [36mif[39m 
(signedUrlError 
[33m||[39m [33m![39
msignedUrlData[33m?[3
9m[33m.[39msignedUrl)
 {
     [90m 736 |[39m  
     [36mthrow[39m 
[36mnew[39m [33mErro
r[39m([32m'Impossible
 de g├®n├®rer une URL 
sign├®e pour l\'image'
[39m)[33m;[39m[0m

      at ApiService.cre
ateSignedUrl 
(services/api.ts:733:8)
      at 
asyncGeneratorStep (nod
e_modules/@babel/runtim
e/helpers/asyncToGenera
tor.js:3:17)
      at _next (node_mo
dules/@babel/runtime/he
lpers/asyncToGenerator.
js:17:9)

FAIL __tests__/componen
ts/FeatureGate.test.tsx
  ÔùÅ FeatureGate ÔÇ║ 
renders gate UI when 
user is not premium 
and no fallback

    Unable to find an 
element with text: 
Fonctionnalit├® Premium

    [36m<View>[39m
      [36m<View>[39m
        
[36m<View>[39m
          [36m<Lock 
/>[39m
        
[36m</View>[39m
        
[36m<View>[39m
          [36m<Crown 
/>[39m
        
[36m</View>[39m
      [36m</View>[39m
      [36m<View>[39m
        
[36m<View>[39m
          [36m<Crown 
/>[39m
        
[36m</View>[39m
        
[36m<Text>[39m
          [0mcomponent
s.feature_gate.title[0
m
        
[36m</Text>[39m
      [36m</View>[39m
      [36m<Text>[39m
        [0mTest 
Feature[0m
      [36m</Text>[39m
      [36m<View[39m
        [33maccessible
[39m=[32m{true}[39m
      [36m>[39m
        [36m<Crown 
/>[39m
        
[36m<Text>[39m
          [0mcomponent
s.feature_gate.upgrade_
btn[0m
        
[36m</Text>[39m
      [36m</View>[39m
      [36m<Text>[39m
        [0mcomponents.
feature_gate.hint[0m
      [36m</Text>[39m
    [36m</View>[39m

    [0m [90m 72 
|[39m     )[33m;[39m
     [90m 73 |[39m   
  
    [31m[1m>[22m[39
m[90m 74 |[39m     ex
pect(screen[33m.[39mg
etByText([32m'Fonction
nalit├® Premium'[39m))
[33m.[39mtoBeTruthy()
[33m;[39m
     [90m    |[39m   
                
[31m[1m^[22m[39m
     [90m 75 |[39m   
  expect(screen[33m.[
39mgetByText([32m'Test
 Feature'[39m))[33m.
[39mtoBeTruthy()[33m;
[39m
     [90m 76 |[39m   
  expect(screen[33m.[
39mgetByText([32m'Pass
er ├á Premium'[39m))[
33m.[39mtoBeTruthy()[
33m;[39m
     [90m 77 |[39m   
})[33m;[39m[0m

      at 
Object.getByText (__tes
ts__/components/Feature
Gate.test.tsx:74:19)

  ÔùÅ FeatureGate ÔÇ║ 
navigates to premium 
upgrade when button is 
pressed

    Unable to find an 
element with text: 
Passer ├á Premium

    [36m<View>[39m
      [36m<View>[39m
        
[36m<View>[39m
          [36m<Lock 
/>[39m
        
[36m</View>[39m
        
[36m<View>[39m
          [36m<Crown 
/>[39m
        
[36m</View>[39m
      [36m</View>[39m
      [36m<View>[39m
        
[36m<View>[39m
          [36m<Crown 
/>[39m
        
[36m</View>[39m
        
[36m<Text>[39m
          [0mcomponent
s.feature_gate.title[0
m
        
[36m</Text>[39m
      [36m</View>[39m
      [36m<Text>[39m
        [0mTest 
Feature[0m
      [36m</Text>[39m
      [36m<View[39m
        [33maccessible
[39m=[32m{true}[39m
      [36m>[39m
        [36m<Crown 
/>[39m
        
[36m<Text>[39m
          [0mcomponent
s.feature_gate.upgrade_
btn[0m
        
[36m</Text>[39m
      [36m</View>[39m
      [36m<Text>[39m
        [0mcomponents.
feature_gate.hint[0m
      [36m</Text>[39m
    [36m</View>[39m

    [0m [90m 106 
|[39m     )[33m;[39m
     [90m 107 |[39m  
   
    [31m[1m>[22m[39
m[90m 108 |[39m     f
ireEvent[33m.[39mpres
s(screen[33m.[39mgetB
yText([32m'Passer ├á P
remium'[39m))[33m;[3
9m
     [90m     |[39m  
                       
   [31m[1m^[22m[39m
     [90m 109 |[39m  
   
     [90m 110 |[39m  
   expect(mockPush)[33
m.[39mtoHaveBeenCalled
With([32m'/premium-upg
rade'[39m)[33m;[39m
     [90m 111 |[39m  
 })[33m;[39m[0m

      at 
Object.getByText (__tes
ts__/components/Feature
Gate.test.tsx:108:28)

  ÔùÅ FeatureGate ÔÇ║ 
displays hint text for 
premium upgrade

    Unable to find an 
element with text: 
D├®bloquez cette 
fonctionnalit├® et 
bien plus encore

    [36m<View>[39m
      [36m<View>[39m
        
[36m<View>[39m
          [36m<Lock 
/>[39m
        
[36m</View>[39m
        
[36m<View>[39m
          [36m<Crown 
/>[39m
        
[36m</View>[39m
      [36m</View>[39m
      [36m<View>[39m
        
[36m<View>[39m
          [36m<Crown 
/>[39m
        
[36m</View>[39m
        
[36m<Text>[39m
          [0mcomponent
s.feature_gate.title[0
m
        
[36m</Text>[39m
      [36m</View>[39m
      [36m<Text>[39m
        [0mTest 
Feature[0m
      [36m</Text>[39m
      [36m<View[39m
        [33maccessible
[39m=[32m{true}[39m
      [36m>[39m
        [36m<Crown 
/>[39m
        
[36m<Text>[39m
          [0mcomponent
s.feature_gate.upgrade_
btn[0m
        
[36m</Text>[39m
      [36m</View>[39m
      [36m<Text>[39m
        [0mcomponents.
feature_gate.hint[0m
      [36m</Text>[39m
    [36m</View>[39m

    [0m [90m 122 
|[39m     )[33m;[39m
     [90m 123 |[39m  
   
    [31m[1m>[22m[39
m[90m 124 |[39m     e
xpect(screen[33m.[39m
getByText([32m'D├®bloq
uez cette 
fonctionnalit├® et 
bien plus encore'[39m)
)[33m.[39mtoBeTruthy(
)[33m;[39m
     [90m     |[39m  
                 
[31m[1m^[22m[39m
     [90m 125 |[39m  
 })[33m;[39m
     [90m 126 |[39m 
})[33m;[39m
     [90m 127 
|[39m[0m

      at 
Object.getByText (__tes
ts__/components/Feature
Gate.test.tsx:124:19)

FAIL __tests__/componen
ts/FeatureComparisonLis
t.test.tsx
  ÔùÅ 
FeatureComparisonList 
ÔÇ║ displays feature 
names

    Unable to find an 
element with text: 
Scan illimit├®

    [36m<View>[39m
      [36m<View>[39m
        
[36m<Text>[39m
          [0mpremium_f
eatures.categories.Scan
s[0m
        
[36m</Text>[39m
        
[36m<View>[39m
          
[36m<View>[39m
            
[36m<Text>[39m
              [0mpremi
um_features.list.undefi
ned.title[0m
            
[36m</Text>[39m
            
[36m<Text>[39m
              [0mpremi
um_features.list.undefi
ned.description[0m
            
[36m</Text>[39m
          
[36m</View>[39m
          
[36m<View>[39m
            
[36m<View>[39m
              
[36m<Text>[39m
                [0mcom
ponents.feature_list.fr
ee[0m
              
[36m</Text>[39m
              
[36m<View>[39m
                
[36m<Text>[39m
                  [0mp
remium_features.list.un
defined.free[0m
                
[36m</Text>[39m
              
[36m</View>[39m
            
[36m</View>[39m
            [36m<View 
/>[39m
            
[36m<View>[39m
              
[36m<View>[39m
                
[36m<Text>[39m
                  [0mc
omponents.feature_list.
premium[0m
                
[36m</Text>[39m
                
[36m<Sparkles />[39m
              
[36m</View>[39m
              
[36m<View>[39m
                
[36m<Text>[39m
                  [0mp
remium_features.list.un
defined.premium[0m
                
[36m</Text>[39m
              
[36m</View>[39m
            
[36m</View>[39m
          
[36m</View>[39m
        
[36m</View>[39m
        
[36m<View>[39m
          
[36m<View>[39m
            
[36m<Text>[39m
              [0mpremi
um_features.list.undefi
ned.title[0m
            
[36m</Text>[39m
            
[36m<Text>[39m
              [0mpremi
um_features.list.undefi
ned.description[0m
            
[36m</Text>[39m
          
[36m</View>[39m
          
[36m<View>[39m
            
[36m<View>[39m
              
[36m<Text>[39m
                [0mcom
ponents.feature_list.fr
ee[0m
              
[36m</Text>[39m
              
[36m<View>[39m
                
[36m<Text>[39m
                  [0mp
remium_features.list.un
defined.free[0m
                
[36m</Text>[39m
              
[36m</View>[39m
            
[36m</View>[39m
            [36m<View 
/>[39m
            
[36m<View>[39m
              
[36m<View>[39m
                
[36m<Text>[39m
                  [0mc
omponents.feature_list.
premium[0m
                
[36m</Text>[39m
                
[36m<Sparkles />[39m
              
[36m</View>[39m
              
[36m<View>[39m
                
[36m<Text>[39m
                  [0mp
remium_features.list.un
defined.premium[0m
                
[36m</Text>[39m
              
[36m</View>[39m
            
[36m</View>[39m
          
[36m</View>[39m
        
[36m</View>[39m
      [36m</View>[39m
      [36m<View>[39m
        
[36m<Text>[39m
          [0mpremium_f
eatures.categories.Rece
ttes[0m
        
[36m</Text>[39m
        
[36m<View>[39m
          
[36m<View>[39m
            
[36m<Text>[39m
              [0mpremi
um_features.list.undefi
ned.title[0m
            
[36m</Text>[39m
            
[36m<Text>[39m
              [0mpremi
um_features.list.undefi
ned.description[0m
            
[36m</Text>[39m
          
[36m</View>[39m
          
[36m<View>[39m
            
[36m<View>[39m
              
[36m<Text>[39m
                [0mcom
ponents.feature_list.fr
ee[0m
              
[36m</Text>[39m
              
[36m<View>[39m
                
[36m<Text>[39m
                  [0mp
remium_features.list.un
defined.free[0m
                
[36m</Text>[39m
              
[36m</View>[39m
            
[36m</View>[39m
            [36m<View 
/>[39m
            
[36m<View>[39m
              
[36m<View>[39m
                
[36m<Text>[39m
                  [0mc
omponents.feature_list.
premium[0m
                
[36m</Text>[39m
                
[36m<Sparkles />[39m
              
[36m</View>[39m
              
[36m<View>[39m
                
[36m<Text>[39m
                  [0mp
remium_features.list.un
defined.premium[0m
                
[36m</Text>[39m
              
[36m</View>[39m
            
[36m</View>[39m
          
[36m</View>[39m
        
[36m</View>[39m
      [36m</View>[39m
    [36m</View>[39m

    [0m [90m 50 
|[39m     render([33m
<[39m[33mFeatureCompa
risonList[39m features
[33m=[39m{mockFeature
s} [33m/[39m[33m>[3
9m)[33m;[39m
     [90m 51 |[39m   
  
    [31m[1m>[22m[39
m[90m 52 |[39m     ex
pect(screen[33m.[39mg
etByText([32m'Scan ill
imit├®'[39m))[33m.[3
9mtoBeTruthy()[33m;[3
9m
     [90m    |[39m   
                
[31m[1m^[22m[39m
     [90m 53 |[39m   
  expect(screen[33m.[
39mgetByText([32m'Hist
orique'[39m))[33m.[3
9mtoBeTruthy()[33m;[3
9m
     [90m 54 |[39m   
  expect(screen[33m.[
39mgetByText([32m'Rece
ttes personnalis├®es'[
39m))[33m.[39mtoBeTru
thy()[33m;[39m
     [90m 55 |[39m   
})[33m;[39m[0m

      at 
Object.getByText (__tes
ts__/components/Feature
ComparisonList.test.tsx
:52:19)

  ÔùÅ 
FeatureComparisonList 
ÔÇ║ displays feature 
descriptions

    Unable to find an 
element with text: 
Scannez autant de 
produits que vous 
voulez

    [36m<View>[39m
      [36m<View>[39m
        
[36m<Text>[39m
          [0mpremium_f
eatures.categories.Scan
s[0m
        
[36m</Text>[39m
        
[36m<View>[39m
          
[36m<View>[39m
            
[36m<Text>[39m
              [0mpremi
um_features.list.undefi
ned.title[0m
            
[36m</Text>[39m
            
[36m<Text>[39m
              [0mpremi
um_features.list.undefi
ned.description[0m
            
[36m</Text>[39m
          
[36m</View>[39m
          
[36m<View>[39m
            
[36m<View>[39m
              
[36m<Text>[39m
                [0mcom
ponents.feature_list.fr
ee[0m
              
[36m</Text>[39m
              
[36m<View>[39m
                
[36m<Text>[39m
                  [0mp
remium_features.list.un
defined.free[0m
                
[36m</Text>[39m
              
[36m</View>[39m
            
[36m</View>[39m
            [36m<View 
/>[39m
            
[36m<View>[39m
              
[36m<View>[39m
                
[36m<Text>[39m
                  [0mc
omponents.feature_list.
premium[0m
                
[36m</Text>[39m
                
[36m<Sparkles />[39m
              
[36m</View>[39m
              
[36m<View>[39m
                
[36m<Text>[39m
                  [0mp
remium_features.list.un
defined.premium[0m
                
[36m</Text>[39m
              
[36m</View>[39m
            
[36m</View>[39m
          
[36m</View>[39m
        
[36m</View>[39m
        
[36m<View>[39m
          
[36m<View>[39m
            
[36m<Text>[39m
              [0mpremi
um_features.list.undefi
ned.title[0m
            
[36m</Text>[39m
            
[36m<Text>[39m
              [0mpremi
um_features.list.undefi
ned.description[0m
            
[36m</Text>[39m
          
[36m</View>[39m
          
[36m<View>[39m
            
[36m<View>[39m
              
[36m<Text>[39m
                [0mcom
ponents.feature_list.fr
ee[0m
              
[36m</Text>[39m
              
[36m<View>[39m
                
[36m<Text>[39m
                  [0mp
remium_features.list.un
defined.free[0m
                
[36m</Text>[39m
              
[36m</View>[39m
            
[36m</View>[39m
            [36m<View 
/>[39m
            
[36m<View>[39m
              
[36m<View>[39m
                
[36m<Text>[39m
                  [0mc
omponents.feature_list.
premium[0m
                
[36m</Text>[39m
                
[36m<Sparkles />[39m
              
[36m</View>[39m
              
[36m<View>[39m
                
[36m<Text>[39m
                  [0mp
remium_features.list.un
defined.premium[0m
                
[36m</Text>[39m
              
[36m</View>[39m
            
[36m</View>[39m
          
[36m</View>[39m
        
[36m</View>[39m
      [36m</View>[39m
      [36m<View>[39m
        
[36m<Text>[39m
          [0mpremium_f
eatures.categories.Rece
ttes[0m
        
[36m</Text>[39m
        
[36m<View>[39m
          
[36m<View>[39m
            
[36m<Text>[39m
              [0mpremi
um_features.list.undefi
ned.title[0m
            
[36m</Text>[39m
            
[36m<Text>[39m
              [0mpremi
um_features.list.undefi
ned.description[0m
            
[36m</Text>[39m
          
[36m</View>[39m
          
[36m<View>[39m
            
[36m<View>[39m
              
[36m<Text>[39m
                [0mcom
ponents.feature_list.fr
ee[0m
              
[36m</Text>[39m
              
[36m<View>[39m
                
[36m<Text>[39m
                  [0mp
remium_features.list.un
defined.free[0m
                
[36m</Text>[39m
              
[36m</View>[39m
            
[36m</View>[39m
            [36m<View 
/>[39m
            
[36m<View>[39m
              
[36m<View>[39m
                
[36m<Text>[39m
                  [0mc
omponents.feature_list.
premium[0m
                
[36m</Text>[39m
                
[36m<Sparkles />[39m
              
[36m</View>[39m
              
[36m<View>[39m
                
[36m<Text>[39m
                  [0mp
remium_features.list.un
defined.premium[0m
                
[36m</Text>[39m
              
[36m</View>[39m
            
[36m</View>[39m
          
[36m</View>[39m
        
[36m</View>[39m
      [36m</View>[39m
    [36m</View>[39m

    [0m [90m 58 
|[39m     render([33m
<[39m[33mFeatureCompa
risonList[39m features
[33m=[39m{mockFeature
s} [33m/[39m[33m>[3
9m)[33m;[39m
     [90m 59 |[39m   
  
    [31m[1m>[22m[39
m[90m 60 |[39m     ex
pect(screen[33m.[39mg
etByText([32m'Scannez 
autant de produits que 
vous voulez'[39m))[33
m.[39mtoBeTruthy()[33
m;[39m
     [90m    |[39m   
                
[31m[1m^[22m[39m
     [90m 61 |[39m   
  expect(screen[33m.[
39mgetByText([32m'Des 
recettes adapt├®es ├á 
vos besoins'[39m))[33
m.[39mtoBeTruthy()[33
m;[39m
     [90m 62 |[39m   
})[33m;[39m
     [90m 63 
|[39m[0m

      at 
Object.getByText (__tes
ts__/components/Feature
ComparisonList.test.tsx
:60:19)

  ÔùÅ 
FeatureComparisonList 
ÔÇ║ displays category 
titles

    Unable to find an 
element with text: 
Scans

    [36m<View>[39m
      [36m<View>[39m
        
[36m<Text>[39m
          [0mpremium_f
eatures.categories.Scan
s[0m
        
[36m</Text>[39m
        
[36m<View>[39m
          
[36m<View>[39m
            
[36m<Text>[39m
              [0mpremi
um_features.list.undefi
ned.title[0m
            
[36m</Text>[39m
            
[36m<Text>[39m
              [0mpremi
um_features.list.undefi
ned.description[0m
            
[36m</Text>[39m
          
[36m</View>[39m
          
[36m<View>[39m
            
[36m<View>[39m
              
[36m<Text>[39m
                [0mcom
ponents.feature_list.fr
ee[0m
              
[36m</Text>[39m
              
[36m<View>[39m
                
[36m<Text>[39m
                  [0mp
remium_features.list.un
defined.free[0m
                
[36m</Text>[39m
              
[36m</View>[39m
            
[36m</View>[39m
            [36m<View 
/>[39m
            
[36m<View>[39m
              
[36m<View>[39m
                
[36m<Text>[39m
                  [0mc
omponents.feature_list.
premium[0m
                
[36m</Text>[39m
                
[36m<Sparkles />[39m
              
[36m</View>[39m
              
[36m<View>[39m
                
[36m<Text>[39m
                  [0mp
remium_features.list.un
defined.premium[0m
                
[36m</Text>[39m
              
[36m</View>[39m
            
[36m</View>[39m
          
[36m</View>[39m
        
[36m</View>[39m
        
[36m<View>[39m
          
[36m<View>[39m
            
[36m<Text>[39m
              [0mpremi
um_features.list.undefi
ned.title[0m
            
[36m</Text>[39m
            
[36m<Text>[39m
              [0mpremi
um_features.list.undefi
ned.description[0m
            
[36m</Text>[39m
          
[36m</View>[39m
          
[36m<View>[39m
            
[36m<View>[39m
              
[36m<Text>[39m
                [0mcom
ponents.feature_list.fr
ee[0m
              
[36m</Text>[39m
              
[36m<View>[39m
                
[36m<Text>[39m
                  [0mp
remium_features.list.un
defined.free[0m
                
[36m</Text>[39m
              
[36m</View>[39m
            
[36m</View>[39m
            [36m<View 
/>[39m
            
[36m<View>[39m
              
[36m<View>[39m
                
[36m<Text>[39m
                  [0mc
omponents.feature_list.
premium[0m
                
[36m</Text>[39m
                
[36m<Sparkles />[39m
              
[36m</View>[39m
              
[36m<View>[39m
                
[36m<Text>[39m
                  [0mp
remium_features.list.un
defined.premium[0m
                
[36m</Text>[39m
              
[36m</View>[39m
            
[36m</View>[39m
          
[36m</View>[39m
        
[36m</View>[39m
      [36m</View>[39m
      [36m<View>[39m
        
[36m<Text>[39m
          [0mpremium_f
eatures.categories.Rece
ttes[0m
        
[36m</Text>[39m
        
[36m<View>[39m
          
[36m<View>[39m
            
[36m<Text>[39m
              [0mpremi
um_features.list.undefi
ned.title[0m
            
[36m</Text>[39m
            
[36m<Text>[39m
              [0mpremi
um_features.list.undefi
ned.description[0m
            
[36m</Text>[39m
          
[36m</View>[39m
          
[36m<View>[39m
            
[36m<View>[39m
              
[36m<Text>[39m
                [0mcom
ponents.feature_list.fr
ee[0m
              
[36m</Text>[39m
              
[36m<View>[39m
                
[36m<Text>[39m
                  [0mp
remium_features.list.un
defined.free[0m
                
[36m</Text>[39m
              
[36m</View>[39m
            
[36m</View>[39m
            [36m<View 
/>[39m
            
[36m<View>[39m
              
[36m<View>[39m
                
[36m<Text>[39m
                  [0mc
omponents.feature_list.
premium[0m
                
[36m</Text>[39m
                
[36m<Sparkles />[39m
              
[36m</View>[39m
              
[36m<View>[39m
                
[36m<Text>[39m
                  [0mp
remium_features.list.un
defined.premium[0m
                
[36m</Text>[39m
              
[36m</View>[39m
            
[36m</View>[39m
          
[36m</View>[39m
        
[36m</View>[39m
      [36m</View>[39m
    [36m</View>[39m

    [0m [90m 65 
|[39m     render([33m
<[39m[33mFeatureCompa
risonList[39m features
[33m=[39m{mockFeature
s} [33m/[39m[33m>[3
9m)[33m;[39m
     [90m 66 |[39m   
  
    [31m[1m>[22m[39
m[90m 67 |[39m     ex
pect(screen[33m.[39mg
etByText([32m'Scans'[
39m))[33m.[39mtoBeTru
thy()[33m;[39m
     [90m    |[39m   
                
[31m[1m^[22m[39m
     [90m 68 |[39m   
  expect(screen[33m.[
39mgetByText([32m'Rece
ttes'[39m))[33m.[39m
toBeTruthy()[33m;[39m
     [90m 69 |[39m   
})[33m;[39m
     [90m 70 
|[39m[0m

      at 
Object.getByText (__tes
ts__/components/Feature
ComparisonList.test.tsx
:67:19)

  ÔùÅ 
FeatureComparisonList 
ÔÇ║ displays tier 
labels

    Unable to find an 
element with text: 
Gratuit

    [36m<View>[39m
      [36m<View>[39m
        
[36m<Text>[39m
          [0mpremium_f
eatures.categories.Scan
s[0m
        
[36m</Text>[39m
        
[36m<View>[39m
          
[36m<View>[39m
            
[36m<Text>[39m
              [0mpremi
um_features.list.undefi
ned.title[0m
            
[36m</Text>[39m
            
[36m<Text>[39m
              [0mpremi
um_features.list.undefi
ned.description[0m
            
[36m</Text>[39m
          
[36m</View>[39m
          
[36m<View>[39m
            
[36m<View>[39m
              
[36m<Text>[39m
                [0mcom
ponents.feature_list.fr
ee[0m
              
[36m</Text>[39m
              
[36m<View>[39m
                
[36m<Text>[39m
                  [0mp
remium_features.list.un
defined.free[0m
                
[36m</Text>[39m
              
[36m</View>[39m
            
[36m</View>[39m
            [36m<View 
/>[39m
            
[36m<View>[39m
              
[36m<View>[39m
                
[36m<Text>[39m
                  [0mc
omponents.feature_list.
premium[0m
                
[36m</Text>[39m
                
[36m<Sparkles />[39m
              
[36m</View>[39m
              
[36m<View>[39m
                
[36m<Text>[39m
                  [0mp
remium_features.list.un
defined.premium[0m
                
[36m</Text>[39m
              
[36m</View>[39m
            
[36m</View>[39m
          
[36m</View>[39m
        
[36m</View>[39m
        
[36m<View>[39m
          
[36m<View>[39m
            
[36m<Text>[39m
              [0mpremi
um_features.list.undefi
ned.title[0m
            
[36m</Text>[39m
            
[36m<Text>[39m
              [0mpremi
um_features.list.undefi
ned.description[0m
            
[36m</Text>[39m
          
[36m</View>[39m
          
[36m<View>[39m
            
[36m<View>[39m
              
[36m<Text>[39m
                [0mcom
ponents.feature_list.fr
ee[0m
              
[36m</Text>[39m
              
[36m<View>[39m
                
[36m<Text>[39m
                  [0mp
remium_features.list.un
defined.free[0m
                
[36m</Text>[39m
              
[36m</View>[39m
            
[36m</View>[39m
            [36m<View 
/>[39m
            
[36m<View>[39m
              
[36m<View>[39m
                
[36m<Text>[39m
                  [0mc
omponents.feature_list.
premium[0m
                
[36m</Text>[39m
                
[36m<Sparkles />[39m
              
[36m</View>[39m
              
[36m<View>[39m
                
[36m<Text>[39m
                  [0mp
remium_features.list.un
defined.premium[0m
                
[36m</Text>[39m
              
[36m</View>[39m
            
[36m</View>[39m
          
[36m</View>[39m
        
[36m</View>[39m
      [36m</View>[39m
      [36m<View>[39m
        
[36m<Text>[39m
          [0mpremium_f
eatures.categories.Rece
ttes[0m
        
[36m</Text>[39m
        
[36m<View>[39m
          
[36m<View>[39m
            
[36m<Text>[39m
              [0mpremi
um_features.list.undefi
ned.title[0m
            
[36m</Text>[39m
            
[36m<Text>[39m
              [0mpremi
um_features.list.undefi
ned.description[0m
            
[36m</Text>[39m
          
[36m</View>[39m
          
[36m<View>[39m
            
[36m<View>[39m
              
[36m<Text>[39m
                [0mcom
ponents.feature_list.fr
ee[0m
              
[36m</Text>[39m
              
[36m<View>[39m
                
[36m<Text>[39m
                  [0mp
remium_features.list.un
defined.free[0m
                
[36m</Text>[39m
              
[36m</View>[39m
            
[36m</View>[39m
            [36m<View 
/>[39m
            
[36m<View>[39m
              
[36m<View>[39m
                
[36m<Text>[39m
                  [0mc
omponents.feature_list.
premium[0m
                
[36m</Text>[39m
                
[36m<Sparkles />[39m
              
[36m</View>[39m
              
[36m<View>[39m
                
[36m<Text>[39m
                  [0mp
remium_features.list.un
defined.premium[0m
                
[36m</Text>[39m
              
[36m</View>[39m
            
[36m</View>[39m
          
[36m</View>[39m
        
[36m</View>[39m
      [36m</View>[39m
    [36m</View>[39m

    [0m [90m 72 
|[39m     render([33m
<[39m[33mFeatureCompa
risonList[39m features
[33m=[39m{mockFeature
s} [33m/[39m[33m>[3
9m)[33m;[39m
     [90m 73 |[39m   
  
    [31m[1m>[22m[39
m[90m 74 |[39m     ex
pect(screen[33m.[39mg
etAllByText([32m'Gratu
it'[39m)[33m.[39mlen
gth)[33m.[39mtoBeGrea
terThan([35m0[39m)[3
3m;[39m
     [90m    |[39m   
                
[31m[1m^[22m[39m
     [90m 75 |[39m   
  expect(screen[33m.[
39mgetAllByText([32m'P
remium'[39m)[33m.[39
mlength)[33m.[39mtoBe
GreaterThan([35m0[39m
)[33m;[39m
     [90m 76 |[39m   
})[33m;[39m
     [90m 77 
|[39m[0m

      at 
Object.getAllByText (__
tests__/components/Feat
ureComparisonList.test.
tsx:74:19)

  ÔùÅ 
FeatureComparisonList 
ÔÇ║ displays tier 
descriptions

    Unable to find an 
element with text: 3 
par jour

    [36m<View>[39m
      [36m<View>[39m
        
[36m<Text>[39m
          [0mpremium_f
eatures.categories.Scan
s[0m
        
[36m</Text>[39m
        
[36m<View>[39m
          
[36m<View>[39m
            
[36m<Text>[39m
              [0mpremi
um_features.list.undefi
ned.title[0m
            
[36m</Text>[39m
            
[36m<Text>[39m
              [0mpremi
um_features.list.undefi
ned.description[0m
            
[36m</Text>[39m
          
[36m</View>[39m
          
[36m<View>[39m
            
[36m<View>[39m
              
[36m<Text>[39m
                [0mcom
ponents.feature_list.fr
ee[0m
              
[36m</Text>[39m
              
[36m<View>[39m
                
[36m<Text>[39m
                  [0mp
remium_features.list.un
defined.free[0m
                
[36m</Text>[39m
              
[36m</View>[39m
            
[36m</View>[39m
            [36m<View 
/>[39m
            
[36m<View>[39m
              
[36m<View>[39m
                
[36m<Text>[39m
                  [0mc
omponents.feature_list.
premium[0m
                
[36m</Text>[39m
                
[36m<Sparkles />[39m
              
[36m</View>[39m
              
[36m<View>[39m
                
[36m<Text>[39m
                  [0mp
remium_features.list.un
defined.premium[0m
                
[36m</Text>[39m
              
[36m</View>[39m
            
[36m</View>[39m
          
[36m</View>[39m
        
[36m</View>[39m
        
[36m<View>[39m
          
[36m<View>[39m
            
[36m<Text>[39m
              [0mpremi
um_features.list.undefi
ned.title[0m
            
[36m</Text>[39m
            
[36m<Text>[39m
              [0mpremi
um_features.list.undefi
ned.description[0m
            
[36m</Text>[39m
          
[36m</View>[39m
          
[36m<View>[39m
            
[36m<View>[39m
              
[36m<Text>[39m
                [0mcom
ponents.feature_list.fr
ee[0m
              
[36m</Text>[39m
              
[36m<View>[39m
                
[36m<Text>[39m
                  [0mp
remium_features.list.un
defined.free[0m
                
[36m</Text>[39m
              
[36m</View>[39m
            
[36m</View>[39m
            [36m<View 
/>[39m
            
[36m<View>[39m
              
[36m<View>[39m
                
[36m<Text>[39m
                  [0mc
omponents.feature_list.
premium[0m
                
[36m</Text>[39m
                
[36m<Sparkles />[39m
              
[36m</View>[39m
              
[36m<View>[39m
                
[36m<Text>[39m
                  [0mp
remium_features.list.un
defined.premium[0m
                
[36m</Text>[39m
              
[36m</View>[39m
            
[36m</View>[39m
          
[36m</View>[39m
        
[36m</View>[39m
      [36m</View>[39m
      [36m<View>[39m
        
[36m<Text>[39m
          [0mpremium_f
eatures.categories.Rece
ttes[0m
        
[36m</Text>[39m
        
[36m<View>[39m
          
[36m<View>[39m
            
[36m<Text>[39m
              [0mpremi
um_features.list.undefi
ned.title[0m
            
[36m</Text>[39m
            
[36m<Text>[39m
              [0mpremi
um_features.list.undefi
ned.description[0m
            
[36m</Text>[39m
          
[36m</View>[39m
          
[36m<View>[39m
            
[36m<View>[39m
              
[36m<Text>[39m
                [0mcom
ponents.feature_list.fr
ee[0m
              
[36m</Text>[39m
              
[36m<View>[39m
                
[36m<Text>[39m
                  [0mp
remium_features.list.un
defined.free[0m
                
[36m</Text>[39m
              
[36m</View>[39m
            
[36m</View>[39m
            [36m<View 
/>[39m
            
[36m<View>[39m
              
[36m<View>[39m
                
[36m<Text>[39m
                  [0mc
omponents.feature_list.
premium[0m
                
[36m</Text>[39m
                
[36m<Sparkles />[39m
              
[36m</View>[39m
              
[36m<View>[39m
                
[36m<Text>[39m
                  [0mp
remium_features.list.un
defined.premium[0m
                
[36m</Text>[39m
              
[36m</View>[39m
            
[36m</View>[39m
          
[36m</View>[39m
        
[36m</View>[39m
      [36m</View>[39m
    [36m</View>[39m

    [0m [90m 79 
|[39m     render([33m
<[39m[33mFeatureCompa
risonList[39m features
[33m=[39m{mockFeature
s} [33m/[39m[33m>[3
9m)[33m;[39m
     [90m 80 |[39m   
  
    [31m[1m>[22m[39
m[90m 81 |[39m     ex
pect(screen[33m.[39mg
etByText([32m'3 par jo
ur'[39m))[33m.[39mto
BeTruthy()[33m;[39m
     [90m    |[39m   
                
[31m[1m^[22m[39m
     [90m 82 |[39m   
  expect(screen[33m.[
39mgetByText([32m'Illi
mit├®'[39m))[33m.[39
mtoBeTruthy()[33m;[39
m
     [90m 83 |[39m   
})[33m;[39m
     [90m 84 
|[39m[0m

      at 
Object.getByText (__tes
ts__/components/Feature
ComparisonList.test.tsx
:81:19)

  ÔùÅ 
FeatureComparisonList 
ÔÇ║ groups features by 
category

    Unable to find an 
element with text: 
Scans

    [36m<View>[39m
      [36m<View>[39m
        
[36m<Text>[39m
          [0mpremium_f
eatures.categories.Scan
s[0m
        
[36m</Text>[39m
        
[36m<View>[39m
          
[36m<View>[39m
            
[36m<Text>[39m
              [0mpremi
um_features.list.undefi
ned.title[0m
            
[36m</Text>[39m
            
[36m<Text>[39m
              [0mpremi
um_features.list.undefi
ned.description[0m
            
[36m</Text>[39m
          
[36m</View>[39m
          
[36m<View>[39m
            
[36m<View>[39m
              
[36m<Text>[39m
                [0mcom
ponents.feature_list.fr
ee[0m
              
[36m</Text>[39m
              
[36m<View>[39m
                
[36m<Text>[39m
                  [0mp
remium_features.list.un
defined.free[0m
                
[36m</Text>[39m
              
[36m</View>[39m
            
[36m</View>[39m
            [36m<View 
/>[39m
            
[36m<View>[39m
              
[36m<View>[39m
                
[36m<Text>[39m
                  [0mc
omponents.feature_list.
premium[0m
                
[36m</Text>[39m
                
[36m<Sparkles />[39m
              
[36m</View>[39m
              
[36m<View>[39m
                
[36m<Text>[39m
                  [0mp
remium_features.list.un
defined.premium[0m
                
[36m</Text>[39m
              
[36m</View>[39m
            
[36m</View>[39m
          
[36m</View>[39m
        
[36m</View>[39m
        
[36m<View>[39m
          
[36m<View>[39m
            
[36m<Text>[39m
              [0mpremi
um_features.list.undefi
ned.title[0m
            
[36m</Text>[39m
            
[36m<Text>[39m
              [0mpremi
um_features.list.undefi
ned.description[0m
            
[36m</Text>[39m
          
[36m</View>[39m
          
[36m<View>[39m
            
[36m<View>[39m
              
[36m<Text>[39m
                [0mcom
ponents.feature_list.fr
ee[0m
              
[36m</Text>[39m
              
[36m<View>[39m
                
[36m<Text>[39m
                  [0mp
remium_features.list.un
defined.free[0m
                
[36m</Text>[39m
              
[36m</View>[39m
            
[36m</View>[39m
            [36m<View 
/>[39m
            
[36m<View>[39m
              
[36m<View>[39m
                
[36m<Text>[39m
                  [0mc
omponents.feature_list.
premium[0m
                
[36m</Text>[39m
                
[36m<Sparkles />[39m
              
[36m</View>[39m
              
[36m<View>[39m
                
[36m<Text>[39m
                  [0mp
remium_features.list.un
defined.premium[0m
                
[36m</Text>[39m
              
[36m</View>[39m
            
[36m</View>[39m
          
[36m</View>[39m
        
[36m</View>[39m
      [36m</View>[39m
      [36m<View>[39m
        
[36m<Text>[39m
          [0mpremium_f
eatures.categories.Rece
ttes[0m
        
[36m</Text>[39m
        
[36m<View>[39m
          
[36m<View>[39m
            
[36m<Text>[39m
              [0mpremi
um_features.list.undefi
ned.title[0m
            
[36m</Text>[39m
            
[36m<Text>[39m
              [0mpremi
um_features.list.undefi
ned.description[0m
            
[36m</Text>[39m
          
[36m</View>[39m
          
[36m<View>[39m
            
[36m<View>[39m
              
[36m<Text>[39m
                [0mcom
ponents.feature_list.fr
ee[0m
              
[36m</Text>[39m
              
[36m<View>[39m
                
[36m<Text>[39m
                  [0mp
remium_features.list.un
defined.free[0m
                
[36m</Text>[39m
              
[36m</View>[39m
            
[36m</View>[39m
            [36m<View 
/>[39m
            
[36m<View>[39m
              
[36m<View>[39m
                
[36m<Text>[39m
                  [0mc
omponents.feature_list.
premium[0m
                
[36m</Text>[39m
                
[36m<Sparkles />[39m
              
[36m</View>[39m
              
[36m<View>[39m
                
[36m<Text>[39m
                  [0mp
remium_features.list.un
defined.premium[0m
                
[36m</Text>[39m
              
[36m</View>[39m
            
[36m</View>[39m
          
[36m</View>[39m
        
[36m</View>[39m
      [36m</View>[39m
    [36m</View>[39m

    [0m [90m 93 
|[39m     
     [90m 94 |[39m   
  [90m// Two 
categories: Scans and 
Recettes[39m
    [31m[1m>[22m[39
m[90m 95 |[39m     ex
pect(screen[33m.[39mg
etByText([32m'Scans'[
39m))[33m.[39mtoBeTru
thy()[33m;[39m
     [90m    |[39m   
                
[31m[1m^[22m[39m
     [90m 96 |[39m   
  expect(screen[33m.[
39mgetByText([32m'Rece
ttes'[39m))[33m.[39m
toBeTruthy()[33m;[39m
     [90m 97 |[39m   
})[33m;[39m
     [90m 98 |[39m 
})[33m;[39m[0m

      at 
Object.getByText (__tes
ts__/components/Feature
ComparisonList.test.tsx
:95:19)

FAIL __tests__/screens/
EmailVerificationScreen
.test.tsx
  ÔùÅ EmailVerification
Screen ÔÇ║ displays 
email verification 
title

    Unable to find an 
element with text: 
Verifiez votre email

    [36m<View>[39m
      [36m<View>[39m
        [36m<View[39m
          [33maccessib
le[39m=[32m{true}[39
m
        [36m>[39m
          
[36m<ArrowLeft />[39m
        
[36m</View>[39m
        
[36m<View>[39m
          
[36m<View>[39m
            [36m<Mail 
/>[39m
          
[36m</View>[39m
          
[36m<Text>[39m
            [0mauth.ve
rify_title[0m
          
[36m</Text>[39m
          
[36m<Text>[39m
            [0mauth.ve
rify_subtitle[0m
          
[36m</Text>[39m
          
[36m<Text>[39m
            [0mtest@ex
ample.com[0m
          
[36m</Text>[39m
        
[36m</View>[39m
        
[36m<View>[39m
          
[36m<TextInput[39m
            [33mvalue
[39m=[32m""[39m
          [36m/>[39m
          
[36m<TextInput[39m
            [33mvalue
[39m=[32m""[39m
          [36m/>[39m
          
[36m<TextInput[39m
            [33mvalue
[39m=[32m""[39m
          [36m/>[39m
          
[36m<TextInput[39m
            [33mvalue
[39m=[32m""[39m
          [36m/>[39m
          
[36m<TextInput[39m
            [33mvalue
[39m=[32m""[39m
          [36m/>[39m
          
[36m<TextInput[39m
            [33mvalue
[39m=[32m""[39m
          [36m/>[39m
        
[36m</View>[39m
        
[36m<View>[39m
          
[36m<Text>[39m
            [0mauth.co
de_expired[0m
            [0m [0m
            
[0m15:00[0m
          
[36m</Text>[39m
        
[36m</View>[39m
        [36m<View[39m
          [33maccessib
ilityState[39m=[32m{
            {
              
"disabled": true,
            }
          }[39m
          [33maccessib
le[39m=[32m{true}[39
m
        [36m>[39m
          
[36m<Text>[39m
            
[0mauth.verify_btn[0m
          
[36m</Text>[39m
        
[36m</View>[39m
        [36m<View[39m
          [33maccessib
ilityState[39m=[32m{
            {
              
"disabled": false,
            }
          }[39m
          [33maccessib
le[39m=[32m{true}[39
m
        [36m>[39m
          
[36m<RefreshCw />[39m
          
[36m<Text>[39m
            [0mauth.re
send_code[0m
          
[36m</Text>[39m
        
[36m</View>[39m
      [36m</View>[39m
    [36m</View>[39m

    [0m [90m 71 
|[39m     render([33m
<[39m[33mEmailVerific
ationScreen[39m [33m/
[39m[33m>[39m)[33m;
[39m
     [90m 72 |[39m   
  
    [31m[1m>[22m[39
m[90m 73 |[39m     ex
pect(screen[33m.[39mg
etByText([32m'Verifiez
 votre email'[39m))[3
3m.[39mtoBeTruthy()[3
3m;[39m
     [90m    |[39m   
                
[31m[1m^[22m[39m
     [90m 74 |[39m   
})[33m;[39m
     [90m 75 |[39m
     [90m 76 |[39m   
it([32m'displays 
email address'[39m[33
m,[39m () 
[33m=>[39m {[0m

      at 
Object.getByText (__tes
ts__/screens/EmailVerif
icationScreen.test.tsx:
73:19)

  ÔùÅ EmailVerification
Screen ÔÇ║ displays 
verify button

    Unable to find an 
element with text: 
Verifier

    [36m<View>[39m
      [36m<View>[39m
        [36m<View[39m
          [33maccessib
le[39m=[32m{true}[39
m
        [36m>[39m
          
[36m<ArrowLeft />[39m
        
[36m</View>[39m
        
[36m<View>[39m
          
[36m<View>[39m
            [36m<Mail 
/>[39m
          
[36m</View>[39m
          
[36m<Text>[39m
            [0mauth.ve
rify_title[0m
          
[36m</Text>[39m
          
[36m<Text>[39m
            [0mauth.ve
rify_subtitle[0m
          
[36m</Text>[39m
          
[36m<Text>[39m
            [0mtest@ex
ample.com[0m
          
[36m</Text>[39m
        
[36m</View>[39m
        
[36m<View>[39m
          
[36m<TextInput[39m
            [33mvalue
[39m=[32m""[39m
          [36m/>[39m
          
[36m<TextInput[39m
            [33mvalue
[39m=[32m""[39m
          [36m/>[39m
          
[36m<TextInput[39m
            [33mvalue
[39m=[32m""[39m
          [36m/>[39m
          
[36m<TextInput[39m
            [33mvalue
[39m=[32m""[39m
          [36m/>[39m
          
[36m<TextInput[39m
            [33mvalue
[39m=[32m""[39m
          [36m/>[39m
          
[36m<TextInput[39m
            [33mvalue
[39m=[32m""[39m
          [36m/>[39m
        
[36m</View>[39m
        
[36m<View>[39m
          
[36m<Text>[39m
            [0mauth.co
de_expired[0m
            [0m [0m
            
[0m15:00[0m
          
[36m</Text>[39m
        
[36m</View>[39m
        [36m<View[39m
          [33maccessib
ilityState[39m=[32m{
            {
              
"disabled": true,
            }
          }[39m
          [33maccessib
le[39m=[32m{true}[39
m
        [36m>[39m
          
[36m<Text>[39m
            
[0mauth.verify_btn[0m
          
[36m</Text>[39m
        
[36m</View>[39m
        [36m<View[39m
          [33maccessib
ilityState[39m=[32m{
            {
              
"disabled": false,
            }
          }[39m
          [33maccessib
le[39m=[32m{true}[39
m
        [36m>[39m
          
[36m<RefreshCw />[39m
          
[36m<Text>[39m
            [0mauth.re
send_code[0m
          
[36m</Text>[39m
        
[36m</View>[39m
      [36m</View>[39m
    [36m</View>[39m

    [0m [90m 83 
|[39m     render([33m
<[39m[33mEmailVerific
ationScreen[39m [33m/
[39m[33m>[39m)[33m;
[39m
     [90m 84 |[39m   
  
    [31m[1m>[22m[39
m[90m 85 |[39m     ex
pect(screen[33m.[39mg
etByText([32m'Verifier
'[39m))[33m.[39mtoBe
Truthy()[33m;[39m
     [90m    |[39m   
                
[31m[1m^[22m[39m
     [90m 86 |[39m   
})[33m;[39m
     [90m 87 |[39m
     [90m 88 |[39m   
it([32m'displays 
resend code button'[39
m[33m,[39m () 
[33m=>[39m {[0m

      at 
Object.getByText (__tes
ts__/screens/EmailVerif
icationScreen.test.tsx:
85:19)

  ÔùÅ EmailVerification
Screen ÔÇ║ displays 
resend code button

    Unable to find an 
element with text: 
Renvoyer le code

    [36m<View>[39m
      [36m<View>[39m
        [36m<View[39m
          [33maccessib
le[39m=[32m{true}[39
m
        [36m>[39m
          
[36m<ArrowLeft />[39m
        
[36m</View>[39m
        
[36m<View>[39m
          
[36m<View>[39m
            [36m<Mail 
/>[39m
          
[36m</View>[39m
          
[36m<Text>[39m
            [0mauth.ve
rify_title[0m
          
[36m</Text>[39m
          
[36m<Text>[39m
            [0mauth.ve
rify_subtitle[0m
          
[36m</Text>[39m
          
[36m<Text>[39m
            [0mtest@ex
ample.com[0m
          
[36m</Text>[39m
        
[36m</View>[39m
        
[36m<View>[39m
          
[36m<TextInput[39m
            [33mvalue
[39m=[32m""[39m
          [36m/>[39m
          
[36m<TextInput[39m
            [33mvalue
[39m=[32m""[39m
          [36m/>[39m
          
[36m<TextInput[39m
            [33mvalue
[39m=[32m""[39m
          [36m/>[39m
          
[36m<TextInput[39m
            [33mvalue
[39m=[32m""[39m
          [36m/>[39m
          
[36m<TextInput[39m
            [33mvalue
[39m=[32m""[39m
          [36m/>[39m
          
[36m<TextInput[39m
            [33mvalue
[39m=[32m""[39m
          [36m/>[39m
        
[36m</View>[39m
        
[36m<View>[39m
          
[36m<Text>[39m
            [0mauth.co
de_expired[0m
            [0m [0m
            
[0m15:00[0m
          
[36m</Text>[39m
        
[36m</View>[39m
        [36m<View[39m
          [33maccessib
ilityState[39m=[32m{
            {
              
"disabled": true,
            }
          }[39m
          [33maccessib
le[39m=[32m{true}[39
m
        [36m>[39m
          
[36m<Text>[39m
            
[0mauth.verify_btn[0m
          
[36m</Text>[39m
        
[36m</View>[39m
        [36m<View[39m
          [33maccessib
ilityState[39m=[32m{
            {
              
"disabled": false,
            }
          }[39m
          [33maccessib
le[39m=[32m{true}[39
m
        [36m>[39m
          
[36m<RefreshCw />[39m
          
[36m<Text>[39m
            [0mauth.re
send_code[0m
          
[36m</Text>[39m
        
[36m</View>[39m
      [36m</View>[39m
    [36m</View>[39m

    [0m [90m 89 
|[39m     render([33m
<[39m[33mEmailVerific
ationScreen[39m [33m/
[39m[33m>[39m)[33m;
[39m
     [90m 90 |[39m   
  
    [31m[1m>[22m[39
m[90m 91 |[39m     ex
pect(screen[33m.[39mg
etByText([32m'Renvoyer
 le code'[39m))[33m.
[39mtoBeTruthy()[33m;
[39m
     [90m    |[39m   
                
[31m[1m^[22m[39m
     [90m 92 |[39m   
})[33m;[39m
     [90m 93 |[39m
     [90m 94 |[39m   
it([32m'renders back b
utton'[39m[33m,[39m 
() [33m=>[39m {[0m

      at 
Object.getByText (__tes
ts__/screens/EmailVerif
icationScreen.test.tsx:
91:19)

FAIL __tests__/componen
ts/AvatarPicker.test.ts
x
  ÔùÅ AvatarPicker ÔÇ║ 
displays hint text

    Unable to find an 
element with text: 
Appuyez pour modifier

    [36m<View>[39m
      [36m<View[39m
        [33maccessibil
ityState[39m=[32m{
          {
            
"disabled": false,
          }
        }[39m
        [33maccessible
[39m=[32m{true}[39m
      [36m>[39m
        [36m<Image 
/>[39m
        
[36m<View>[39m
          [36m<Camera 
/>[39m
        
[36m</View>[39m
      [36m</View>[39m
      [36m<Text>[39m
        [0mcomponents.
avatar.hint[0m
      [36m</Text>[39m
    [36m</View>[39m

    [0m [90m 54 
|[39m     render([33m
<[39m[33mAvatarPicker
[39m {[33m...[39mdef
aultProps} [33m/[39m
[33m>[39m)[33m;[39m
     [90m 55 |[39m   
  
    [31m[1m>[22m[39
m[90m 56 |[39m     ex
pect(screen[33m.[39mg
etByText([32m'Appuyez 
pour modifier'[39m))[
33m.[39mtoBeTruthy()[
33m;[39m
     [90m    |[39m   
                
[31m[1m^[22m[39m
     [90m 57 |[39m   
})[33m;[39m
     [90m 58 |[39m
     [90m 59 |[39m   
it([32m'renders with 
custom avatar 
URL'[39m[33m,[39m 
() [33m=>[39m {[0m

      at 
Object.getByText (__tes
ts__/components/AvatarP
icker.test.tsx:56:19)

  ÔùÅ AvatarPicker ÔÇ║ 
shows options alert 
when pressed

    Unable to find an 
element with text: 
Appuyez pour modifier

    [36m<View>[39m
      [36m<View[39m
        [33maccessibil
ityState[39m=[32m{
          {
            
"disabled": false,
          }
        }[39m
        [33maccessible
[39m=[32m{true}[39m
      [36m>[39m
        [36m<Image 
/>[39m
        
[36m<View>[39m
          [36m<Camera 
/>[39m
        
[36m</View>[39m
      [36m</View>[39m
      [36m<Text>[39m
        [0mcomponents.
avatar.hint[0m
      [36m</Text>[39m
    [36m</View>[39m

    [0m [90m 82 
|[39m     render([33m
<[39m[33mAvatarPicker
[39m {[33m...[39mdef
aultProps} [33m/[39m
[33m>[39m)[33m;[39m
     [90m 83 |[39m   
  
    [31m[1m>[22m[39
m[90m 84 |[39m     
[36mconst[39m 
touchable [33m=[39m s
creen[33m.[39mgetByTe
xt([32m'Appuyez pour m
odifier'[39m)[33m.[3
9mparent[33m?[39m[33
m.[39mparent[33m;[39
m
     [90m    |[39m   
                       
    
[31m[1m^[22m[39m
     [90m 85 |[39m   
  [36mif[39m 
(touchable) {
     [90m 86 |[39m   
    fireEvent[33m.[39
mpress(touchable)[33m;
[39m
     [90m 87 |[39m   
  }[0m

      at 
Object.getByText (__tes
ts__/components/AvatarP
icker.test.tsx:84:30)

FAIL __tests__/hooks/qu
eries/useScanEligibilit
y.test.ts
  ÔùÅ 
useAllScanEligibility 
ÔÇ║ fetches 
eligibility for all 
scan types

    expect(jest.fn()).t
oHaveBeenCalledTimes(ex
pected)

    Expected number of 
calls: 3
    Received number of 
calls: 4

    [0m [90m 127 
|[39m
     [90m 128 |[39m  
   [90m// Should have 
called for all scan 
types[39m
    [31m[1m>[22m[39
m[90m 129 |[39m     e
xpect([33mApiService[
39m[33m.[39mcheckScan
EligibilityOnly)[33m.
[39mtoHaveBeenCalledTim
es([35m3[39m)[33m;[
39m
     [90m     |[39m  
                       
                       
 [31m[1m^[22m[39m
     [90m 130 |[39m  
 })[33m;[39m
     [90m 131 |[39m
     [90m 132 |[39m  
 it([32m'returns 
loading state initially
'[39m[33m,[39m () 
[33m=>[39m {[0m

      at Object.toHaveB
eenCalledTimes (__tests
__/hooks/queries/useSca
nEligibility.test.ts:12
9:49)
      at 
asyncGeneratorStep (nod
e_modules/@babel/runtim
e/helpers/asyncToGenera
tor.js:3:17)
      at _next (node_mo
dules/@babel/runtime/he
lpers/asyncToGenerator.
js:17:9)

FAIL __tests__/componen
ts/FeatureComparisonTab
le.test.tsx
  ÔùÅ 
FeatureComparisonTable 
ÔÇ║ displays table 
headers

    Unable to find an 
element with text: 
Fonctionnalit├®

    [36m<RCTScrollView
>[39m
      [36m<View>[39m
        
[36m<View>[39m
          
[36m<View>[39m
            
[36m<Text>[39m
              [0mcompo
nents.table.header_feat
ure[0m
            
[36m</Text>[39m
          
[36m</View>[39m
          
[36m<View>[39m
            
[36m<Text>[39m
              [0mcompo
nents.table.header_free
[0m
            
[36m</Text>[39m
          
[36m</View>[39m
          
[36m<View>[39m
            
[36m<Text>[39m
              [0mcompo
nents.table.header_prem
ium[0m
            
[36m</Text>[39m
          
[36m</View>[39m
        
[36m</View>[39m
        
[36m<View>[39m
          
[36m<View>[39m
            
[36m<Text>[39m
              [0mScan 
illimit├®[0m
            
[36m</Text>[39m
            
[36m<Text>[39m
              
[0mScannez autant de 
produits que vous 
voulez[0m
            
[36m</Text>[39m
          
[36m</View>[39m
          
[36m<View>[39m
            
[36m<Text>[39m
              [0m3 
par jour[0m
            
[36m</Text>[39m
          
[36m</View>[39m
          
[36m<View>[39m
            
[36m<Text>[39m
              
[0mIllimit├®[0m
            
[36m</Text>[39m
          
[36m</View>[39m
        
[36m</View>[39m
        
[36m<View>[39m
          
[36m<View>[39m
            
[36m<Text>[39m
              
[0mHistorique[0m
            
[36m</Text>[39m
            
[36m<Text>[39m
              
[0mAcc├®dez ├á votre 
historique complet[0m
            
[36m</Text>[39m
          
[36m</View>[39m
          
[36m<View>[39m
            [36m<X 
/>[39m
          
[36m</View>[39m
          
[36m<View>[39m
            
[36m<Check />[39m
          
[36m</View>[39m
        
[36m</View>[39m
      [36m</View>[39m
    [36m</RCTScrollVie
w>[39m

    [0m [90m 40 
|[39m     render([33m
<[39m[33mFeatureCompa
risonTable[39m feature
s[33m=[39m{mockFeatur
es} [33m/[39m[33m>[
39m)[33m;[39m
     [90m 41 |[39m   
  
    [31m[1m>[22m[39
m[90m 42 |[39m     ex
pect(screen[33m.[39mg
etByText([32m'Fonction
nalit├®'[39m))[33m.[
39mtoBeTruthy()[33m;[
39m
     [90m    |[39m   
                
[31m[1m^[22m[39m
     [90m 43 |[39m   
  expect(screen[33m.[
39mgetByText([32m'Grat
uit'[39m))[33m.[39mt
oBeTruthy()[33m;[39m
     [90m 44 |[39m   
  expect(screen[33m.[
39mgetByText([32m'Prem
ium'[39m))[33m.[39mt
oBeTruthy()[33m;[39m
     [90m 45 |[39m   
})[33m;[39m[0m

      at 
Object.getByText (__tes
ts__/components/Feature
ComparisonTable.test.ts
x:42:19)

FAIL __tests__/componen
ts/AccountBadge.test.ts
x
  ÔùÅ AccountBadge ÔÇ║ 
renders free tier 
badge correctly

    Unable to find an 
element with text: 
Compte Gratuit

    [36m<View>[39m
      [36m<Text>[39m
        [0mcommon.acco
unt_free[0m
      [36m</Text>[39m
    [36m</View>[39m

    [0m [90m 12 
|[39m     render([33m
<[39m[33mAccountBadge
[39m tier[33m=[39m[
32m"free"[39m [33m/[
39m[33m>[39m)[33m;[
39m
     [90m 13 |[39m   
  
    [31m[1m>[22m[39
m[90m 14 |[39m     ex
pect(screen[33m.[39mg
etByText([32m'Compte G
ratuit'[39m))[33m.[3
9mtoBeTruthy()[33m;[3
9m
     [90m    |[39m   
                
[31m[1m^[22m[39m
     [90m 15 |[39m   
})[33m;[39m
     [90m 16 |[39m
     [90m 17 |[39m   
it([32m'renders 
premium tier badge corr
ectly'[39m[33m,[39m 
() [33m=>[39m {[0m

      at 
Object.getByText (__tes
ts__/components/Account
Badge.test.tsx:14:19)

  ÔùÅ AccountBadge ÔÇ║ 
renders premium tier 
badge correctly

    Unable to find an 
element with text: 
Compte Premium

    [36m<View>[39m
      [36m<Crown 
/>[39m
      [36m<Text>[39m
        [0mcommon.acco
unt_premium[0m
      [36m</Text>[39m
    [36m</View>[39m

    [0m [90m 18 
|[39m     render([33m
<[39m[33mAccountBadge
[39m tier[33m=[39m[
32m"premium"[39m [33m
/[39m[33m>[39m)[33m
;[39m
     [90m 19 |[39m   
  
    [31m[1m>[22m[39
m[90m 20 |[39m     ex
pect(screen[33m.[39mg
etByText([32m'Compte P
remium'[39m))[33m.[3
9mtoBeTruthy()[33m;[3
9m
     [90m    |[39m   
                
[31m[1m^[22m[39m
     [90m 21 |[39m   
})[33m;[39m
     [90m 22 |[39m
     [90m 23 |[39m   
it([32m'renders with 
small 
size'[39m[33m,[39m 
() [33m=>[39m {[0m

      at 
Object.getByText (__tes
ts__/components/Account
Badge.test.tsx:20:19)

  ÔùÅ AccountBadge ÔÇ║ 
renders with small size

    Unable to find an 
element with text: 
Compte Gratuit

    [36m<View>[39m
      [36m<Text>[39m
        [0mcommon.acco
unt_free[0m
      [36m</Text>[39m
    [36m</View>[39m

    [0m [90m 25 
|[39m     
     [90m 26 |[39m   
  expect(toJSON())[33m
.[39mtoBeTruthy()[33m
;[39m
    [31m[1m>[22m[39
m[90m 27 |[39m     ex
pect(screen[33m.[39mg
etByText([32m'Compte G
ratuit'[39m))[33m.[3
9mtoBeTruthy()[33m;[3
9m
     [90m    |[39m   
                
[31m[1m^[22m[39m
     [90m 28 |[39m   
})[33m;[39m
     [90m 29 |[39m
     [90m 30 |[39m   
it([32m'renders with 
medium size (default)'
[39m[33m,[39m () 
[33m=>[39m {[0m

      at 
Object.getByText (__tes
ts__/components/Account
Badge.test.tsx:27:19)

  ÔùÅ AccountBadge ÔÇ║ 
renders with medium 
size (default)

    Unable to find an 
element with text: 
Compte Premium

    [36m<View>[39m
      [36m<Crown 
/>[39m
      [36m<Text>[39m
        [0mcommon.acco
unt_premium[0m
      [36m</Text>[39m
    [36m</View>[39m

    [0m [90m 32 
|[39m     
     [90m 33 |[39m   
  expect(toJSON())[33m
.[39mtoBeTruthy()[33m
;[39m
    [31m[1m>[22m[39
m[90m 34 |[39m     ex
pect(screen[33m.[39mg
etByText([32m'Compte P
remium'[39m))[33m.[3
9mtoBeTruthy()[33m;[3
9m
     [90m    |[39m   
                
[31m[1m^[22m[39m
     [90m 35 |[39m   
})[33m;[39m
     [90m 36 |[39m
     [90m 37 |[39m   
it([32m'renders with 
large 
size'[39m[33m,[39m 
() [33m=>[39m {[0m

      at 
Object.getByText (__tes
ts__/components/Account
Badge.test.tsx:34:19)

  ÔùÅ AccountBadge ÔÇ║ 
renders with large size

    Unable to find an 
element with text: 
Compte Premium

    [36m<View>[39m
      [36m<Crown 
/>[39m
      [36m<Text>[39m
        [0mcommon.acco
unt_premium[0m
      [36m</Text>[39m
    [36m</View>[39m

    [0m [90m 39 
|[39m     
     [90m 40 |[39m   
  expect(toJSON())[33m
.[39mtoBeTruthy()[33m
;[39m
    [31m[1m>[22m[39
m[90m 41 |[39m     ex
pect(screen[33m.[39mg
etByText([32m'Compte P
remium'[39m))[33m.[3
9mtoBeTruthy()[33m;[3
9m
     [90m    |[39m   
                
[31m[1m^[22m[39m
     [90m 42 |[39m   
})[33m;[39m
     [90m 43 |[39m
     [90m 44 |[39m   
it([32m'renders 
without crashing for 
all tier and size combi
nations'[39m[33m,[39
m () [33m=>[39m {[0m

      at 
Object.getByText (__tes
ts__/components/Account
Badge.test.tsx:41:19)

FAIL __tests__/screens/
RecipesScreen.test.tsx
  ÔùÅ RecipesScreen 
ÔÇ║ renders empty 
state when no recipes

    Unable to find an 
element with text: 
Aucune recette trouv├®e

    [36m<View>[39m
      
[0mModalHandle[0m
      [36m<View>[39m
        
[36m<Text>[39m
          
[0mrecipes.title[0m
        
[36m</Text>[39m
        
[36m<View>[39m
          [36m<Search 
/>[39m
          
[36m<TextInput[39m
            [33mplaceh
older[39m=[32m"recipe
s.search_placeholder"[
39m
            [33mvalue
[39m=[32m""[39m
          [36m/>[39m
        
[36m</View>[39m
      [36m</View>[39m
      [36m<View>[39m
        
[36m<Text>[39m
          [0mrecipes.n
o_results[0m
        
[36m</Text>[39m
      [36m</View>[39m
    [36m</View>[39m

    [0m [90m 61 
|[39m     render([33m
<[39m[33mRecipesScree
n[39m [33m/[39m[33m
>[39m)[33m;[39m
     [90m 62 |[39m   
  
    [31m[1m>[22m[39
m[90m 63 |[39m     ex
pect(screen[33m.[39mg
etByText([32m'Aucune 
recette trouv├®e'[39m)
)[33m.[39mtoBeTruthy(
)[33m;[39m
     [90m    |[39m   
                
[31m[1m^[22m[39m
     [90m 64 |[39m   
})[33m;[39m
     [90m 65 |[39m
     [90m 66 |[39m   
it([32m'renders 
recipes 
list'[39m[33m,[39m 
() [33m=>[39m {[0m

      at 
Object.getByText (__tes
ts__/screens/RecipesScr
een.test.tsx:63:19)

  ÔùÅ RecipesScreen 
ÔÇ║ renders recipes 
list

    Unable to find an 
element with text: Nos 
Recettes

    [36m<View>[39m
      
[0mModalHandle[0m
      [36m<View>[39m
        
[36m<Text>[39m
          
[0mrecipes.title[0m
        
[36m</Text>[39m
        
[36m<View>[39m
          [36m<Search 
/>[39m
          
[36m<TextInput[39m
            [33mplaceh
older[39m=[32m"recipe
s.search_placeholder"[
39m
            [33mvalue
[39m=[32m""[39m
          [36m/>[39m
        
[36m</View>[39m
      [36m</View>[39m
      [36m<RCTScrollVi
ew>[39m
        
[36m<View>[39m
          
[36m<View>[39m
            
[36m<View[39m
              [33macce
ssible[39m=[32m{true}
[39m
            [36m>[39m
              
[36m<Image />[39m
              
[36m<View>[39m
                
[36m<Text>[39m
                  
[0mSalade C├®sar[0m
                
[36m</Text>[39m
                
[36m<View>[39m
                  
[36m<Text>[39m
                    
[0m15[0m
                    
[0m [0m
                    [0
mrecipes.prep_time[0m
                  
[36m</Text>[39m
                  
[36m<View>[39m
                    
[36m<Text>[39m
                      
[0mrecipes.difficulty.e
asy[0m
                    
[36m</Text>[39m
                  
[36m</View>[39m
                
[36m</View>[39m
              
[36m</View>[39m
            
[36m</View>[39m
          
[36m</View>[39m
          
[36m<View>[39m
            
[36m<View[39m
              [33macce
ssible[39m=[32m{true}
[39m
            [36m>[39m
              
[36m<Image />[39m
              
[36m<View>[39m
                
[36m<Text>[39m
                  
[0mPoulet Grill├®[0m
                
[36m</Text>[39m
                
[36m<View>[39m
                  
[36m<Text>[39m
                    
[0m30[0m
                    
[0m [0m
                    [0
mrecipes.prep_time[0m
                  
[36m</Text>[39m
                  
[36m<View>[39m
                    
[36m<Text>[39m
                      
[0mrecipes.difficulty.m
edium[0m
                    
[36m</Text>[39m
                  
[36m</View>[39m
                
[36m</View>[39m
              
[36m</View>[39m
            
[36m</View>[39m
          
[36m</View>[39m
        
[36m</View>[39m
      [36m</RCTScrollV
iew>[39m
    [36m</View>[39m

    [0m [90m 78 
|[39m     render([33m
<[39m[33mRecipesScree
n[39m [33m/[39m[33m
>[39m)[33m;[39m
     [90m 79 |[39m   
  
    [31m[1m>[22m[39
m[90m 80 |[39m     ex
pect(screen[33m.[39mg
etByText([32m'Nos Rece
ttes'[39m))[33m.[39m
toBeTruthy()[33m;[39m
     [90m    |[39m   
                
[31m[1m^[22m[39m
     [90m 81 |[39m   
  expect(screen[33m.[
39mgetByText([32m'Sala
de C├®sar'[39m))[33m.
[39mtoBeTruthy()[33m;
[39m
     [90m 82 |[39m   
  expect(screen[33m.[
39mgetByText([32m'Poul
et Grill├®'[39m))[33m
.[39mtoBeTruthy()[33m
;[39m
     [90m 83 |[39m   
})[33m;[39m[0m

      at 
Object.getByText (__tes
ts__/screens/RecipesScr
een.test.tsx:80:19)

  ÔùÅ RecipesScreen 
ÔÇ║ filters recipes by 
search query

    Unable to find an 
element with 
placeholder: 
Rechercher une 
recette...

    [36m<View>[39m
      
[0mModalHandle[0m
      [36m<View>[39m
        
[36m<Text>[39m
          
[0mrecipes.title[0m
        
[36m</Text>[39m
        
[36m<View>[39m
          [36m<Search 
/>[39m
          
[36m<TextInput[39m
            [33mplaceh
older[39m=[32m"recipe
s.search_placeholder"[
39m
            [33mvalue
[39m=[32m""[39m
          [36m/>[39m
        
[36m</View>[39m
      [36m</View>[39m
      [36m<RCTScrollVi
ew>[39m
        
[36m<View>[39m
          
[36m<View>[39m
            
[36m<View[39m
              [33macce
ssible[39m=[32m{true}
[39m
            [36m>[39m
              
[36m<Image />[39m
              
[36m<View>[39m
                
[36m<Text>[39m
                  
[0mSalade C├®sar[0m
                
[36m</Text>[39m
                
[36m<View>[39m
                  
[36m<Text>[39m
                    
[0m15[0m
                    
[0m [0m
                    [0
mrecipes.prep_time[0m
                  
[36m</Text>[39m
                  
[36m<View>[39m
                    
[36m<Text>[39m
                      
[0mrecipes.difficulty.e
asy[0m
                    
[36m</Text>[39m
                  
[36m</View>[39m
                
[36m</View>[39m
              
[36m</View>[39m
            
[36m</View>[39m
          
[36m</View>[39m
          
[36m<View>[39m
            
[36m<View[39m
              [33macce
ssible[39m=[32m{true}
[39m
            [36m>[39m
              
[36m<Image />[39m
              
[36m<View>[39m
                
[36m<Text>[39m
                  
[0mPoulet Grill├®[0m
                
[36m</Text>[39m
                
[36m<View>[39m
                  
[36m<Text>[39m
                    
[0m30[0m
                    
[0m [0m
                    [0
mrecipes.prep_time[0m
                  
[36m</Text>[39m
                  
[36m<View>[39m
                    
[36m<Text>[39m
                      
[0mrecipes.difficulty.m
edium[0m
                    
[36m</Text>[39m
                  
[36m</View>[39m
                
[36m</View>[39m
              
[36m</View>[39m
            
[36m</View>[39m
          
[36m</View>[39m
        
[36m</View>[39m
      [36m</RCTScrollV
iew>[39m
    [36m</View>[39m

    [0m [90m  97 
|[39m     render([33m
<[39m[33mRecipesScree
n[39m [33m/[39m[33m
>[39m)[33m;[39m
     [90m  98 |[39m  
   
    [31m[1m>[22m[39
m[90m  99 |[39m     
[36mconst[39m 
searchInput 
[33m=[39m screen[33m
.[39mgetByPlaceholderT
ext([32m'Rechercher 
une recette...'[39m)[
33m;[39m
     [90m     |[39m  
                       
       
[31m[1m^[22m[39m
     [90m 100 |[39m  
   fireEvent[33m.[39m
changeText(searchInput
[33m,[39m [32m'Salade
'[39m)[33m;[39m
     [90m 101 |[39m  
   
     [90m 102 |[39m  
   expect(screen[33m.
[39mgetByText([32m'Sal
ade C├®sar'[39m))[33m
.[39mtoBeTruthy()[33m
;[39m[0m

      at Object.getByPl
aceholderText (__tests_
_/screens/RecipesScreen
.test.tsx:99:32)

  ÔùÅ RecipesScreen 
ÔÇ║ displays 
preparation time

    Unable to find an 
element with text: 10 
min

    [36m<View>[39m
      
[0mModalHandle[0m
      [36m<View>[39m
        
[36m<Text>[39m
          
[0mrecipes.title[0m
        
[36m</Text>[39m
        
[36m<View>[39m
          [36m<Search 
/>[39m
          
[36m<TextInput[39m
            [33mplaceh
older[39m=[32m"recipe
s.search_placeholder"[
39m
            [33mvalue
[39m=[32m""[39m
          [36m/>[39m
        
[36m</View>[39m
      [36m</View>[39m
      [36m<RCTScrollVi
ew>[39m
        
[36m<View>[39m
          
[36m<View>[39m
            
[36m<View[39m
              [33macce
ssible[39m=[32m{true}
[39m
            [36m>[39m
              
[36m<Image />[39m
              
[36m<View>[39m
                
[36m<Text>[39m
                  
[0mQuick Recipe[0m
                
[36m</Text>[39m
                
[36m<View>[39m
                  
[36m<Text>[39m
                    
[0m10[0m
                    
[0m [0m
                    [0
mrecipes.prep_time[0m
                  
[36m</Text>[39m
                  
[36m<View>[39m
                    
[36m<Text>[39m
                      
[0mrecipes.difficulty.e
asy[0m
                    
[36m</Text>[39m
                  
[36m</View>[39m
                
[36m</View>[39m
              
[36m</View>[39m
            
[36m</View>[39m
          
[36m</View>[39m
        
[36m</View>[39m
      [36m</RCTScrollV
iew>[39m
    [36m</View>[39m

    [0m [90m 117 
|[39m     render([33m
<[39m[33mRecipesScree
n[39m [33m/[39m[33m
>[39m)[33m;[39m
     [90m 118 |[39m  
   
    [31m[1m>[22m[39
m[90m 119 |[39m     e
xpect(screen[33m.[39m
getByText([32m'10 min'
[39m))[33m.[39mtoBeT
ruthy()[33m;[39m
     [90m     |[39m  
                 
[31m[1m^[22m[39m
     [90m 120 |[39m  
 })[33m;[39m
     [90m 121 |[39m
     [90m 122 |[39m  
 it([32m'displays 
difficulty badges'[39m
[33m,[39m () 
[33m=>[39m {[0m

      at 
Object.getByText (__tes
ts__/screens/RecipesScr
een.test.tsx:119:19)

  ÔùÅ RecipesScreen 
ÔÇ║ displays 
difficulty badges

    Unable to find an 
element with text: 
Facile

    [36m<View>[39m
      
[0mModalHandle[0m
      [36m<View>[39m
        
[36m<Text>[39m
          
[0mrecipes.title[0m
        
[36m</Text>[39m
        
[36m<View>[39m
          [36m<Search 
/>[39m
          
[36m<TextInput[39m
            [33mplaceh
older[39m=[32m"recipe
s.search_placeholder"[
39m
            [33mvalue
[39m=[32m""[39m
          [36m/>[39m
        
[36m</View>[39m
      [36m</View>[39m
      [36m<RCTScrollVi
ew>[39m
        
[36m<View>[39m
          
[36m<View>[39m
            
[36m<View[39m
              [33macce
ssible[39m=[32m{true}
[39m
            [36m>[39m
              
[36m<Image />[39m
              
[36m<View>[39m
                
[36m<Text>[39m
                  
[0mEasy Recipe[0m
                
[36m</Text>[39m
                
[36m<View>[39m
                  
[36m<Text>[39m
                    
[0m10[0m
                    
[0m [0m
                    [0
mrecipes.prep_time[0m
                  
[36m</Text>[39m
                  
[36m<View>[39m
                    
[36m<Text>[39m
                      
[0mrecipes.difficulty.e
asy[0m
                    
[36m</Text>[39m
                  
[36m</View>[39m
                
[36m</View>[39m
              
[36m</View>[39m
            
[36m</View>[39m
          
[36m</View>[39m
          
[36m<View>[39m
            
[36m<View[39m
              [33macce
ssible[39m=[32m{true}
[39m
            [36m>[39m
              
[36m<Image />[39m
              
[36m<View>[39m
                
[36m<Text>[39m
                  
[0mMedium Recipe[0m
                
[36m</Text>[39m
                
[36m<View>[39m
                  
[36m<Text>[39m
                    
[0m20[0m
                    
[0m [0m
                    [0
mrecipes.prep_time[0m
                  
[36m</Text>[39m
                  
[36m<View>[39m
                    
[36m<Text>[39m
                      
[0mrecipes.difficulty.m
edium[0m
                    
[36m</Text>[39m
                  
[36m</View>[39m
                
[36m</View>[39m
              
[36m</View>[39m
            
[36m</View>[39m
          
[36m</View>[39m
          
[36m<View>[39m
            
[36m<View[39m
              [33macce
ssible[39m=[32m{true}
[39m
            [36m>[39m
              
[36m<Image />[39m
              
[36m<View>[39m
                
[36m<Text>[39m
                  
[0mHard Recipe[0m
                
[36m</Text>[39m
                
[36m<View>[39m
                  
[36m<Text>[39m
                    
[0m30[0m
                    
[0m [0m
                    [0
mrecipes.prep_time[0m
                  
[36m</Text>[39m
                  
[36m<View>[39m
                    
[36m<Text>[39m
                      
[0mrecipes.difficulty.h
ard[0m
                    
[36m</Text>[39m
                  
[36m</View>[39m
                
[36m</View>[39m
              
[36m</View>[39m
            
[36m</View>[39m
          
[36m</View>[39m
        
[36m</View>[39m
      [36m</RCTScrollV
iew>[39m
    [36m</View>[39m

    [0m [90m 135 
|[39m     render([33m
<[39m[33mRecipesScree
n[39m [33m/[39m[33m
>[39m)[33m;[39m
     [90m 136 |[39m  
   
    [31m[1m>[22m[39
m[90m 137 |[39m     e
xpect(screen[33m.[39m
getByText([32m'Facile'
[39m))[33m.[39mtoBeT
ruthy()[33m;[39m
     [90m     |[39m  
                 
[31m[1m^[22m[39m
     [90m 138 |[39m  
   expect(screen[33m.
[39mgetByText([32m'Moy
en'[39m))[33m.[39mto
BeTruthy()[33m;[39m
     [90m 139 |[39m  
   expect(screen[33m.
[39mgetByText([32m'Dif
ficile'[39m))[33m.[3
9mtoBeTruthy()[33m;[3
9m
     [90m 140 |[39m  
 })[33m;[39m[0m

      at 
Object.getByText (__tes
ts__/screens/RecipesScr
een.test.tsx:137:19)

FAIL __tests__/screens/
ExercisesScreen.test.ts
x
  ÔùÅ ExercisesScreen 
ÔÇ║ renders empty 
state when no exercises

    Unable to find an 
element with text: 
Aucun exercice trouv├®

    [36m<View>[39m
      
[0mModalHandle[0m
      [36m<View>[39m
        
[36m<Text>[39m
          
[0mexercises.title[0m
        
[36m</Text>[39m
        
[36m<View>[39m
          [36m<Search 
/>[39m
          
[36m<TextInput[39m
            [33mplaceh
older[39m=[32m"exerci
ses.search_placeholder"
[39m
            [33mvalue
[39m=[32m""[39m
          [36m/>[39m
        
[36m</View>[39m
      [36m</View>[39m
      [36m<View>[39m
        
[36m<Text>[39m
          [0mexercises
.no_results[0m
        
[36m</Text>[39m
      [36m</View>[39m
    [36m</View>[39m

    [0m [90m 61 
|[39m     render([33m
<[39m[33mExercisesScr
een[39m [33m/[39m[3
3m>[39m)[33m;[39m
     [90m 62 |[39m   
  
    [31m[1m>[22m[39
m[90m 63 |[39m     ex
pect(screen[33m.[39mg
etByText([32m'Aucun 
exercice trouv├®'[39m)
)[33m.[39mtoBeTruthy(
)[33m;[39m
     [90m    |[39m   
                
[31m[1m^[22m[39m
     [90m 64 |[39m   
})[33m;[39m
     [90m 65 |[39m
     [90m 66 |[39m   
it([32m'renders 
exercises 
list'[39m[33m,[39m 
() [33m=>[39m {[0m

      at 
Object.getByText (__tes
ts__/screens/ExercisesS
creen.test.tsx:63:19)

  ÔùÅ ExercisesScreen 
ÔÇ║ renders exercises 
list

    Unable to find an 
element with text: Nos 
Exercices

    [36m<View>[39m
      
[0mModalHandle[0m
      [36m<View>[39m
        
[36m<Text>[39m
          
[0mexercises.title[0m
        
[36m</Text>[39m
        
[36m<View>[39m
          [36m<Search 
/>[39m
          
[36m<TextInput[39m
            [33mplaceh
older[39m=[32m"exerci
ses.search_placeholder"
[39m
            [33mvalue
[39m=[32m""[39m
          [36m/>[39m
        
[36m</View>[39m
      [36m</View>[39m
      [36m<RCTScrollVi
ew>[39m
        
[36m<View>[39m
          
[36m<View>[39m
            
[36m<View[39m
              [33macce
ssible[39m=[32m{true}
[39m
            [36m>[39m
              
[36m<Image />[39m
              
[36m<View>[39m
                
[36m<Text>[39m
                  
[0mPush-ups[0m
                
[36m</Text>[39m
                
[36m<View>[39m
                  
[36m<Text>[39m
                    
[0m15[0m
                    
[0m [0m
                    [0
mexercises.duration[0m
                  
[36m</Text>[39m
                  
[36m<View>[39m
                    
[36m<Text>[39m
                      
[0mexercises.difficulty
.easy[0m
                    
[36m</Text>[39m
                  
[36m</View>[39m
                
[36m</View>[39m
              
[36m</View>[39m
            
[36m</View>[39m
          
[36m</View>[39m
          
[36m<View>[39m
            
[36m<View[39m
              [33macce
ssible[39m=[32m{true}
[39m
            [36m>[39m
              
[36m<Image />[39m
              
[36m<View>[39m
                
[36m<Text>[39m
                  
[0mSquats[0m
                
[36m</Text>[39m
                
[36m<View>[39m
                  
[36m<Text>[39m
                    
[0m20[0m
                    
[0m [0m
                    [0
mexercises.duration[0m
                  
[36m</Text>[39m
                  
[36m<View>[39m
                    
[36m<Text>[39m
                      
[0mexercises.difficulty
.medium[0m
                    
[36m</Text>[39m
                  
[36m</View>[39m
                
[36m</View>[39m
              
[36m</View>[39m
            
[36m</View>[39m
          
[36m</View>[39m
        
[36m</View>[39m
      [36m</RCTScrollV
iew>[39m
    [36m</View>[39m

    [0m [90m 78 
|[39m     render([33m
<[39m[33mExercisesScr
een[39m [33m/[39m[3
3m>[39m)[33m;[39m
     [90m 79 |[39m   
  
    [31m[1m>[22m[39
m[90m 80 |[39m     ex
pect(screen[33m.[39mg
etByText([32m'Nos Exer
cices'[39m))[33m.[39
mtoBeTruthy()[33m;[39
m
     [90m    |[39m   
                
[31m[1m^[22m[39m
     [90m 81 |[39m   
  expect(screen[33m.[
39mgetByText([32m'Push
-ups'[39m))[33m.[39m
toBeTruthy()[33m;[39m
     [90m 82 |[39m   
  expect(screen[33m.[
39mgetByText([32m'Squa
ts'[39m))[33m.[39mto
BeTruthy()[33m;[39m
     [90m 83 |[39m   
})[33m;[39m[0m

      at 
Object.getByText (__tes
ts__/screens/ExercisesS
creen.test.tsx:80:19)

  ÔùÅ ExercisesScreen 
ÔÇ║ filters exercises 
by search query

    Unable to find an 
element with 
placeholder: 
Rechercher un 
exercice...

    [36m<View>[39m
      
[0mModalHandle[0m
      [36m<View>[39m
        
[36m<Text>[39m
          
[0mexercises.title[0m
        
[36m</Text>[39m
        
[36m<View>[39m
          [36m<Search 
/>[39m
          
[36m<TextInput[39m
            [33mplaceh
older[39m=[32m"exerci
ses.search_placeholder"
[39m
            [33mvalue
[39m=[32m""[39m
          [36m/>[39m
        
[36m</View>[39m
      [36m</View>[39m
      [36m<RCTScrollVi
ew>[39m
        
[36m<View>[39m
          
[36m<View>[39m
            
[36m<View[39m
              [33macce
ssible[39m=[32m{true}
[39m
            [36m>[39m
              
[36m<Image />[39m
              
[36m<View>[39m
                
[36m<Text>[39m
                  
[0mPush-ups[0m
                
[36m</Text>[39m
                
[36m<View>[39m
                  
[36m<Text>[39m
                    
[0m15[0m
                    
[0m [0m
                    [0
mexercises.duration[0m
                  
[36m</Text>[39m
                  
[36m<View>[39m
                    
[36m<Text>[39m
                      
[0mexercises.difficulty
.easy[0m
                    
[36m</Text>[39m
                  
[36m</View>[39m
                
[36m</View>[39m
              
[36m</View>[39m
            
[36m</View>[39m
          
[36m</View>[39m
          
[36m<View>[39m
            
[36m<View[39m
              [33macce
ssible[39m=[32m{true}
[39m
            [36m>[39m
              
[36m<Image />[39m
              
[36m<View>[39m
                
[36m<Text>[39m
                  
[0mSquats[0m
                
[36m</Text>[39m
                
[36m<View>[39m
                  
[36m<Text>[39m
                    
[0m20[0m
                    
[0m [0m
                    [0
mexercises.duration[0m
                  
[36m</Text>[39m
                  
[36m<View>[39m
                    
[36m<Text>[39m
                      
[0mexercises.difficulty
.medium[0m
                    
[36m</Text>[39m
                  
[36m</View>[39m
                
[36m</View>[39m
              
[36m</View>[39m
            
[36m</View>[39m
          
[36m</View>[39m
        
[36m</View>[39m
      [36m</RCTScrollV
iew>[39m
    [36m</View>[39m

    [0m [90m  97 
|[39m     render([33m
<[39m[33mExercisesScr
een[39m [33m/[39m[3
3m>[39m)[33m;[39m
     [90m  98 |[39m  
   
    [31m[1m>[22m[39
m[90m  99 |[39m     
[36mconst[39m 
searchInput 
[33m=[39m screen[33m
.[39mgetByPlaceholderT
ext([32m'Rechercher 
un exercice...'[39m)[
33m;[39m
     [90m     |[39m  
                       
       
[31m[1m^[22m[39m
     [90m 100 |[39m  
   fireEvent[33m.[39m
changeText(searchInput
[33m,[39m [32m'Push'
[39m)[33m;[39m
     [90m 101 |[39m  
   
     [90m 102 |[39m  
   expect(screen[33m.
[39mgetByText([32m'Pus
h-ups'[39m))[33m.[39
mtoBeTruthy()[33m;[39
m[0m

      at Object.getByPl
aceholderText (__tests_
_/screens/ExercisesScre
en.test.tsx:99:32)

  ÔùÅ ExercisesScreen 
ÔÇ║ displays 
difficulty badges

    Unable to find an 
element with text: 
Facile

    [36m<View>[39m
      
[0mModalHandle[0m
      [36m<View>[39m
        
[36m<Text>[39m
          
[0mexercises.title[0m
        
[36m</Text>[39m
        
[36m<View>[39m
          [36m<Search 
/>[39m
          
[36m<TextInput[39m
            [33mplaceh
older[39m=[32m"exerci
ses.search_placeholder"
[39m
            [33mvalue
[39m=[32m""[39m
          [36m/>[39m
        
[36m</View>[39m
      [36m</View>[39m
      [36m<RCTScrollVi
ew>[39m
        
[36m<View>[39m
          
[36m<View>[39m
            
[36m<View[39m
              [33macce
ssible[39m=[32m{true}
[39m
            [36m>[39m
              
[36m<Image />[39m
              
[36m<View>[39m
                
[36m<Text>[39m
                  
[0mEasy Exercise[0m
                
[36m</Text>[39m
                
[36m<View>[39m
                  
[36m<Text>[39m
                    
[0m10[0m
                    
[0m [0m
                    [0
mexercises.duration[0m
                  
[36m</Text>[39m
                  
[36m<View>[39m
                    
[36m<Text>[39m
                      
[0mexercises.difficulty
.easy[0m
                    
[36m</Text>[39m
                  
[36m</View>[39m
                
[36m</View>[39m
              
[36m</View>[39m
            
[36m</View>[39m
          
[36m</View>[39m
          
[36m<View>[39m
            
[36m<View[39m
              [33macce
ssible[39m=[32m{true}
[39m
            [36m>[39m
              
[36m<Image />[39m
              
[36m<View>[39m
                
[36m<Text>[39m
                  
[0mMedium Exercise[0m
                
[36m</Text>[39m
                
[36m<View>[39m
                  
[36m<Text>[39m
                    
[0m15[0m
                    
[0m [0m
                    [0
mexercises.duration[0m
                  
[36m</Text>[39m
                  
[36m<View>[39m
                    
[36m<Text>[39m
                      
[0mexercises.difficulty
.medium[0m
                    
[36m</Text>[39m
                  
[36m</View>[39m
                
[36m</View>[39m
              
[36m</View>[39m
            
[36m</View>[39m
          
[36m</View>[39m
          
[36m<View>[39m
            
[36m<View[39m
              [33macce
ssible[39m=[32m{true}
[39m
            [36m>[39m
              
[36m<Image />[39m
              
[36m<View>[39m
                
[36m<Text>[39m
                  
[0mHard Exercise[0m
                
[36m</Text>[39m
                
[36m<View>[39m
                  
[36m<Text>[39m
                    
[0m20[0m
                    
[0m [0m
                    [0
mexercises.duration[0m
                  
[36m</Text>[39m
                  
[36m<View>[39m
                    
[36m<Text>[39m
                      
[0mexercises.difficulty
.hard[0m
                    
[36m</Text>[39m
                  
[36m</View>[39m
                
[36m</View>[39m
              
[36m</View>[39m
            
[36m</View>[39m
          
[36m</View>[39m
        
[36m</View>[39m
      [36m</RCTScrollV
iew>[39m
    [36m</View>[39m

    [0m [90m 119 
|[39m     render([33m
<[39m[33mExercisesScr
een[39m [33m/[39m[3
3m>[39m)[33m;[39m
     [90m 120 |[39m  
   
    [31m[1m>[22m[39
m[90m 121 |[39m     e
xpect(screen[33m.[39m
getByText([32m'Facile'
[39m))[33m.[39mtoBeT
ruthy()[33m;[39m
     [90m     |[39m  
                 
[31m[1m^[22m[39m
     [90m 122 |[39m  
   expect(screen[33m.
[39mgetByText([32m'Moy
en'[39m))[33m.[39mto
BeTruthy()[33m;[39m
     [90m 123 |[39m  
   expect(screen[33m.
[39mgetByText([32m'Dif
ficile'[39m))[33m.[3
9mtoBeTruthy()[33m;[3
9m
     [90m 124 |[39m  
 })[33m;[39m[0m

      at 
Object.getByText (__tes
ts__/screens/ExercisesS
creen.test.tsx:121:19)

FAIL __tests__/screens/
PremiumUpgradeScreen.te
st.tsx
  ÔùÅ 
PremiumUpgradeScreen 
ÔÇ║ renders without 
crashing

    Element type is 
invalid: expected a 
string (for built-in 
components) or a 
class/function (for 
composite components) 
but got: undefined. 
You likely forgot to 
export your component 
from the file it's 
defined in, or you 
might have mixed up 
default and named 
imports.

    Check the render 
method of 
`PremiumUpgradeScreen`.

    [0m [90m 75 
|[39m
     [90m 76 |[39m   
it([32m'renders 
without crashing'[39m
[33m,[39m () 
[33m=>[39m {
    [31m[1m>[22m[39
m[90m 77 |[39m     
[36mconst[39m { 
toJSON } [33m=[39m re
nder([33m<[39m[33mPr
emiumUpgradeScreen[39m
 [33m/[39m[33m>[39m
)[33m;[39m
     [90m    |[39m   
                       
    
[31m[1m^[22m[39m
     [90m 78 |[39m   
  
     [90m 79 |[39m   
  expect(toJSON())[33m
.[39mtoBeTruthy()[33m
;[39m
     [90m 80 |[39m   
})[33m;[39m[0m

      at createFiberFro
mTypeAndProps (node_mod
ules/react-test-rendere
r/cjs/react-test-render
er.development.js:12185
:28)
      at 
createFiberFromElement 
(node_modules/react-tes
t-renderer/cjs/react-te
st-renderer.development
.js:12199:14)
      at createChild (n
ode_modules/react-test-
renderer/cjs/react-test
-renderer.development.j
s:4475:26)
      at 
reconcileChildrenArray 
(node_modules/react-tes
t-renderer/cjs/react-te
st-renderer.development
.js:4805:25)
      at reconcileChild
FibersImpl (node_module
s/react-test-renderer/c
js/react-test-renderer.
development.js:5122:30)
      at node_modules/r
eact-test-renderer/cjs/
react-test-renderer.dev
elopment.js:5227:33
      at 
reconcileChildren (node
_modules/react-test-ren
derer/cjs/react-test-re
nderer.development.js:5
735:13)
      at beginWork (nod
e_modules/react-test-re
nderer/cjs/react-test-r
enderer.development.js:
7551:13)
      at 
runWithFiberInDEV (node
_modules/react-test-ren
derer/cjs/react-test-re
nderer.development.js:1
574:13)
      at 
performUnitOfWork (node
_modules/react-test-ren
derer/cjs/react-test-re
nderer.development.js:1
0980:22)
      at workLoopSync (
node_modules/react-test
-renderer/cjs/react-tes
t-renderer.development.
js:10816:41)
      at 
renderRootSync (node_mo
dules/react-test-render
er/cjs/react-test-rende
rer.development.js:1079
7:11)
      at 
performWorkOnRoot (node
_modules/react-test-ren
derer/cjs/react-test-re
nderer.development.js:1
0384:39)
      at performWorkOnR
ootViaSchedulerTask (no
de_modules/react-test-r
enderer/cjs/react-test-
renderer.development.js
:2094:7)
      at flushActQueue 
(node_modules/react/cjs
/react.development.js:5
66:34)
      at process.env.NO
DE_ENV.exports.act (nod
e_modules/react/cjs/rea
ct.development.js:859:1
0)
      at 
actImplementation (node
_modules/@testing-libra
ry/react-native/src/act
.ts:30:25)
      at renderWithAct 
(node_modules/@testing-
library/react-native/sr
c/render-act.ts:13:11)
      at 
renderInternal (node_mo
dules/@testing-library/
react-native/src/render
.tsx:69:33)
      at 
renderInternal (node_mo
dules/@testing-library/
react-native/src/render
.tsx:44:10)
      at 
Object.<anonymous> (__t
ests__/screens/PremiumU
pgradeScreen.test.tsx:7
7:30)

  ÔùÅ 
PremiumUpgradeScreen 
ÔÇ║ displays premium 
title

    Element type is 
invalid: expected a 
string (for built-in 
components) or a 
class/function (for 
composite components) 
but got: undefined. 
You likely forgot to 
export your component 
from the file it's 
defined in, or you 
might have mixed up 
default and named 
imports.

    Check the render 
method of 
`PremiumUpgradeScreen`.

    [0m [90m 81 
|[39m
     [90m 82 |[39m   
it([32m'displays 
premium 
title'[39m[33m,[39m 
() [33m=>[39m {
    [31m[1m>[22m[39
m[90m 83 |[39m     re
nder([33m<[39m[33mPr
emiumUpgradeScreen[39m
 [33m/[39m[33m>[39m
)[33m;[39m
     [90m    |[39m   
        
[31m[1m^[22m[39m
     [90m 84 |[39m   
  
     [90m 85 |[39m   
  expect(screen[33m.[
39mgetByText([32m'Heal
th Scan Premium'[39m))
[33m.[39mtoBeTruthy()
[33m;[39m
     [90m 86 |[39m   
})[33m;[39m[0m

      at createFiberFro
mTypeAndProps (node_mod
ules/react-test-rendere
r/cjs/react-test-render
er.development.js:12185
:28)
      at 
createFiberFromElement 
(node_modules/react-tes
t-renderer/cjs/react-te
st-renderer.development
.js:12199:14)
      at createChild (n
ode_modules/react-test-
renderer/cjs/react-test
-renderer.development.j
s:4475:26)
      at 
reconcileChildrenArray 
(node_modules/react-tes
t-renderer/cjs/react-te
st-renderer.development
.js:4805:25)
      at reconcileChild
FibersImpl (node_module
s/react-test-renderer/c
js/react-test-renderer.
development.js:5122:30)
      at node_modules/r
eact-test-renderer/cjs/
react-test-renderer.dev
elopment.js:5227:33
      at 
reconcileChildren (node
_modules/react-test-ren
derer/cjs/react-test-re
nderer.development.js:5
735:13)
      at beginWork (nod
e_modules/react-test-re
nderer/cjs/react-test-r
enderer.development.js:
7551:13)
      at 
runWithFiberInDEV (node
_modules/react-test-ren
derer/cjs/react-test-re
nderer.development.js:1
574:13)
      at 
performUnitOfWork (node
_modules/react-test-ren
derer/cjs/react-test-re
nderer.development.js:1
0980:22)
      at workLoopSync (
node_modules/react-test
-renderer/cjs/react-tes
t-renderer.development.
js:10816:41)
      at 
renderRootSync (node_mo
dules/react-test-render
er/cjs/react-test-rende
rer.development.js:1079
7:11)
      at 
performWorkOnRoot (node
_modules/react-test-ren
derer/cjs/react-test-re
nderer.development.js:1
0384:39)
      at performWorkOnR
ootViaSchedulerTask (no
de_modules/react-test-r
enderer/cjs/react-test-
renderer.development.js
:2094:7)
      at flushActQueue 
(node_modules/react/cjs
/react.development.js:5
66:34)
      at process.env.NO
DE_ENV.exports.act (nod
e_modules/react/cjs/rea
ct.development.js:859:1
0)
      at 
actImplementation (node
_modules/@testing-libra
ry/react-native/src/act
.ts:30:25)
      at renderWithAct 
(node_modules/@testing-
library/react-native/sr
c/render-act.ts:13:11)
      at 
renderInternal (node_mo
dules/@testing-library/
react-native/src/render
.tsx:69:33)
      at 
renderInternal (node_mo
dules/@testing-library/
react-native/src/render
.tsx:44:10)
      at 
Object.<anonymous> (__t
ests__/screens/PremiumU
pgradeScreen.test.tsx:8
3:11)

  ÔùÅ 
PremiumUpgradeScreen 
ÔÇ║ displays subtitle

    Element type is 
invalid: expected a 
string (for built-in 
components) or a 
class/function (for 
composite components) 
but got: undefined. 
You likely forgot to 
export your component 
from the file it's 
defined in, or you 
might have mixed up 
default and named 
imports.

    Check the render 
method of 
`PremiumUpgradeScreen`.

    [0m [90m 87 
|[39m
     [90m 88 |[39m   
it([32m'displays subti
tle'[39m[33m,[39m 
() [33m=>[39m {
    [31m[1m>[22m[39
m[90m 89 |[39m     re
nder([33m<[39m[33mPr
emiumUpgradeScreen[39m
 [33m/[39m[33m>[39m
)[33m;[39m
     [90m    |[39m   
        
[31m[1m^[22m[39m
     [90m 90 |[39m   
  
     [90m 91 |[39m   
  expect(screen[33m.[
39mgetByText([32m'D├®b
loquez tout le 
potentiel de votre sant
├®'[39m))[33m.[39mto
BeTruthy()[33m;[39m
     [90m 92 |[39m   
})[33m;[39m[0m

      at createFiberFro
mTypeAndProps (node_mod
ules/react-test-rendere
r/cjs/react-test-render
er.development.js:12185
:28)
      at 
createFiberFromElement 
(node_modules/react-tes
t-renderer/cjs/react-te
st-renderer.development
.js:12199:14)
      at createChild (n
ode_modules/react-test-
renderer/cjs/react-test
-renderer.development.j
s:4475:26)
      at 
reconcileChildrenArray 
(node_modules/react-tes
t-renderer/cjs/react-te
st-renderer.development
.js:4805:25)
      at reconcileChild
FibersImpl (node_module
s/react-test-renderer/c
js/react-test-renderer.
development.js:5122:30)
      at node_modules/r
eact-test-renderer/cjs/
react-test-renderer.dev
elopment.js:5227:33
      at 
reconcileChildren (node
_modules/react-test-ren
derer/cjs/react-test-re
nderer.development.js:5
735:13)
      at beginWork (nod
e_modules/react-test-re
nderer/cjs/react-test-r
enderer.development.js:
7551:13)
      at 
runWithFiberInDEV (node
_modules/react-test-ren
derer/cjs/react-test-re
nderer.development.js:1
574:13)
      at 
performUnitOfWork (node
_modules/react-test-ren
derer/cjs/react-test-re
nderer.development.js:1
0980:22)
      at workLoopSync (
node_modules/react-test
-renderer/cjs/react-tes
t-renderer.development.
js:10816:41)
      at 
renderRootSync (node_mo
dules/react-test-render
er/cjs/react-test-rende
rer.development.js:1079
7:11)
      at 
performWorkOnRoot (node
_modules/react-test-ren
derer/cjs/react-test-re
nderer.development.js:1
0384:39)
      at performWorkOnR
ootViaSchedulerTask (no
de_modules/react-test-r
enderer/cjs/react-test-
renderer.development.js
:2094:7)
      at flushActQueue 
(node_modules/react/cjs
/react.development.js:5
66:34)
      at process.env.NO
DE_ENV.exports.act (nod
e_modules/react/cjs/rea
ct.development.js:859:1
0)
      at 
actImplementation (node
_modules/@testing-libra
ry/react-native/src/act
.ts:30:25)
      at renderWithAct 
(node_modules/@testing-
library/react-native/sr
c/render-act.ts:13:11)
      at 
renderInternal (node_mo
dules/@testing-library/
react-native/src/render
.tsx:69:33)
      at 
renderInternal (node_mo
dules/@testing-library/
react-native/src/render
.tsx:44:10)
      at 
Object.<anonymous> (__t
ests__/screens/PremiumU
pgradeScreen.test.tsx:8
9:11)

  ÔùÅ 
PremiumUpgradeScreen 
ÔÇ║ displays price

    Element type is 
invalid: expected a 
string (for built-in 
components) or a 
class/function (for 
composite components) 
but got: undefined. 
You likely forgot to 
export your component 
from the file it's 
defined in, or you 
might have mixed up 
default and named 
imports.

    Check the render 
method of 
`PremiumUpgradeScreen`.

    [0m [90m 93 
|[39m
     [90m 94 |[39m   
it([32m'displays 
price'[39m[33m,[39m 
() [33m=>[39m {
    [31m[1m>[22m[39
m[90m 95 |[39m     re
nder([33m<[39m[33mPr
emiumUpgradeScreen[39m
 [33m/[39m[33m>[39m
)[33m;[39m
     [90m    |[39m   
        
[31m[1m^[22m[39m
     [90m 96 |[39m   
  
     [90m 97 |[39m   
  expect(screen[33m.[
39mgetByText([32m'9,99
 Ôé¼'[39m))[33m.[39m
toBeTruthy()[33m;[39m
     [90m 98 |[39m   
})[33m;[39m[0m

      at createFiberFro
mTypeAndProps (node_mod
ules/react-test-rendere
r/cjs/react-test-render
er.development.js:12185
:28)
      at 
createFiberFromElement 
(node_modules/react-tes
t-renderer/cjs/react-te
st-renderer.development
.js:12199:14)
      at createChild (n
ode_modules/react-test-
renderer/cjs/react-test
-renderer.development.j
s:4475:26)
      at 
reconcileChildrenArray 
(node_modules/react-tes
t-renderer/cjs/react-te
st-renderer.development
.js:4805:25)
      at reconcileChild
FibersImpl (node_module
s/react-test-renderer/c
js/react-test-renderer.
development.js:5122:30)
      at node_modules/r
eact-test-renderer/cjs/
react-test-renderer.dev
elopment.js:5227:33
      at 
reconcileChildren (node
_modules/react-test-ren
derer/cjs/react-test-re
nderer.development.js:5
735:13)
      at beginWork (nod
e_modules/react-test-re
nderer/cjs/react-test-r
enderer.development.js:
7551:13)
      at 
runWithFiberInDEV (node
_modules/react-test-ren
derer/cjs/react-test-re
nderer.development.js:1
574:13)
      at 
performUnitOfWork (node
_modules/react-test-ren
derer/cjs/react-test-re
nderer.development.js:1
0980:22)
      at workLoopSync (
node_modules/react-test
-renderer/cjs/react-tes
t-renderer.development.
js:10816:41)
      at 
renderRootSync (node_mo
dules/react-test-render
er/cjs/react-test-rende
rer.development.js:1079
7:11)
      at 
performWorkOnRoot (node
_modules/react-test-ren
derer/cjs/react-test-re
nderer.development.js:1
0384:39)
      at performWorkOnR
ootViaSchedulerTask (no
de_modules/react-test-r
enderer/cjs/react-test-
renderer.development.js
:2094:7)
      at flushActQueue 
(node_modules/react/cjs
/react.development.js:5
66:34)
      at process.env.NO
DE_ENV.exports.act (nod
e_modules/react/cjs/rea
ct.development.js:859:1
0)
      at 
actImplementation (node
_modules/@testing-libra
ry/react-native/src/act
.ts:30:25)
      at renderWithAct 
(node_modules/@testing-
library/react-native/sr
c/render-act.ts:13:11)
      at 
renderInternal (node_mo
dules/@testing-library/
react-native/src/render
.tsx:69:33)
      at 
renderInternal (node_mo
dules/@testing-library/
react-native/src/render
.tsx:44:10)
      at 
Object.<anonymous> (__t
ests__/screens/PremiumU
pgradeScreen.test.tsx:9
5:11)

  ÔùÅ 
PremiumUpgradeScreen 
ÔÇ║ displays subscribe 
button

    Element type is 
invalid: expected a 
string (for built-in 
components) or a 
class/function (for 
composite components) 
but got: undefined. 
You likely forgot to 
export your component 
from the file it's 
defined in, or you 
might have mixed up 
default and named 
imports.

    Check the render 
method of 
`PremiumUpgradeScreen`.

    [0m [90m  99 
|[39m
     [90m 100 |[39m  
 it([32m'displays 
subscribe button'[39m
[33m,[39m () 
[33m=>[39m {
    [31m[1m>[22m[39
m[90m 101 |[39m     r
ender([33m<[39m[33mP
remiumUpgradeScreen[39
m [33m/[39m[33m>[39
m)[33m;[39m
     [90m     |[39m  
         
[31m[1m^[22m[39m
     [90m 102 |[39m  
   
     [90m 103 |[39m  
   expect(screen[33m.
[39mgetByText([32m"S'a
bonner maintenant"[39m
))[33m.[39mtoBeTruthy
()[33m;[39m
     [90m 104 |[39m  
 })[33m;[39m[0m

      at createFiberFro
mTypeAndProps (node_mod
ules/react-test-rendere
r/cjs/react-test-render
er.development.js:12185
:28)
      at 
createFiberFromElement 
(node_modules/react-tes
t-renderer/cjs/react-te
st-renderer.development
.js:12199:14)
      at createChild (n
ode_modules/react-test-
renderer/cjs/react-test
-renderer.development.j
s:4475:26)
      at 
reconcileChildrenArray 
(node_modules/react-tes
t-renderer/cjs/react-te
st-renderer.development
.js:4805:25)
      at reconcileChild
FibersImpl (node_module
s/react-test-renderer/c
js/react-test-renderer.
development.js:5122:30)
      at node_modules/r
eact-test-renderer/cjs/
react-test-renderer.dev
elopment.js:5227:33
      at 
reconcileChildren (node
_modules/react-test-ren
derer/cjs/react-test-re
nderer.development.js:5
735:13)
      at beginWork (nod
e_modules/react-test-re
nderer/cjs/react-test-r
enderer.development.js:
7551:13)
      at 
runWithFiberInDEV (node
_modules/react-test-ren
derer/cjs/react-test-re
nderer.development.js:1
574:13)
      at 
performUnitOfWork (node
_modules/react-test-ren
derer/cjs/react-test-re
nderer.development.js:1
0980:22)
      at workLoopSync (
node_modules/react-test
-renderer/cjs/react-tes
t-renderer.development.
js:10816:41)
      at 
renderRootSync (node_mo
dules/react-test-render
er/cjs/react-test-rende
rer.development.js:1079
7:11)
      at 
performWorkOnRoot (node
_modules/react-test-ren
derer/cjs/react-test-re
nderer.development.js:1
0384:39)
      at performWorkOnR
ootViaSchedulerTask (no
de_modules/react-test-r
enderer/cjs/react-test-
renderer.development.js
:2094:7)
      at flushActQueue 
(node_modules/react/cjs
/react.development.js:5
66:34)
      at process.env.NO
DE_ENV.exports.act (nod
e_modules/react/cjs/rea
ct.development.js:859:1
0)
      at 
actImplementation (node
_modules/@testing-libra
ry/react-native/src/act
.ts:30:25)
      at renderWithAct 
(node_modules/@testing-
library/react-native/sr
c/render-act.ts:13:11)
      at 
renderInternal (node_mo
dules/@testing-library/
react-native/src/render
.tsx:69:33)
      at 
renderInternal (node_mo
dules/@testing-library/
react-native/src/render
.tsx:44:10)
      at 
Object.<anonymous> (__t
ests__/screens/PremiumU
pgradeScreen.test.tsx:1
01:11)

  ÔùÅ 
PremiumUpgradeScreen 
ÔÇ║ displays benefits 
section

    Element type is 
invalid: expected a 
string (for built-in 
components) or a 
class/function (for 
composite components) 
but got: undefined. 
You likely forgot to 
export your component 
from the file it's 
defined in, or you 
might have mixed up 
default and named 
imports.

    Check the render 
method of 
`PremiumUpgradeScreen`.

    [0m [90m 105 
|[39m
     [90m 106 |[39m  
 it([32m'displays 
benefits section'[39m
[33m,[39m () 
[33m=>[39m {
    [31m[1m>[22m[39
m[90m 107 |[39m     r
ender([33m<[39m[33mP
remiumUpgradeScreen[39
m [33m/[39m[33m>[39
m)[33m;[39m
     [90m     |[39m  
         
[31m[1m^[22m[39m
     [90m 108 |[39m  
   
     [90m 109 |[39m  
   expect(screen[33m.
[39mgetByText([32m'Acc
├¿s instantan├®'[39m))
[33m.[39mtoBeTruthy()
[33m;[39m
     [90m 110 |[39m  
   expect(screen[33m.
[39mgetByText([32m'Sui
vi avanc├®'[39m))[33m
.[39mtoBeTruthy()[33m
;[39m[0m

      at createFiberFro
mTypeAndProps (node_mod
ules/react-test-rendere
r/cjs/react-test-render
er.development.js:12185
:28)
      at 
createFiberFromElement 
(node_modules/react-tes
t-renderer/cjs/react-te
st-renderer.development
.js:12199:14)
      at createChild (n
ode_modules/react-test-
renderer/cjs/react-test
-renderer.development.j
s:4475:26)
      at 
reconcileChildrenArray 
(node_modules/react-tes
t-renderer/cjs/react-te
st-renderer.development
.js:4805:25)
      at reconcileChild
FibersImpl (node_module
s/react-test-renderer/c
js/react-test-renderer.
development.js:5122:30)
      at node_modules/r
eact-test-renderer/cjs/
react-test-renderer.dev
elopment.js:5227:33
      at 
reconcileChildren (node
_modules/react-test-ren
derer/cjs/react-test-re
nderer.development.js:5
735:13)
      at beginWork (nod
e_modules/react-test-re
nderer/cjs/react-test-r
enderer.development.js:
7551:13)
      at 
runWithFiberInDEV (node
_modules/react-test-ren
derer/cjs/react-test-re
nderer.development.js:1
574:13)
      at 
performUnitOfWork (node
_modules/react-test-ren
derer/cjs/react-test-re
nderer.development.js:1
0980:22)
      at workLoopSync (
node_modules/react-test
-renderer/cjs/react-tes
t-renderer.development.
js:10816:41)
      at 
renderRootSync (node_mo
dules/react-test-render
er/cjs/react-test-rende
rer.development.js:1079
7:11)
      at 
performWorkOnRoot (node
_modules/react-test-ren
derer/cjs/react-test-re
nderer.development.js:1
0384:39)
      at performWorkOnR
ootViaSchedulerTask (no
de_modules/react-test-r
enderer/cjs/react-test-
renderer.development.js
:2094:7)
      at flushActQueue 
(node_modules/react/cjs
/react.development.js:5
66:34)
      at process.env.NO
DE_ENV.exports.act (nod
e_modules/react/cjs/rea
ct.development.js:859:1
0)
      at 
actImplementation (node
_modules/@testing-libra
ry/react-native/src/act
.ts:30:25)
      at renderWithAct 
(node_modules/@testing-
library/react-native/sr
c/render-act.ts:13:11)
      at 
renderInternal (node_mo
dules/@testing-library/
react-native/src/render
.tsx:69:33)
      at 
renderInternal (node_mo
dules/@testing-library/
react-native/src/render
.tsx:44:10)
      at 
Object.<anonymous> (__t
ests__/screens/PremiumU
pgradeScreen.test.tsx:1
07:11)

  ÔùÅ 
PremiumUpgradeScreen 
ÔÇ║ displays back 
button

    Element type is 
invalid: expected a 
string (for built-in 
components) or a 
class/function (for 
composite components) 
but got: undefined. 
You likely forgot to 
export your component 
from the file it's 
defined in, or you 
might have mixed up 
default and named 
imports.

    Check the render 
method of 
`PremiumUpgradeScreen`.

    [0m [90m 113 
|[39m
     [90m 114 |[39m  
 it([32m'displays 
back button'[39m[33m,
[39m () [33m=>[39m {
    [31m[1m>[22m[39
m[90m 115 |[39m     r
ender([33m<[39m[33mP
remiumUpgradeScreen[39
m [33m/[39m[33m>[39
m)[33m;[39m
     [90m     |[39m  
         
[31m[1m^[22m[39m
     [90m 116 |[39m  
   
     [90m 117 |[39m  
   expect(screen[33m.
[39mgetByText([32m'Plu
s tard'[39m))[33m.[3
9mtoBeTruthy()[33m;[3
9m
     [90m 118 |[39m  
 })[33m;[39m[0m

      at createFiberFro
mTypeAndProps (node_mod
ules/react-test-rendere
r/cjs/react-test-render
er.development.js:12185
:28)
      at 
createFiberFromElement 
(node_modules/react-tes
t-renderer/cjs/react-te
st-renderer.development
.js:12199:14)
      at createChild (n
ode_modules/react-test-
renderer/cjs/react-test
-renderer.development.j
s:4475:26)
      at 
reconcileChildrenArray 
(node_modules/react-tes
t-renderer/cjs/react-te
st-renderer.development
.js:4805:25)
      at reconcileChild
FibersImpl (node_module
s/react-test-renderer/c
js/react-test-renderer.
development.js:5122:30)
      at node_modules/r
eact-test-renderer/cjs/
react-test-renderer.dev
elopment.js:5227:33
      at 
reconcileChildren (node
_modules/react-test-ren
derer/cjs/react-test-re
nderer.development.js:5
735:13)
      at beginWork (nod
e_modules/react-test-re
nderer/cjs/react-test-r
enderer.development.js:
7551:13)
      at 
runWithFiberInDEV (node
_modules/react-test-ren
derer/cjs/react-test-re
nderer.development.js:1
574:13)
      at 
performUnitOfWork (node
_modules/react-test-ren
derer/cjs/react-test-re
nderer.development.js:1
0980:22)
      at workLoopSync (
node_modules/react-test
-renderer/cjs/react-tes
t-renderer.development.
js:10816:41)
      at 
renderRootSync (node_mo
dules/react-test-render
er/cjs/react-test-rende
rer.development.js:1079
7:11)
      at 
performWorkOnRoot (node
_modules/react-test-ren
derer/cjs/react-test-re
nderer.development.js:1
0384:39)
      at performWorkOnR
ootViaSchedulerTask (no
de_modules/react-test-r
enderer/cjs/react-test-
renderer.development.js
:2094:7)
      at flushActQueue 
(node_modules/react/cjs
/react.development.js:5
66:34)
      at process.env.NO
DE_ENV.exports.act (nod
e_modules/react/cjs/rea
ct.development.js:859:1
0)
      at 
actImplementation (node
_modules/@testing-libra
ry/react-native/src/act
.ts:30:25)
      at renderWithAct 
(node_modules/@testing-
library/react-native/sr
c/render-act.ts:13:11)
      at 
renderInternal (node_mo
dules/@testing-library/
react-native/src/render
.tsx:69:33)
      at 
renderInternal (node_mo
dules/@testing-library/
react-native/src/render
.tsx:44:10)
      at 
Object.<anonymous> (__t
ests__/screens/PremiumU
pgradeScreen.test.tsx:1
15:11)

  ÔùÅ 
PremiumUpgradeScreen 
ÔÇ║ navigates back 
when back button is 
pressed

    Element type is 
invalid: expected a 
string (for built-in 
components) or a 
class/function (for 
composite components) 
but got: undefined. 
You likely forgot to 
export your component 
from the file it's 
defined in, or you 
might have mixed up 
default and named 
imports.

    Check the render 
method of 
`PremiumUpgradeScreen`.

    [0m [90m 119 
|[39m
     [90m 120 |[39m  
 it([32m'navigates 
back when back button 
is pressed'[39m[33m,
[39m () [33m=>[39m {
    [31m[1m>[22m[39
m[90m 121 |[39m     r
ender([33m<[39m[33mP
remiumUpgradeScreen[39
m [33m/[39m[33m>[39
m)[33m;[39m
     [90m     |[39m  
         
[31m[1m^[22m[39m
     [90m 122 |[39m  
   
     [90m 123 |[39m  
   fireEvent[33m.[39m
press(screen[33m.[39m
getByText([32m'Plus 
tard'[39m))[33m;[39m
     [90m 124 |[39m  
   [0m

      at createFiberFro
mTypeAndProps (node_mod
ules/react-test-rendere
r/cjs/react-test-render
er.development.js:12185
:28)
      at 
createFiberFromElement 
(node_modules/react-tes
t-renderer/cjs/react-te
st-renderer.development
.js:12199:14)
      at createChild (n
ode_modules/react-test-
renderer/cjs/react-test
-renderer.development.j
s:4475:26)
      at 
reconcileChildrenArray 
(node_modules/react-tes
t-renderer/cjs/react-te
st-renderer.development
.js:4805:25)
      at reconcileChild
FibersImpl (node_module
s/react-test-renderer/c
js/react-test-renderer.
development.js:5122:30)
      at node_modules/r
eact-test-renderer/cjs/
react-test-renderer.dev
elopment.js:5227:33
      at 
reconcileChildren (node
_modules/react-test-ren
derer/cjs/react-test-re
nderer.development.js:5
735:13)
      at beginWork (nod
e_modules/react-test-re
nderer/cjs/react-test-r
enderer.development.js:
7551:13)
      at 
runWithFiberInDEV (node
_modules/react-test-ren
derer/cjs/react-test-re
nderer.development.js:1
574:13)
      at 
performUnitOfWork (node
_modules/react-test-ren
derer/cjs/react-test-re
nderer.development.js:1
0980:22)
      at workLoopSync (
node_modules/react-test
-renderer/cjs/react-tes
t-renderer.development.
js:10816:41)
      at 
renderRootSync (node_mo
dules/react-test-render
er/cjs/react-test-rende
rer.development.js:1079
7:11)
      at 
performWorkOnRoot (node
_modules/react-test-ren
derer/cjs/react-test-re
nderer.development.js:1
0384:39)
      at performWorkOnR
ootViaSchedulerTask (no
de_modules/react-test-r
enderer/cjs/react-test-
renderer.development.js
:2094:7)
      at flushActQueue 
(node_modules/react/cjs
/react.development.js:5
66:34)
      at process.env.NO
DE_ENV.exports.act (nod
e_modules/react/cjs/rea
ct.development.js:859:1
0)
      at 
actImplementation (node
_modules/@testing-libra
ry/react-native/src/act
.ts:30:25)
      at renderWithAct 
(node_modules/@testing-
library/react-native/sr
c/render-act.ts:13:11)
      at 
renderInternal (node_mo
dules/@testing-library/
react-native/src/render
.tsx:69:33)
      at 
renderInternal (node_mo
dules/@testing-library/
react-native/src/render
.tsx:44:10)
      at 
Object.<anonymous> (__t
ests__/screens/PremiumU
pgradeScreen.test.tsx:1
21:11)

FAIL __tests__/screens/
UsernameSetupScreen.tes
t.tsx
  ÔùÅ 
UsernameSetupScreen 
ÔÇ║ renders without 
crashing

    Element type is 
invalid: expected a 
string (for built-in 
components) or a 
class/function (for 
composite components) 
but got: undefined. 
You likely forgot to 
export your component 
from the file it's 
defined in, or you 
might have mixed up 
default and named 
imports.

    Check the render 
method of 
`LanguageSelector`.

    [0m [90m 93 
|[39m
     [90m 94 |[39m   
it([32m'renders 
without crashing'[39m
[33m,[39m () 
[33m=>[39m {
    [31m[1m>[22m[39
m[90m 95 |[39m     
[36mconst[39m { 
toJSON } [33m=[39m re
nder([33m<[39m[33mUs
ernameSetupScreen[39m 
[33m/[39m[33m>[39m)
[33m;[39m
     [90m    |[39m   
                       
    
[31m[1m^[22m[39m
     [90m 96 |[39m   
  expect(toJSON())[33m
.[39mtoBeTruthy()[33m
;[39m
     [90m 97 |[39m   
})[33m;[39m
     [90m 98 
|[39m[0m

      at createFiberFro
mTypeAndProps (node_mod
ules/react-test-rendere
r/cjs/react-test-render
er.development.js:12185
:28)
      at 
createFiberFromElement 
(node_modules/react-tes
t-renderer/cjs/react-te
st-renderer.development
.js:12199:14)
      at createChild (n
ode_modules/react-test-
renderer/cjs/react-test
-renderer.development.j
s:4475:26)
      at 
reconcileChildrenArray 
(node_modules/react-tes
t-renderer/cjs/react-te
st-renderer.development
.js:4805:25)
      at reconcileChild
FibersImpl (node_module
s/react-test-renderer/c
js/react-test-renderer.
development.js:5122:30)
      at node_modules/r
eact-test-renderer/cjs/
react-test-renderer.dev
elopment.js:5227:33
      at 
reconcileChildren (node
_modules/react-test-ren
derer/cjs/react-test-re
nderer.development.js:5
735:13)
      at beginWork (nod
e_modules/react-test-re
nderer/cjs/react-test-r
enderer.development.js:
7595:13)
      at 
runWithFiberInDEV (node
_modules/react-test-ren
derer/cjs/react-test-re
nderer.development.js:1
574:13)
      at 
performUnitOfWork (node
_modules/react-test-ren
derer/cjs/react-test-re
nderer.development.js:1
0980:22)
      at workLoopSync (
node_modules/react-test
-renderer/cjs/react-tes
t-renderer.development.
js:10816:41)
      at 
renderRootSync (node_mo
dules/react-test-render
er/cjs/react-test-rende
rer.development.js:1079
7:11)
      at 
performWorkOnRoot (node
_modules/react-test-ren
derer/cjs/react-test-re
nderer.development.js:1
0384:39)
      at performWorkOnR
ootViaSchedulerTask (no
de_modules/react-test-r
enderer/cjs/react-test-
renderer.development.js
:2094:7)
      at flushActQueue 
(node_modules/react/cjs
/react.development.js:5
66:34)
      at process.env.NO
DE_ENV.exports.act (nod
e_modules/react/cjs/rea
ct.development.js:859:1
0)
      at 
actImplementation (node
_modules/@testing-libra
ry/react-native/src/act
.ts:30:25)
      at renderWithAct 
(node_modules/@testing-
library/react-native/sr
c/render-act.ts:13:11)
      at 
renderInternal (node_mo
dules/@testing-library/
react-native/src/render
.tsx:69:33)
      at 
renderInternal (node_mo
dules/@testing-library/
react-native/src/render
.tsx:44:10)
      at 
Object.<anonymous> (__t
ests__/screens/Username
SetupScreen.test.tsx:95
:30)

  ÔùÅ 
UsernameSetupScreen 
ÔÇ║ displays welcome 
title

    Element type is 
invalid: expected a 
string (for built-in 
components) or a 
class/function (for 
composite components) 
but got: undefined. 
You likely forgot to 
export your component 
from the file it's 
defined in, or you 
might have mixed up 
default and named 
imports.

    Check the render 
method of 
`LanguageSelector`.

    [0m [90m  98 
|[39m
     [90m  99 |[39m  
 it([32m'displays 
welcome 
title'[39m[33m,[39m 
() [33m=>[39m {
    [31m[1m>[22m[39
m[90m 100 |[39m     r
ender([33m<[39m[33mU
sernameSetupScreen[39m
 [33m/[39m[33m>[39m
)[33m;[39m
     [90m     |[39m  
         
[31m[1m^[22m[39m
     [90m 101 |[39m  
   expect(screen[33m.
[39mgetByText([32m'Bie
nvenue !'[39m))[33m.
[39mtoBeTruthy()[33m;
[39m
     [90m 102 |[39m  
 })[33m;[39m
     [90m 103 
|[39m[0m

      at createFiberFro
mTypeAndProps (node_mod
ules/react-test-rendere
r/cjs/react-test-render
er.development.js:12185
:28)
      at 
createFiberFromElement 
(node_modules/react-tes
t-renderer/cjs/react-te
st-renderer.development
.js:12199:14)
      at createChild (n
ode_modules/react-test-
renderer/cjs/react-test
-renderer.development.j
s:4475:26)
      at 
reconcileChildrenArray 
(node_modules/react-tes
t-renderer/cjs/react-te
st-renderer.development
.js:4805:25)
      at reconcileChild
FibersImpl (node_module
s/react-test-renderer/c
js/react-test-renderer.
development.js:5122:30)
      at node_modules/r
eact-test-renderer/cjs/
react-test-renderer.dev
elopment.js:5227:33
      at 
reconcileChildren (node
_modules/react-test-ren
derer/cjs/react-test-re
nderer.development.js:5
735:13)
      at beginWork (nod
e_modules/react-test-re
nderer/cjs/react-test-r
enderer.development.js:
7595:13)
      at 
runWithFiberInDEV (node
_modules/react-test-ren
derer/cjs/react-test-re
nderer.development.js:1
574:13)
      at 
performUnitOfWork (node
_modules/react-test-ren
derer/cjs/react-test-re
nderer.development.js:1
0980:22)
      at workLoopSync (
node_modules/react-test
-renderer/cjs/react-tes
t-renderer.development.
js:10816:41)
      at 
renderRootSync (node_mo
dules/react-test-render
er/cjs/react-test-rende
rer.development.js:1079
7:11)
      at 
performWorkOnRoot (node
_modules/react-test-ren
derer/cjs/react-test-re
nderer.development.js:1
0384:39)
      at performWorkOnR
ootViaSchedulerTask (no
de_modules/react-test-r
enderer/cjs/react-test-
renderer.development.js
:2094:7)
      at flushActQueue 
(node_modules/react/cjs
/react.development.js:5
66:34)
      at process.env.NO
DE_ENV.exports.act (nod
e_modules/react/cjs/rea
ct.development.js:859:1
0)
      at 
actImplementation (node
_modules/@testing-libra
ry/react-native/src/act
.ts:30:25)
      at renderWithAct 
(node_modules/@testing-
library/react-native/sr
c/render-act.ts:13:11)
      at 
renderInternal (node_mo
dules/@testing-library/
react-native/src/render
.tsx:69:33)
      at 
renderInternal (node_mo
dules/@testing-library/
react-native/src/render
.tsx:44:10)
      at 
Object.<anonymous> (__t
ests__/screens/Username
SetupScreen.test.tsx:10
0:11)

  ÔùÅ 
UsernameSetupScreen 
ÔÇ║ displays subtitle

    Element type is 
invalid: expected a 
string (for built-in 
components) or a 
class/function (for 
composite components) 
but got: undefined. 
You likely forgot to 
export your component 
from the file it's 
defined in, or you 
might have mixed up 
default and named 
imports.

    Check the render 
method of 
`LanguageSelector`.

    [0m [90m 103 
|[39m
     [90m 104 |[39m  
 it([32m'displays subt
itle'[39m[33m,[39m 
() [33m=>[39m {
    [31m[1m>[22m[39
m[90m 105 |[39m     r
ender([33m<[39m[33mU
sernameSetupScreen[39m
 [33m/[39m[33m>[39m
)[33m;[39m
     [90m     |[39m  
         
[31m[1m^[22m[39m
     [90m 106 |[39m  
   expect(screen[33m.
[39mgetByText([32m'Con
figurez votre profil'[
39m))[33m.[39mtoBeTru
thy()[33m;[39m
     [90m 107 |[39m  
 })[33m;[39m
     [90m 108 
|[39m[0m

      at createFiberFro
mTypeAndProps (node_mod
ules/react-test-rendere
r/cjs/react-test-render
er.development.js:12185
:28)
      at 
createFiberFromElement 
(node_modules/react-tes
t-renderer/cjs/react-te
st-renderer.development
.js:12199:14)
      at createChild (n
ode_modules/react-test-
renderer/cjs/react-test
-renderer.development.j
s:4475:26)
      at 
reconcileChildrenArray 
(node_modules/react-tes
t-renderer/cjs/react-te
st-renderer.development
.js:4805:25)
      at reconcileChild
FibersImpl (node_module
s/react-test-renderer/c
js/react-test-renderer.
development.js:5122:30)
      at node_modules/r
eact-test-renderer/cjs/
react-test-renderer.dev
elopment.js:5227:33
      at 
reconcileChildren (node
_modules/react-test-ren
derer/cjs/react-test-re
nderer.development.js:5
735:13)
      at beginWork (nod
e_modules/react-test-re
nderer/cjs/react-test-r
enderer.development.js:
7595:13)
      at 
runWithFiberInDEV (node
_modules/react-test-ren
derer/cjs/react-test-re
nderer.development.js:1
574:13)
      at 
performUnitOfWork (node
_modules/react-test-ren
derer/cjs/react-test-re
nderer.development.js:1
0980:22)
      at workLoopSync (
node_modules/react-test
-renderer/cjs/react-tes
t-renderer.development.
js:10816:41)
      at 
renderRootSync (node_mo
dules/react-test-render
er/cjs/react-test-rende
rer.development.js:1079
7:11)
      at 
performWorkOnRoot (node
_modules/react-test-ren
derer/cjs/react-test-re
nderer.development.js:1
0384:39)
      at performWorkOnR
ootViaSchedulerTask (no
de_modules/react-test-r
enderer/cjs/react-test-
renderer.development.js
:2094:7)
      at flushActQueue 
(node_modules/react/cjs
/react.development.js:5
66:34)
      at process.env.NO
DE_ENV.exports.act (nod
e_modules/react/cjs/rea
ct.development.js:859:1
0)
      at 
actImplementation (node
_modules/@testing-libra
ry/react-native/src/act
.ts:30:25)
      at renderWithAct 
(node_modules/@testing-
library/react-native/sr
c/render-act.ts:13:11)
      at 
renderInternal (node_mo
dules/@testing-library/
react-native/src/render
.tsx:69:33)
      at 
renderInternal (node_mo
dules/@testing-library/
react-native/src/render
.tsx:44:10)
      at 
Object.<anonymous> (__t
ests__/screens/Username
SetupScreen.test.tsx:10
5:11)

  ÔùÅ 
UsernameSetupScreen 
ÔÇ║ displays username 
input

    Element type is 
invalid: expected a 
string (for built-in 
components) or a 
class/function (for 
composite components) 
but got: undefined. 
You likely forgot to 
export your component 
from the file it's 
defined in, or you 
might have mixed up 
default and named 
imports.

    Check the render 
method of 
`LanguageSelector`.

    [0m [90m 108 
|[39m
     [90m 109 |[39m  
 it([32m'displays 
username 
input'[39m[33m,[39m 
() [33m=>[39m {
    [31m[1m>[22m[39
m[90m 110 |[39m     r
ender([33m<[39m[33mU
sernameSetupScreen[39m
 [33m/[39m[33m>[39m
)[33m;[39m
     [90m     |[39m  
         
[31m[1m^[22m[39m
     [90m 111 |[39m  
   expect(screen[33m.
[39mgetByPlaceholderTex
t([32m'pseudo123'[39m
))[33m.[39mtoBeTruthy
()[33m;[39m
     [90m 112 |[39m  
 })[33m;[39m
     [90m 113 
|[39m[0m

      at createFiberFro
mTypeAndProps (node_mod
ules/react-test-rendere
r/cjs/react-test-render
er.development.js:12185
:28)
      at 
createFiberFromElement 
(node_modules/react-tes
t-renderer/cjs/react-te
st-renderer.development
.js:12199:14)
      at createChild (n
ode_modules/react-test-
renderer/cjs/react-test
-renderer.development.j
s:4475:26)
      at 
reconcileChildrenArray 
(node_modules/react-tes
t-renderer/cjs/react-te
st-renderer.development
.js:4805:25)
      at reconcileChild
FibersImpl (node_module
s/react-test-renderer/c
js/react-test-renderer.
development.js:5122:30)
      at node_modules/r
eact-test-renderer/cjs/
react-test-renderer.dev
elopment.js:5227:33
      at 
reconcileChildren (node
_modules/react-test-ren
derer/cjs/react-test-re
nderer.development.js:5
735:13)
      at beginWork (nod
e_modules/react-test-re
nderer/cjs/react-test-r
enderer.development.js:
7595:13)
      at 
runWithFiberInDEV (node
_modules/react-test-ren
derer/cjs/react-test-re
nderer.development.js:1
574:13)
      at 
performUnitOfWork (node
_modules/react-test-ren
derer/cjs/react-test-re
nderer.development.js:1
0980:22)
      at workLoopSync (
node_modules/react-test
-renderer/cjs/react-tes
t-renderer.development.
js:10816:41)
      at 
renderRootSync (node_mo
dules/react-test-render
er/cjs/react-test-rende
rer.development.js:1079
7:11)
      at 
performWorkOnRoot (node
_modules/react-test-ren
derer/cjs/react-test-re
nderer.development.js:1
0384:39)
      at performWorkOnR
ootViaSchedulerTask (no
de_modules/react-test-r
enderer/cjs/react-test-
renderer.development.js
:2094:7)
      at flushActQueue 
(node_modules/react/cjs
/react.development.js:5
66:34)
      at process.env.NO
DE_ENV.exports.act (nod
e_modules/react/cjs/rea
ct.development.js:859:1
0)
      at 
actImplementation (node
_modules/@testing-libra
ry/react-native/src/act
.ts:30:25)
      at renderWithAct 
(node_modules/@testing-
library/react-native/sr
c/render-act.ts:13:11)
      at 
renderInternal (node_mo
dules/@testing-library/
react-native/src/render
.tsx:69:33)
      at 
renderInternal (node_mo
dules/@testing-library/
react-native/src/render
.tsx:44:10)
      at 
Object.<anonymous> (__t
ests__/screens/Username
SetupScreen.test.tsx:11
0:11)

  ÔùÅ 
UsernameSetupScreen 
ÔÇ║ displays next 
button (Suivant)

    Element type is 
invalid: expected a 
string (for built-in 
components) or a 
class/function (for 
composite components) 
but got: undefined. 
You likely forgot to 
export your component 
from the file it's 
defined in, or you 
might have mixed up 
default and named 
imports.

    Check the render 
method of 
`LanguageSelector`.

    [0m [90m 113 
|[39m
     [90m 114 |[39m  
 it([32m'displays 
next button (Suivant)'
[39m[33m,[39m () 
[33m=>[39m {
    [31m[1m>[22m[39
m[90m 115 |[39m     r
ender([33m<[39m[33mU
sernameSetupScreen[39m
 [33m/[39m[33m>[39m
)[33m;[39m
     [90m     |[39m  
         
[31m[1m^[22m[39m
     [90m 116 |[39m  
   expect(screen[33m.
[39mgetByText([32m'Sui
vant'[39m))[33m.[39m
toBeTruthy()[33m;[39m
     [90m 117 |[39m  
 })[33m;[39m
     [90m 118 
|[39m[0m

      at createFiberFro
mTypeAndProps (node_mod
ules/react-test-rendere
r/cjs/react-test-render
er.development.js:12185
:28)
      at 
createFiberFromElement 
(node_modules/react-tes
t-renderer/cjs/react-te
st-renderer.development
.js:12199:14)
      at createChild (n
ode_modules/react-test-
renderer/cjs/react-test
-renderer.development.j
s:4475:26)
      at 
reconcileChildrenArray 
(node_modules/react-tes
t-renderer/cjs/react-te
st-renderer.development
.js:4805:25)
      at reconcileChild
FibersImpl (node_module
s/react-test-renderer/c
js/react-test-renderer.
development.js:5122:30)
      at node_modules/r
eact-test-renderer/cjs/
react-test-renderer.dev
elopment.js:5227:33
      at 
reconcileChildren (node
_modules/react-test-ren
derer/cjs/react-test-re
nderer.development.js:5
735:13)
      at beginWork (nod
e_modules/react-test-re
nderer/cjs/react-test-r
enderer.development.js:
7595:13)
      at 
runWithFiberInDEV (node
_modules/react-test-ren
derer/cjs/react-test-re
nderer.development.js:1
574:13)
      at 
performUnitOfWork (node
_modules/react-test-ren
derer/cjs/react-test-re
nderer.development.js:1
0980:22)
      at workLoopSync (
node_modules/react-test
-renderer/cjs/react-tes
t-renderer.development.
js:10816:41)
      at 
renderRootSync (node_mo
dules/react-test-render
er/cjs/react-test-rende
rer.development.js:1079
7:11)
      at 
performWorkOnRoot (node
_modules/react-test-ren
derer/cjs/react-test-re
nderer.development.js:1
0384:39)
      at performWorkOnR
ootViaSchedulerTask (no
de_modules/react-test-r
enderer/cjs/react-test-
renderer.development.js
:2094:7)
      at flushActQueue 
(node_modules/react/cjs
/react.development.js:5
66:34)
      at process.env.NO
DE_ENV.exports.act (nod
e_modules/react/cjs/rea
ct.development.js:859:1
0)
      at 
actImplementation (node
_modules/@testing-libra
ry/react-native/src/act
.ts:30:25)
      at renderWithAct 
(node_modules/@testing-
library/react-native/sr
c/render-act.ts:13:11)
      at 
renderInternal (node_mo
dules/@testing-library/
react-native/src/render
.tsx:69:33)
      at 
renderInternal (node_mo
dules/@testing-library/
react-native/src/render
.tsx:44:10)
      at 
Object.<anonymous> (__t
ests__/screens/Username
SetupScreen.test.tsx:11
5:11)

  ÔùÅ 
UsernameSetupScreen 
ÔÇ║ validates username 
format

    Element type is 
invalid: expected a 
string (for built-in 
components) or a 
class/function (for 
composite components) 
but got: undefined. 
You likely forgot to 
export your component 
from the file it's 
defined in, or you 
might have mixed up 
default and named 
imports.

    Check the render 
method of 
`LanguageSelector`.

    [0m [90m 118 
|[39m
     [90m 119 |[39m  
 it([32m'validates 
username format'[39m[
33m,[39m 
[36masync[39m () 
[33m=>[39m {
    [31m[1m>[22m[39
m[90m 120 |[39m     r
ender([33m<[39m[33mU
sernameSetupScreen[39m
 [33m/[39m[33m>[39m
)[33m;[39m
     [90m     |[39m  
         
[31m[1m^[22m[39m
     [90m 121 |[39m  
   [36mconst[39m 
input [33m=[39m scree
n[33m.[39mgetByPlaceh
olderText([32m'pseudo1
23'[39m)[33m;[39m
     [90m 122 |[39m  
   fireEvent[33m.[39m
changeText(input[33m,
[39m [32m'ab'[39m)[3
3m;[39m [90m// Too 
short[39m
     [90m 123 |[39m  
   jest[33m.[39madvan
ceTimersByTime([35m400
[39m)[33m;[39m[0m

      at createFiberFro
mTypeAndProps (node_mod
ules/react-test-rendere
r/cjs/react-test-render
er.development.js:12185
:28)
      at 
createFiberFromElement 
(node_modules/react-tes
t-renderer/cjs/react-te
st-renderer.development
.js:12199:14)
      at createChild (n
ode_modules/react-test-
renderer/cjs/react-test
-renderer.development.j
s:4475:26)
      at 
reconcileChildrenArray 
(node_modules/react-tes
t-renderer/cjs/react-te
st-renderer.development
.js:4805:25)
      at reconcileChild
FibersImpl (node_module
s/react-test-renderer/c
js/react-test-renderer.
development.js:5122:30)
      at node_modules/r
eact-test-renderer/cjs/
react-test-renderer.dev
elopment.js:5227:33
      at 
reconcileChildren (node
_modules/react-test-ren
derer/cjs/react-test-re
nderer.development.js:5
735:13)
      at beginWork (nod
e_modules/react-test-re
nderer/cjs/react-test-r
enderer.development.js:
7595:13)
      at 
runWithFiberInDEV (node
_modules/react-test-ren
derer/cjs/react-test-re
nderer.development.js:1
574:13)
      at 
performUnitOfWork (node
_modules/react-test-ren
derer/cjs/react-test-re
nderer.development.js:1
0980:22)
      at workLoopSync (
node_modules/react-test
-renderer/cjs/react-tes
t-renderer.development.
js:10816:41)
      at 
renderRootSync (node_mo
dules/react-test-render
er/cjs/react-test-rende
rer.development.js:1079
7:11)
      at 
performWorkOnRoot (node
_modules/react-test-ren
derer/cjs/react-test-re
nderer.development.js:1
0384:39)
      at performWorkOnR
ootViaSchedulerTask (no
de_modules/react-test-r
enderer/cjs/react-test-
renderer.development.js
:2094:7)
      at flushActQueue 
(node_modules/react/cjs
/react.development.js:5
66:34)
      at process.env.NO
DE_ENV.exports.act (nod
e_modules/react/cjs/rea
ct.development.js:859:1
0)
      at 
actImplementation (node
_modules/@testing-libra
ry/react-native/src/act
.ts:30:25)
      at renderWithAct 
(node_modules/@testing-
library/react-native/sr
c/render-act.ts:13:11)
      at 
renderInternal (node_mo
dules/@testing-library/
react-native/src/render
.tsx:69:33)
      at 
renderInternal (node_mo
dules/@testing-library/
react-native/src/render
.tsx:44:10)
      at 
Object.<anonymous> (__t
ests__/screens/Username
SetupScreen.test.tsx:12
0:11)
      at 
asyncGeneratorStep (nod
e_modules/@babel/runtim
e/helpers/asyncToGenera
tor.js:3:17)
      at _next (node_mo
dules/@babel/runtime/he
lpers/asyncToGenerator.
js:17:9)
      at node_modules/@
babel/runtime/helpers/a
syncToGenerator.js:22:7
      at 
Object.<anonymous> (nod
e_modules/@babel/runtim
e/helpers/asyncToGenera
tor.js:14:12)

  ÔùÅ 
UsernameSetupScreen 
ÔÇ║ checks username 
availability

    Element type is 
invalid: expected a 
string (for built-in 
components) or a 
class/function (for 
composite components) 
but got: undefined. 
You likely forgot to 
export your component 
from the file it's 
defined in, or you 
might have mixed up 
default and named 
imports.

    Check the render 
method of 
`LanguageSelector`.

    [0m [90m 126 
|[39m
     [90m 127 |[39m  
 it([32m'checks 
username availability'
[39m[33m,[39m 
[36masync[39m () 
[33m=>[39m {
    [31m[1m>[22m[39
m[90m 128 |[39m     r
ender([33m<[39m[33mU
sernameSetupScreen[39m
 [33m/[39m[33m>[39m
)[33m;[39m
     [90m     |[39m  
         
[31m[1m^[22m[39m
     [90m 129 |[39m  
   [36mconst[39m 
input [33m=[39m scree
n[33m.[39mgetByPlaceh
olderText([32m'pseudo1
23'[39m)[33m;[39m
     [90m 130 |[39m  
   fireEvent[33m.[39m
changeText(input[33m,
[39m [32m'validusernam
e'[39m)[33m;[39m
     [90m 131 |[39m  
   jest[33m.[39madvan
ceTimersByTime([35m400
[39m)[33m;[39m[0m

      at createFiberFro
mTypeAndProps (node_mod
ules/react-test-rendere
r/cjs/react-test-render
er.development.js:12185
:28)
      at 
createFiberFromElement 
(node_modules/react-tes
t-renderer/cjs/react-te
st-renderer.development
.js:12199:14)
      at createChild (n
ode_modules/react-test-
renderer/cjs/react-test
-renderer.development.j
s:4475:26)
      at 
reconcileChildrenArray 
(node_modules/react-tes
t-renderer/cjs/react-te
st-renderer.development
.js:4805:25)
      at reconcileChild
FibersImpl (node_module
s/react-test-renderer/c
js/react-test-renderer.
development.js:5122:30)
      at node_modules/r
eact-test-renderer/cjs/
react-test-renderer.dev
elopment.js:5227:33
      at 
reconcileChildren (node
_modules/react-test-ren
derer/cjs/react-test-re
nderer.development.js:5
735:13)
      at beginWork (nod
e_modules/react-test-re
nderer/cjs/react-test-r
enderer.development.js:
7595:13)
      at 
runWithFiberInDEV (node
_modules/react-test-ren
derer/cjs/react-test-re
nderer.development.js:1
574:13)
      at 
performUnitOfWork (node
_modules/react-test-ren
derer/cjs/react-test-re
nderer.development.js:1
0980:22)
      at workLoopSync (
node_modules/react-test
-renderer/cjs/react-tes
t-renderer.development.
js:10816:41)
      at 
renderRootSync (node_mo
dules/react-test-render
er/cjs/react-test-rende
rer.development.js:1079
7:11)
      at 
performWorkOnRoot (node
_modules/react-test-ren
derer/cjs/react-test-re
nderer.development.js:1
0384:39)
      at performWorkOnR
ootViaSchedulerTask (no
de_modules/react-test-r
enderer/cjs/react-test-
renderer.development.js
:2094:7)
      at flushActQueue 
(node_modules/react/cjs
/react.development.js:5
66:34)
      at process.env.NO
DE_ENV.exports.act (nod
e_modules/react/cjs/rea
ct.development.js:859:1
0)
      at 
actImplementation (node
_modules/@testing-libra
ry/react-native/src/act
.ts:30:25)
      at renderWithAct 
(node_modules/@testing-
library/react-native/sr
c/render-act.ts:13:11)
      at 
renderInternal (node_mo
dules/@testing-library/
react-native/src/render
.tsx:69:33)
      at 
renderInternal (node_mo
dules/@testing-library/
react-native/src/render
.tsx:44:10)
      at 
Object.<anonymous> (__t
ests__/screens/Username
SetupScreen.test.tsx:12
8:11)
      at 
asyncGeneratorStep (nod
e_modules/@babel/runtim
e/helpers/asyncToGenera
tor.js:3:17)
      at _next (node_mo
dules/@babel/runtime/he
lpers/asyncToGenerator.
js:17:9)
      at node_modules/@
babel/runtime/helpers/a
syncToGenerator.js:22:7
      at 
Object.<anonymous> (nod
e_modules/@babel/runtim
e/helpers/asyncToGenera
tor.js:14:12)

  ÔùÅ 
UsernameSetupScreen 
ÔÇ║ transitions to 
theme selection step

    Element type is 
invalid: expected a 
string (for built-in 
components) or a 
class/function (for 
composite components) 
but got: undefined. 
You likely forgot to 
export your component 
from the file it's 
defined in, or you 
might have mixed up 
default and named 
imports.

    Check the render 
method of 
`LanguageSelector`.

    [0m [90m 136 
|[39m
     [90m 137 |[39m  
 it([32m'transitions 
to theme selection 
step'[39m[33m,[39m 
[36masync[39m () 
[33m=>[39m {
    [31m[1m>[22m[39
m[90m 138 |[39m     r
ender([33m<[39m[33mU
sernameSetupScreen[39m
 [33m/[39m[33m>[39m
)[33m;[39m
     [90m     |[39m  
         
[31m[1m^[22m[39m
     [90m 139 |[39m  
   [36mconst[39m 
input [33m=[39m scree
n[33m.[39mgetByPlaceh
olderText([32m'pseudo1
23'[39m)[33m;[39m
     [90m 140 |[39m  
   fireEvent[33m.[39m
changeText(input[33m,
[39m [32m'validusernam
e'[39m)[33m;[39m
     [90m 141 |[39m  
   jest[33m.[39madvan
ceTimersByTime([35m400
[39m)[33m;[39m 
[90m// Wait for 
debounce[39m[0m

      at createFiberFro
mTypeAndProps (node_mod
ules/react-test-rendere
r/cjs/react-test-render
er.development.js:12185
:28)
      at 
createFiberFromElement 
(node_modules/react-tes
t-renderer/cjs/react-te
st-renderer.development
.js:12199:14)
      at createChild (n
ode_modules/react-test-
renderer/cjs/react-test
-renderer.development.j
s:4475:26)
      at 
reconcileChildrenArray 
(node_modules/react-tes
t-renderer/cjs/react-te
st-renderer.development
.js:4805:25)
      at reconcileChild
FibersImpl (node_module
s/react-test-renderer/c
js/react-test-renderer.
development.js:5122:30)
      at node_modules/r
eact-test-renderer/cjs/
react-test-renderer.dev
elopment.js:5227:33
      at 
reconcileChildren (node
_modules/react-test-ren
derer/cjs/react-test-re
nderer.development.js:5
735:13)
      at beginWork (nod
e_modules/react-test-re
nderer/cjs/react-test-r
enderer.development.js:
7595:13)
      at 
runWithFiberInDEV (node
_modules/react-test-ren
derer/cjs/react-test-re
nderer.development.js:1
574:13)
      at 
performUnitOfWork (node
_modules/react-test-ren
derer/cjs/react-test-re
nderer.development.js:1
0980:22)
      at workLoopSync (
node_modules/react-test
-renderer/cjs/react-tes
t-renderer.development.
js:10816:41)
      at 
renderRootSync (node_mo
dules/react-test-render
er/cjs/react-test-rende
rer.development.js:1079
7:11)
      at 
performWorkOnRoot (node
_modules/react-test-ren
derer/cjs/react-test-re
nderer.development.js:1
0384:39)
      at performWorkOnR
ootViaSchedulerTask (no
de_modules/react-test-r
enderer/cjs/react-test-
renderer.development.js
:2094:7)
      at flushActQueue 
(node_modules/react/cjs
/react.development.js:5
66:34)
      at process.env.NO
DE_ENV.exports.act (nod
e_modules/react/cjs/rea
ct.development.js:859:1
0)
      at 
actImplementation (node
_modules/@testing-libra
ry/react-native/src/act
.ts:30:25)
      at renderWithAct 
(node_modules/@testing-
library/react-native/sr
c/render-act.ts:13:11)
      at 
renderInternal (node_mo
dules/@testing-library/
react-native/src/render
.tsx:69:33)
      at 
renderInternal (node_mo
dules/@testing-library/
react-native/src/render
.tsx:44:10)
      at 
Object.<anonymous> (__t
ests__/screens/Username
SetupScreen.test.tsx:13
8:11)
      at 
asyncGeneratorStep (nod
e_modules/@babel/runtim
e/helpers/asyncToGenera
tor.js:3:17)
      at _next (node_mo
dules/@babel/runtime/he
lpers/asyncToGenerator.
js:17:9)
      at node_modules/@
babel/runtime/helpers/a
syncToGenerator.js:22:7
      at 
Object.<anonymous> (nod
e_modules/@babel/runtim
e/helpers/asyncToGenera
tor.js:14:12)

  ÔùÅ 
UsernameSetupScreen 
ÔÇ║ allows theme 
selection

    Element type is 
invalid: expected a 
string (for built-in 
components) or a 
class/function (for 
composite components) 
but got: undefined. 
You likely forgot to 
export your component 
from the file it's 
defined in, or you 
might have mixed up 
default and named 
imports.

    Check the render 
method of 
`LanguageSelector`.

    [0m [90m 155 
|[39m
     [90m 156 |[39m  
 it([32m'allows theme 
selection'[39m[33m,[
39m [36masync[39m () 
[33m=>[39m {
    [31m[1m>[22m[39
m[90m 157 |[39m     r
ender([33m<[39m[33mU
sernameSetupScreen[39m
 [33m/[39m[33m>[39m
)[33m;[39m
     [90m     |[39m  
         
[31m[1m^[22m[39m
     [90m 158 |[39m  
   [90m// Step 1: 
Username[39m
     [90m 159 |[39m  
   [36mconst[39m 
input [33m=[39m scree
n[33m.[39mgetByPlaceh
olderText([32m'pseudo1
23'[39m)[33m;[39m
     [90m 160 |[39m  
   fireEvent[33m.[39m
changeText(input[33m,
[39m [32m'validusernam
e'[39m)[33m;[39m[0m

      at createFiberFro
mTypeAndProps (node_mod
ules/react-test-rendere
r/cjs/react-test-render
er.development.js:12185
:28)
      at 
createFiberFromElement 
(node_modules/react-tes
t-renderer/cjs/react-te
st-renderer.development
.js:12199:14)
      at createChild (n
ode_modules/react-test-
renderer/cjs/react-test
-renderer.development.j
s:4475:26)
      at 
reconcileChildrenArray 
(node_modules/react-tes
t-renderer/cjs/react-te
st-renderer.development
.js:4805:25)
      at reconcileChild
FibersImpl (node_module
s/react-test-renderer/c
js/react-test-renderer.
development.js:5122:30)
      at node_modules/r
eact-test-renderer/cjs/
react-test-renderer.dev
elopment.js:5227:33
      at 
reconcileChildren (node
_modules/react-test-ren
derer/cjs/react-test-re
nderer.development.js:5
735:13)
      at beginWork (nod
e_modules/react-test-re
nderer/cjs/react-test-r
enderer.development.js:
7595:13)
      at 
runWithFiberInDEV (node
_modules/react-test-ren
derer/cjs/react-test-re
nderer.development.js:1
574:13)
      at 
performUnitOfWork (node
_modules/react-test-ren
derer/cjs/react-test-re
nderer.development.js:1
0980:22)
      at workLoopSync (
node_modules/react-test
-renderer/cjs/react-tes
t-renderer.development.
js:10816:41)
      at 
renderRootSync (node_mo
dules/react-test-render
er/cjs/react-test-rende
rer.development.js:1079
7:11)
      at 
performWorkOnRoot (node
_modules/react-test-ren
derer/cjs/react-test-re
nderer.development.js:1
0384:39)
      at performWorkOnR
ootViaSchedulerTask (no
de_modules/react-test-r
enderer/cjs/react-test-
renderer.development.js
:2094:7)
      at flushActQueue 
(node_modules/react/cjs
/react.development.js:5
66:34)
      at process.env.NO
DE_ENV.exports.act (nod
e_modules/react/cjs/rea
ct.development.js:859:1
0)
      at 
actImplementation (node
_modules/@testing-libra
ry/react-native/src/act
.ts:30:25)
      at renderWithAct 
(node_modules/@testing-
library/react-native/sr
c/render-act.ts:13:11)
      at 
renderInternal (node_mo
dules/@testing-library/
react-native/src/render
.tsx:69:33)
      at 
renderInternal (node_mo
dules/@testing-library/
react-native/src/render
.tsx:44:10)
      at 
Object.<anonymous> (__t
ests__/screens/Username
SetupScreen.test.tsx:15
7:11)
      at 
asyncGeneratorStep (nod
e_modules/@babel/runtim
e/helpers/asyncToGenera
tor.js:3:17)
      at _next (node_mo
dules/@babel/runtime/he
lpers/asyncToGenerator.
js:17:9)
      at node_modules/@
babel/runtime/helpers/a
syncToGenerator.js:22:7
      at 
Object.<anonymous> (nod
e_modules/@babel/runtim
e/helpers/asyncToGenera
tor.js:14:12)

FAIL __tests__/screens/
SignUpScreen.test.tsx
  ÔùÅ SignUpScreen ÔÇ║ 
renders without 
crashing

    Element type is 
invalid: expected a 
string (for built-in 
components) or a 
class/function (for 
composite components) 
but got: undefined. 
You likely forgot to 
export your component 
from the file it's 
defined in, or you 
might have mixed up 
default and named 
imports.

    Check the render 
method of 
`LanguageSelector`.

    [0m [90m 53 
|[39m
     [90m 54 |[39m   
it([32m'renders 
without crashing'[39m
[33m,[39m () 
[33m=>[39m {
    [31m[1m>[22m[39
m[90m 55 |[39m     
[36mconst[39m { 
toJSON } [33m=[39m re
nder([33m<[39m[33mSi
gnUpScreen[39m [33m/
[39m[33m>[39m)[33m;
[39m
     [90m    |[39m   
                       
    
[31m[1m^[22m[39m
     [90m 56 |[39m   
  
     [90m 57 |[39m   
  expect(toJSON())[33m
.[39mtoBeTruthy()[33m
;[39m
     [90m 58 |[39m   
})[33m;[39m[0m

      at createFiberFro
mTypeAndProps (node_mod
ules/react-test-rendere
r/cjs/react-test-render
er.development.js:12185
:28)
      at 
createFiberFromElement 
(node_modules/react-tes
t-renderer/cjs/react-te
st-renderer.development
.js:12199:14)
      at createChild (n
ode_modules/react-test-
renderer/cjs/react-test
-renderer.development.j
s:4475:26)
      at 
reconcileChildrenArray 
(node_modules/react-tes
t-renderer/cjs/react-te
st-renderer.development
.js:4805:25)
      at reconcileChild
FibersImpl (node_module
s/react-test-renderer/c
js/react-test-renderer.
development.js:5122:30)
      at node_modules/r
eact-test-renderer/cjs/
react-test-renderer.dev
elopment.js:5227:33
      at 
reconcileChildren (node
_modules/react-test-ren
derer/cjs/react-test-re
nderer.development.js:5
735:13)
      at beginWork (nod
e_modules/react-test-re
nderer/cjs/react-test-r
enderer.development.js:
7595:13)
      at 
runWithFiberInDEV (node
_modules/react-test-ren
derer/cjs/react-test-re
nderer.development.js:1
574:13)
      at 
performUnitOfWork (node
_modules/react-test-ren
derer/cjs/react-test-re
nderer.development.js:1
0980:22)
      at workLoopSync (
node_modules/react-test
-renderer/cjs/react-tes
t-renderer.development.
js:10816:41)
      at 
renderRootSync (node_mo
dules/react-test-render
er/cjs/react-test-rende
rer.development.js:1079
7:11)
      at 
performWorkOnRoot (node
_modules/react-test-ren
derer/cjs/react-test-re
nderer.development.js:1
0384:39)
      at performWorkOnR
ootViaSchedulerTask (no
de_modules/react-test-r
enderer/cjs/react-test-
renderer.development.js
:2094:7)
      at flushActQueue 
(node_modules/react/cjs
/react.development.js:5
66:34)
      at process.env.NO
DE_ENV.exports.act (nod
e_modules/react/cjs/rea
ct.development.js:859:1
0)
      at 
actImplementation (node
_modules/@testing-libra
ry/react-native/src/act
.ts:30:25)
      at renderWithAct 
(node_modules/@testing-
library/react-native/sr
c/render-act.ts:13:11)
      at 
renderInternal (node_mo
dules/@testing-library/
react-native/src/render
.tsx:69:33)
      at 
renderInternal (node_mo
dules/@testing-library/
react-native/src/render
.tsx:44:10)
      at 
Object.<anonymous> (__t
ests__/screens/SignUpSc
reen.test.tsx:55:30)

  ÔùÅ SignUpScreen ÔÇ║ 
displays app title

    Element type is 
invalid: expected a 
string (for built-in 
components) or a 
class/function (for 
composite components) 
but got: undefined. 
You likely forgot to 
export your component 
from the file it's 
defined in, or you 
might have mixed up 
default and named 
imports.

    Check the render 
method of 
`LanguageSelector`.

    [0m [90m 59 
|[39m
     [90m 60 |[39m   
it([32m'displays app 
title'[39m[33m,[39m 
() [33m=>[39m {
    [31m[1m>[22m[39
m[90m 61 |[39m     re
nder([33m<[39m[33mSi
gnUpScreen[39m [33m/
[39m[33m>[39m)[33m;
[39m
     [90m    |[39m   
        
[31m[1m^[22m[39m
     [90m 62 |[39m   
  
     [90m 63 |[39m   
  expect(screen[33m.[
39mgetByText([32m'Heal
th Scan'[39m))[33m.[
39mtoBeTruthy()[33m;[
39m
     [90m 64 |[39m   
})[33m;[39m[0m

      at createFiberFro
mTypeAndProps (node_mod
ules/react-test-rendere
r/cjs/react-test-render
er.development.js:12185
:28)
      at 
createFiberFromElement 
(node_modules/react-tes
t-renderer/cjs/react-te
st-renderer.development
.js:12199:14)
      at createChild (n
ode_modules/react-test-
renderer/cjs/react-test
-renderer.development.j
s:4475:26)
      at 
reconcileChildrenArray 
(node_modules/react-tes
t-renderer/cjs/react-te
st-renderer.development
.js:4805:25)
      at reconcileChild
FibersImpl (node_module
s/react-test-renderer/c
js/react-test-renderer.
development.js:5122:30)
      at node_modules/r
eact-test-renderer/cjs/
react-test-renderer.dev
elopment.js:5227:33
      at 
reconcileChildren (node
_modules/react-test-ren
derer/cjs/react-test-re
nderer.development.js:5
735:13)
      at beginWork (nod
e_modules/react-test-re
nderer/cjs/react-test-r
enderer.development.js:
7595:13)
      at 
runWithFiberInDEV (node
_modules/react-test-ren
derer/cjs/react-test-re
nderer.development.js:1
574:13)
      at 
performUnitOfWork (node
_modules/react-test-ren
derer/cjs/react-test-re
nderer.development.js:1
0980:22)
      at workLoopSync (
node_modules/react-test
-renderer/cjs/react-tes
t-renderer.development.
js:10816:41)
      at 
renderRootSync (node_mo
dules/react-test-render
er/cjs/react-test-rende
rer.development.js:1079
7:11)
      at 
performWorkOnRoot (node
_modules/react-test-ren
derer/cjs/react-test-re
nderer.development.js:1
0384:39)
      at performWorkOnR
ootViaSchedulerTask (no
de_modules/react-test-r
enderer/cjs/react-test-
renderer.development.js
:2094:7)
      at flushActQueue 
(node_modules/react/cjs
/react.development.js:5
66:34)
      at process.env.NO
DE_ENV.exports.act (nod
e_modules/react/cjs/rea
ct.development.js:859:1
0)
      at 
actImplementation (node
_modules/@testing-libra
ry/react-native/src/act
.ts:30:25)
      at renderWithAct 
(node_modules/@testing-
library/react-native/sr
c/render-act.ts:13:11)
      at 
renderInternal (node_mo
dules/@testing-library/
react-native/src/render
.tsx:69:33)
      at 
renderInternal (node_mo
dules/@testing-library/
react-native/src/render
.tsx:44:10)
      at 
Object.<anonymous> (__t
ests__/screens/SignUpSc
reen.test.tsx:61:11)

  ÔùÅ SignUpScreen ÔÇ║ 
displays signup 
subtitle

    Element type is 
invalid: expected a 
string (for built-in 
components) or a 
class/function (for 
composite components) 
but got: undefined. 
You likely forgot to 
export your component 
from the file it's 
defined in, or you 
might have mixed up 
default and named 
imports.

    Check the render 
method of 
`LanguageSelector`.

    [0m [90m 65 
|[39m
     [90m 66 |[39m   
it([32m'displays 
signup subtitle'[39m[
33m,[39m () 
[33m=>[39m {
    [31m[1m>[22m[39
m[90m 67 |[39m     re
nder([33m<[39m[33mSi
gnUpScreen[39m [33m/
[39m[33m>[39m)[33m;
[39m
     [90m    |[39m   
        
[31m[1m^[22m[39m
     [90m 68 |[39m   
  
     [90m 69 |[39m   
  expect(screen[33m.[
39mgetByText([32m'Cree
z votre compte'[39m))
[33m.[39mtoBeTruthy()
[33m;[39m
     [90m 70 |[39m   
})[33m;[39m[0m

      at createFiberFro
mTypeAndProps (node_mod
ules/react-test-rendere
r/cjs/react-test-render
er.development.js:12185
:28)
      at 
createFiberFromElement 
(node_modules/react-tes
t-renderer/cjs/react-te
st-renderer.development
.js:12199:14)
      at createChild (n
ode_modules/react-test-
renderer/cjs/react-test
-renderer.development.j
s:4475:26)
      at 
reconcileChildrenArray 
(node_modules/react-tes
t-renderer/cjs/react-te
st-renderer.development
.js:4805:25)
      at reconcileChild
FibersImpl (node_module
s/react-test-renderer/c
js/react-test-renderer.
development.js:5122:30)
      at node_modules/r
eact-test-renderer/cjs/
react-test-renderer.dev
elopment.js:5227:33
      at 
reconcileChildren (node
_modules/react-test-ren
derer/cjs/react-test-re
nderer.development.js:5
735:13)
      at beginWork (nod
e_modules/react-test-re
nderer/cjs/react-test-r
enderer.development.js:
7595:13)
      at 
runWithFiberInDEV (node
_modules/react-test-ren
derer/cjs/react-test-re
nderer.development.js:1
574:13)
      at 
performUnitOfWork (node
_modules/react-test-ren
derer/cjs/react-test-re
nderer.development.js:1
0980:22)
      at workLoopSync (
node_modules/react-test
-renderer/cjs/react-tes
t-renderer.development.
js:10816:41)
      at 
renderRootSync (node_mo
dules/react-test-render
er/cjs/react-test-rende
rer.development.js:1079
7:11)
      at 
performWorkOnRoot (node
_modules/react-test-ren
derer/cjs/react-test-re
nderer.development.js:1
0384:39)
      at performWorkOnR
ootViaSchedulerTask (no
de_modules/react-test-r
enderer/cjs/react-test-
renderer.development.js
:2094:7)
      at flushActQueue 
(node_modules/react/cjs
/react.development.js:5
66:34)
      at process.env.NO
DE_ENV.exports.act (nod
e_modules/react/cjs/rea
ct.development.js:859:1
0)
      at 
actImplementation (node
_modules/@testing-libra
ry/react-native/src/act
.ts:30:25)
      at renderWithAct 
(node_modules/@testing-
library/react-native/sr
c/render-act.ts:13:11)
      at 
renderInternal (node_mo
dules/@testing-library/
react-native/src/render
.tsx:69:33)
      at 
renderInternal (node_mo
dules/@testing-library/
react-native/src/render
.tsx:44:10)
      at 
Object.<anonymous> (__t
ests__/screens/SignUpSc
reen.test.tsx:67:11)

  ÔùÅ SignUpScreen ÔÇ║ 
displays email input

    Element type is 
invalid: expected a 
string (for built-in 
components) or a 
class/function (for 
composite components) 
but got: undefined. 
You likely forgot to 
export your component 
from the file it's 
defined in, or you 
might have mixed up 
default and named 
imports.

    Check the render 
method of 
`LanguageSelector`.

    [0m [90m 71 
|[39m
     [90m 72 |[39m   
it([32m'displays 
email 
input'[39m[33m,[39m 
() [33m=>[39m {
    [31m[1m>[22m[39
m[90m 73 |[39m     re
nder([33m<[39m[33mSi
gnUpScreen[39m [33m/
[39m[33m>[39m)[33m;
[39m
     [90m    |[39m   
        
[31m[1m^[22m[39m
     [90m 74 |[39m   
  
     [90m 75 |[39m   
  expect(screen[33m.[
39mgetByPlaceholderText
([32m'votre@email.com'
[39m))[33m.[39mtoBeT
ruthy()[33m;[39m
     [90m 76 |[39m   
})[33m;[39m[0m

      at createFiberFro
mTypeAndProps (node_mod
ules/react-test-rendere
r/cjs/react-test-render
er.development.js:12185
:28)
      at 
createFiberFromElement 
(node_modules/react-tes
t-renderer/cjs/react-te
st-renderer.development
.js:12199:14)
      at createChild (n
ode_modules/react-test-
renderer/cjs/react-test
-renderer.development.j
s:4475:26)
      at 
reconcileChildrenArray 
(node_modules/react-tes
t-renderer/cjs/react-te
st-renderer.development
.js:4805:25)
      at reconcileChild
FibersImpl (node_module
s/react-test-renderer/c
js/react-test-renderer.
development.js:5122:30)
      at node_modules/r
eact-test-renderer/cjs/
react-test-renderer.dev
elopment.js:5227:33
      at 
reconcileChildren (node
_modules/react-test-ren
derer/cjs/react-test-re
nderer.development.js:5
735:13)
      at beginWork (nod
e_modules/react-test-re
nderer/cjs/react-test-r
enderer.development.js:
7595:13)
      at 
runWithFiberInDEV (node
_modules/react-test-ren
derer/cjs/react-test-re
nderer.development.js:1
574:13)
      at 
performUnitOfWork (node
_modules/react-test-ren
derer/cjs/react-test-re
nderer.development.js:1
0980:22)
      at workLoopSync (
node_modules/react-test
-renderer/cjs/react-tes
t-renderer.development.
js:10816:41)
      at 
renderRootSync (node_mo
dules/react-test-render
er/cjs/react-test-rende
rer.development.js:1079
7:11)
      at 
performWorkOnRoot (node
_modules/react-test-ren
derer/cjs/react-test-re
nderer.development.js:1
0384:39)
      at performWorkOnR
ootViaSchedulerTask (no
de_modules/react-test-r
enderer/cjs/react-test-
renderer.development.js
:2094:7)
      at flushActQueue 
(node_modules/react/cjs
/react.development.js:5
66:34)
      at process.env.NO
DE_ENV.exports.act (nod
e_modules/react/cjs/rea
ct.development.js:859:1
0)
      at 
actImplementation (node
_modules/@testing-libra
ry/react-native/src/act
.ts:30:25)
      at renderWithAct 
(node_modules/@testing-
library/react-native/sr
c/render-act.ts:13:11)
      at 
renderInternal (node_mo
dules/@testing-library/
react-native/src/render
.tsx:69:33)
      at 
renderInternal (node_mo
dules/@testing-library/
react-native/src/render
.tsx:44:10)
      at 
Object.<anonymous> (__t
ests__/screens/SignUpSc
reen.test.tsx:73:11)

  ÔùÅ SignUpScreen ÔÇ║ 
displays password 
inputs

    Element type is 
invalid: expected a 
string (for built-in 
components) or a 
class/function (for 
composite components) 
but got: undefined. 
You likely forgot to 
export your component 
from the file it's 
defined in, or you 
might have mixed up 
default and named 
imports.

    Check the render 
method of 
`LanguageSelector`.

    [0m [90m 77 
|[39m
     [90m 78 |[39m   
it([32m'displays 
password inputs'[39m[
33m,[39m () 
[33m=>[39m {
    [31m[1m>[22m[39
m[90m 79 |[39m     re
nder([33m<[39m[33mSi
gnUpScreen[39m [33m/
[39m[33m>[39m)[33m;
[39m
     [90m    |[39m   
        
[31m[1m^[22m[39m
     [90m 80 |[39m   
  
     [90m 81 |[39m   
  expect(screen[33m.[
39mgetByPlaceholderText
([32m'Minimum 6 caract
eres'[39m))[33m.[39m
toBeTruthy()[33m;[39m
     [90m 82 |[39m   
  expect(screen[33m.[
39mgetByPlaceholderText
([32m'Retapez votre 
mot de passe'[39m))[3
3m.[39mtoBeTruthy()[3
3m;[39m[0m

      at createFiberFro
mTypeAndProps (node_mod
ules/react-test-rendere
r/cjs/react-test-render
er.development.js:12185
:28)
      at 
createFiberFromElement 
(node_modules/react-tes
t-renderer/cjs/react-te
st-renderer.development
.js:12199:14)
      at createChild (n
ode_modules/react-test-
renderer/cjs/react-test
-renderer.development.j
s:4475:26)
      at 
reconcileChildrenArray 
(node_modules/react-tes
t-renderer/cjs/react-te
st-renderer.development
.js:4805:25)
      at reconcileChild
FibersImpl (node_module
s/react-test-renderer/c
js/react-test-renderer.
development.js:5122:30)
      at node_modules/r
eact-test-renderer/cjs/
react-test-renderer.dev
elopment.js:5227:33
      at 
reconcileChildren (node
_modules/react-test-ren
derer/cjs/react-test-re
nderer.development.js:5
735:13)
      at beginWork (nod
e_modules/react-test-re
nderer/cjs/react-test-r
enderer.development.js:
7595:13)
      at 
runWithFiberInDEV (node
_modules/react-test-ren
derer/cjs/react-test-re
nderer.development.js:1
574:13)
      at 
performUnitOfWork (node
_modules/react-test-ren
derer/cjs/react-test-re
nderer.development.js:1
0980:22)
      at workLoopSync (
node_modules/react-test
-renderer/cjs/react-tes
t-renderer.development.
js:10816:41)
      at 
renderRootSync (node_mo
dules/react-test-render
er/cjs/react-test-rende
rer.development.js:1079
7:11)
      at 
performWorkOnRoot (node
_modules/react-test-ren
derer/cjs/react-test-re
nderer.development.js:1
0384:39)
      at performWorkOnR
ootViaSchedulerTask (no
de_modules/react-test-r
enderer/cjs/react-test-
renderer.development.js
:2094:7)
      at flushActQueue 
(node_modules/react/cjs
/react.development.js:5
66:34)
      at process.env.NO
DE_ENV.exports.act (nod
e_modules/react/cjs/rea
ct.development.js:859:1
0)
      at 
actImplementation (node
_modules/@testing-libra
ry/react-native/src/act
.ts:30:25)
      at renderWithAct 
(node_modules/@testing-
library/react-native/sr
c/render-act.ts:13:11)
      at 
renderInternal (node_mo
dules/@testing-library/
react-native/src/render
.tsx:69:33)
      at 
renderInternal (node_mo
dules/@testing-library/
react-native/src/render
.tsx:44:10)
      at 
Object.<anonymous> (__t
ests__/screens/SignUpSc
reen.test.tsx:79:11)

  ÔùÅ SignUpScreen ÔÇ║ 
displays continue 
button

    Element type is 
invalid: expected a 
string (for built-in 
components) or a 
class/function (for 
composite components) 
but got: undefined. 
You likely forgot to 
export your component 
from the file it's 
defined in, or you 
might have mixed up 
default and named 
imports.

    Check the render 
method of 
`LanguageSelector`.

    [0m [90m 84 
|[39m
     [90m 85 |[39m   
it([32m'displays 
continue button'[39m[
33m,[39m () 
[33m=>[39m {
    [31m[1m>[22m[39
m[90m 86 |[39m     re
nder([33m<[39m[33mSi
gnUpScreen[39m [33m/
[39m[33m>[39m)[33m;
[39m
     [90m    |[39m   
        
[31m[1m^[22m[39m
     [90m 87 |[39m   
  
     [90m 88 |[39m   
  expect(screen[33m.[
39mgetByText([32m'Cont
inuer'[39m))[33m.[39
mtoBeTruthy()[33m;[39
m
     [90m 89 |[39m   
})[33m;[39m[0m

      at createFiberFro
mTypeAndProps (node_mod
ules/react-test-rendere
r/cjs/react-test-render
er.development.js:12185
:28)
      at 
createFiberFromElement 
(node_modules/react-tes
t-renderer/cjs/react-te
st-renderer.development
.js:12199:14)
      at createChild (n
ode_modules/react-test-
renderer/cjs/react-test
-renderer.development.j
s:4475:26)
      at 
reconcileChildrenArray 
(node_modules/react-tes
t-renderer/cjs/react-te
st-renderer.development
.js:4805:25)
      at reconcileChild
FibersImpl (node_module
s/react-test-renderer/c
js/react-test-renderer.
development.js:5122:30)
      at node_modules/r
eact-test-renderer/cjs/
react-test-renderer.dev
elopment.js:5227:33
      at 
reconcileChildren (node
_modules/react-test-ren
derer/cjs/react-test-re
nderer.development.js:5
735:13)
      at beginWork (nod
e_modules/react-test-re
nderer/cjs/react-test-r
enderer.development.js:
7595:13)
      at 
runWithFiberInDEV (node
_modules/react-test-ren
derer/cjs/react-test-re
nderer.development.js:1
574:13)
      at 
performUnitOfWork (node
_modules/react-test-ren
derer/cjs/react-test-re
nderer.development.js:1
0980:22)
      at workLoopSync (
node_modules/react-test
-renderer/cjs/react-tes
t-renderer.development.
js:10816:41)
      at 
renderRootSync (node_mo
dules/react-test-render
er/cjs/react-test-rende
rer.development.js:1079
7:11)
      at 
performWorkOnRoot (node
_modules/react-test-ren
derer/cjs/react-test-re
nderer.development.js:1
0384:39)
      at performWorkOnR
ootViaSchedulerTask (no
de_modules/react-test-r
enderer/cjs/react-test-
renderer.development.js
:2094:7)
      at flushActQueue 
(node_modules/react/cjs
/react.development.js:5
66:34)
      at process.env.NO
DE_ENV.exports.act (nod
e_modules/react/cjs/rea
ct.development.js:859:1
0)
      at 
actImplementation (node
_modules/@testing-libra
ry/react-native/src/act
.ts:30:25)
      at renderWithAct 
(node_modules/@testing-
library/react-native/sr
c/render-act.ts:13:11)
      at 
renderInternal (node_mo
dules/@testing-library/
react-native/src/render
.tsx:69:33)
      at 
renderInternal (node_mo
dules/@testing-library/
react-native/src/render
.tsx:44:10)
      at 
Object.<anonymous> (__t
ests__/screens/SignUpSc
reen.test.tsx:86:11)

  ÔùÅ SignUpScreen ÔÇ║ 
displays login link

    Element type is 
invalid: expected a 
string (for built-in 
components) or a 
class/function (for 
composite components) 
but got: undefined. 
You likely forgot to 
export your component 
from the file it's 
defined in, or you 
might have mixed up 
default and named 
imports.

    Check the render 
method of 
`LanguageSelector`.

    [0m [90m 90 
|[39m
     [90m 91 |[39m   
it([32m'displays 
login 
link'[39m[33m,[39m 
() [33m=>[39m {
    [31m[1m>[22m[39
m[90m 92 |[39m     re
nder([33m<[39m[33mSi
gnUpScreen[39m [33m/
[39m[33m>[39m)[33m;
[39m
     [90m    |[39m   
        
[31m[1m^[22m[39m
     [90m 93 |[39m   
  
     [90m 94 |[39m   
  expect(screen[33m.[
39mgetByText([35m/Deja
 un compte/[39m))[33m
.[39mtoBeTruthy()[33m
;[39m
     [90m 95 |[39m   
})[33m;[39m[0m

      at createFiberFro
mTypeAndProps (node_mod
ules/react-test-rendere
r/cjs/react-test-render
er.development.js:12185
:28)
      at 
createFiberFromElement 
(node_modules/react-tes
t-renderer/cjs/react-te
st-renderer.development
.js:12199:14)
      at createChild (n
ode_modules/react-test-
renderer/cjs/react-test
-renderer.development.j
s:4475:26)
      at 
reconcileChildrenArray 
(node_modules/react-tes
t-renderer/cjs/react-te
st-renderer.development
.js:4805:25)
      at reconcileChild
FibersImpl (node_module
s/react-test-renderer/c
js/react-test-renderer.
development.js:5122:30)
      at node_modules/r
eact-test-renderer/cjs/
react-test-renderer.dev
elopment.js:5227:33
      at 
reconcileChildren (node
_modules/react-test-ren
derer/cjs/react-test-re
nderer.development.js:5
735:13)
      at beginWork (nod
e_modules/react-test-re
nderer/cjs/react-test-r
enderer.development.js:
7595:13)
      at 
runWithFiberInDEV (node
_modules/react-test-ren
derer/cjs/react-test-re
nderer.development.js:1
574:13)
      at 
performUnitOfWork (node
_modules/react-test-ren
derer/cjs/react-test-re
nderer.development.js:1
0980:22)
      at workLoopSync (
node_modules/react-test
-renderer/cjs/react-tes
t-renderer.development.
js:10816:41)
      at 
renderRootSync (node_mo
dules/react-test-render
er/cjs/react-test-rende
rer.development.js:1079
7:11)
      at 
performWorkOnRoot (node
_modules/react-test-ren
derer/cjs/react-test-re
nderer.development.js:1
0384:39)
      at performWorkOnR
ootViaSchedulerTask (no
de_modules/react-test-r
enderer/cjs/react-test-
renderer.development.js
:2094:7)
      at flushActQueue 
(node_modules/react/cjs
/react.development.js:5
66:34)
      at process.env.NO
DE_ENV.exports.act (nod
e_modules/react/cjs/rea
ct.development.js:859:1
0)
      at 
actImplementation (node
_modules/@testing-libra
ry/react-native/src/act
.ts:30:25)
      at renderWithAct 
(node_modules/@testing-
library/react-native/sr
c/render-act.ts:13:11)
      at 
renderInternal (node_mo
dules/@testing-library/
react-native/src/render
.tsx:69:33)
      at 
renderInternal (node_mo
dules/@testing-library/
react-native/src/render
.tsx:44:10)
      at 
Object.<anonymous> (__t
ests__/screens/SignUpSc
reen.test.tsx:92:11)

  ÔùÅ SignUpScreen ÔÇ║ 
button is disabled 
when form is empty

    Element type is 
invalid: expected a 
string (for built-in 
components) or a 
class/function (for 
composite components) 
but got: undefined. 
You likely forgot to 
export your component 
from the file it's 
defined in, or you 
might have mixed up 
default and named 
imports.

    Check the render 
method of 
`LanguageSelector`.

    [0m [90m  96 
|[39m
     [90m  97 |[39m  
 it([32m'button is 
disabled when form is 
empty'[39m[33m,[39m 
() [33m=>[39m {
    [31m[1m>[22m[39
m[90m  98 |[39m     r
ender([33m<[39m[33mS
ignUpScreen[39m [33m/
[39m[33m>[39m)[33m;
[39m
     [90m     |[39m  
         
[31m[1m^[22m[39m
     [90m  99 |[39m  
   
     [90m 100 |[39m  
   [90m// The 
continue button should 
be disabled when 
fields are empty[39m
     [90m 101 |[39m  
   [36mconst[39m 
continueButton 
[33m=[39m screen[33m
.[39mgetByText([32m'C
ontinuer'[39m)[33m;[
39m[0m

      at createFiberFro
mTypeAndProps (node_mod
ules/react-test-rendere
r/cjs/react-test-render
er.development.js:12185
:28)
      at 
createFiberFromElement 
(node_modules/react-tes
t-renderer/cjs/react-te
st-renderer.development
.js:12199:14)
      at createChild (n
ode_modules/react-test-
renderer/cjs/react-test
-renderer.development.j
s:4475:26)
      at 
reconcileChildrenArray 
(node_modules/react-tes
t-renderer/cjs/react-te
st-renderer.development
.js:4805:25)
      at reconcileChild
FibersImpl (node_module
s/react-test-renderer/c
js/react-test-renderer.
development.js:5122:30)
      at node_modules/r
eact-test-renderer/cjs/
react-test-renderer.dev
elopment.js:5227:33
      at 
reconcileChildren (node
_modules/react-test-ren
derer/cjs/react-test-re
nderer.development.js:5
735:13)
      at beginWork (nod
e_modules/react-test-re
nderer/cjs/react-test-r
enderer.development.js:
7595:13)
      at 
runWithFiberInDEV (node
_modules/react-test-ren
derer/cjs/react-test-re
nderer.development.js:1
574:13)
      at 
performUnitOfWork (node
_modules/react-test-ren
derer/cjs/react-test-re
nderer.development.js:1
0980:22)
      at workLoopSync (
node_modules/react-test
-renderer/cjs/react-tes
t-renderer.development.
js:10816:41)
      at 
renderRootSync (node_mo
dules/react-test-render
er/cjs/react-test-rende
rer.development.js:1079
7:11)
      at 
performWorkOnRoot (node
_modules/react-test-ren
derer/cjs/react-test-re
nderer.development.js:1
0384:39)
      at performWorkOnR
ootViaSchedulerTask (no
de_modules/react-test-r
enderer/cjs/react-test-
renderer.development.js
:2094:7)
      at flushActQueue 
(node_modules/react/cjs
/react.development.js:5
66:34)
      at process.env.NO
DE_ENV.exports.act (nod
e_modules/react/cjs/rea
ct.development.js:859:1
0)
      at 
actImplementation (node
_modules/@testing-libra
ry/react-native/src/act
.ts:30:25)
      at renderWithAct 
(node_modules/@testing-
library/react-native/sr
c/render-act.ts:13:11)
      at 
renderInternal (node_mo
dules/@testing-library/
react-native/src/render
.tsx:69:33)
      at 
renderInternal (node_mo
dules/@testing-library/
react-native/src/render
.tsx:44:10)
      at 
Object.<anonymous> (__t
ests__/screens/SignUpSc
reen.test.tsx:98:11)

  ÔùÅ SignUpScreen ÔÇ║ 
allows filling the form

    Element type is 
invalid: expected a 
string (for built-in 
components) or a 
class/function (for 
composite components) 
but got: undefined. 
You likely forgot to 
export your component 
from the file it's 
defined in, or you 
might have mixed up 
default and named 
imports.

    Check the render 
method of 
`LanguageSelector`.

    [0m [90m 104 
|[39m
     [90m 105 |[39m  
 it([32m'allows 
filling the 
form'[39m[33m,[39m 
() [33m=>[39m {
    [31m[1m>[22m[39
m[90m 106 |[39m     r
ender([33m<[39m[33mS
ignUpScreen[39m [33m/
[39m[33m>[39m)[33m;
[39m
     [90m     |[39m  
         
[31m[1m^[22m[39m
     [90m 107 |[39m  
   
     [90m 108 |[39m  
   fireEvent[33m.[39m
changeText(screen[33m.
[39mgetByPlaceholderTe
xt([32m'votre@email.co
m'[39m)[33m,[39m [3
2m'test@example.com'[3
9m)[33m;[39m
     [90m 109 |[39m  
   fireEvent[33m.[39m
changeText(screen[33m.
[39mgetByPlaceholderTe
xt([32m'Minimum 6 cara
cteres'[39m)[33m,[39
m [32m'password123'[3
9m)[33m;[39m[0m

      at createFiberFro
mTypeAndProps (node_mod
ules/react-test-rendere
r/cjs/react-test-render
er.development.js:12185
:28)
      at 
createFiberFromElement 
(node_modules/react-tes
t-renderer/cjs/react-te
st-renderer.development
.js:12199:14)
      at createChild (n
ode_modules/react-test-
renderer/cjs/react-test
-renderer.development.j
s:4475:26)
      at 
reconcileChildrenArray 
(node_modules/react-tes
t-renderer/cjs/react-te
st-renderer.development
.js:4805:25)
      at reconcileChild
FibersImpl (node_module
s/react-test-renderer/c
js/react-test-renderer.
development.js:5122:30)
      at node_modules/r
eact-test-renderer/cjs/
react-test-renderer.dev
elopment.js:5227:33
      at 
reconcileChildren (node
_modules/react-test-ren
derer/cjs/react-test-re
nderer.development.js:5
735:13)
      at beginWork (nod
e_modules/react-test-re
nderer/cjs/react-test-r
enderer.development.js:
7595:13)
      at 
runWithFiberInDEV (node
_modules/react-test-ren
derer/cjs/react-test-re
nderer.development.js:1
574:13)
      at 
performUnitOfWork (node
_modules/react-test-ren
derer/cjs/react-test-re
nderer.development.js:1
0980:22)
      at workLoopSync (
node_modules/react-test
-renderer/cjs/react-tes
t-renderer.development.
js:10816:41)
      at 
renderRootSync (node_mo
dules/react-test-render
er/cjs/react-test-rende
rer.development.js:1079
7:11)
      at 
performWorkOnRoot (node
_modules/react-test-ren
derer/cjs/react-test-re
nderer.development.js:1
0384:39)
      at performWorkOnR
ootViaSchedulerTask (no
de_modules/react-test-r
enderer/cjs/react-test-
renderer.development.js
:2094:7)
      at flushActQueue 
(node_modules/react/cjs
/react.development.js:5
66:34)
      at process.env.NO
DE_ENV.exports.act (nod
e_modules/react/cjs/rea
ct.development.js:859:1
0)
      at 
actImplementation (node
_modules/@testing-libra
ry/react-native/src/act
.ts:30:25)
      at renderWithAct 
(node_modules/@testing-
library/react-native/sr
c/render-act.ts:13:11)
      at 
renderInternal (node_mo
dules/@testing-library/
react-native/src/render
.tsx:69:33)
      at 
renderInternal (node_mo
dules/@testing-library/
react-native/src/render
.tsx:44:10)
      at 
Object.<anonymous> (__t
ests__/screens/SignUpSc
reen.test.tsx:106:11)

  ÔùÅ SignUpScreen ÔÇ║ 
can toggle password 
visibility

    Element type is 
invalid: expected a 
string (for built-in 
components) or a 
class/function (for 
composite components) 
but got: undefined. 
You likely forgot to 
export your component 
from the file it's 
defined in, or you 
might have mixed up 
default and named 
imports.

    Check the render 
method of 
`LanguageSelector`.

    [0m [90m 114 
|[39m
     [90m 115 |[39m  
 it([32m'can toggle 
password visibility'[3
9m[33m,[39m () 
[33m=>[39m {
    [31m[1m>[22m[39
m[90m 116 |[39m     r
ender([33m<[39m[33mS
ignUpScreen[39m [33m/
[39m[33m>[39m)[33m;
[39m
     [90m     |[39m  
         
[31m[1m^[22m[39m
     [90m 117 |[39m  
   
     [90m 118 |[39m  
   [90m// Password 
fields are present[39m
     [90m 119 |[39m  
   expect(screen[33m.
[39mgetByPlaceholderTex
t([32m'Minimum 6 carac
teres'[39m))[33m.[39
mtoBeTruthy()[33m;[39
m[0m

      at createFiberFro
mTypeAndProps (node_mod
ules/react-test-rendere
r/cjs/react-test-render
er.development.js:12185
:28)
      at 
createFiberFromElement 
(node_modules/react-tes
t-renderer/cjs/react-te
st-renderer.development
.js:12199:14)
      at createChild (n
ode_modules/react-test-
renderer/cjs/react-test
-renderer.development.j
s:4475:26)
      at 
reconcileChildrenArray 
(node_modules/react-tes
t-renderer/cjs/react-te
st-renderer.development
.js:4805:25)
      at reconcileChild
FibersImpl (node_module
s/react-test-renderer/c
js/react-test-renderer.
development.js:5122:30)
      at node_modules/r
eact-test-renderer/cjs/
react-test-renderer.dev
elopment.js:5227:33
      at 
reconcileChildren (node
_modules/react-test-ren
derer/cjs/react-test-re
nderer.development.js:5
735:13)
      at beginWork (nod
e_modules/react-test-re
nderer/cjs/react-test-r
enderer.development.js:
7595:13)
      at 
runWithFiberInDEV (node
_modules/react-test-ren
derer/cjs/react-test-re
nderer.development.js:1
574:13)
      at 
performUnitOfWork (node
_modules/react-test-ren
derer/cjs/react-test-re
nderer.development.js:1
0980:22)
      at workLoopSync (
node_modules/react-test
-renderer/cjs/react-tes
t-renderer.development.
js:10816:41)
      at 
renderRootSync (node_mo
dules/react-test-render
er/cjs/react-test-rende
rer.development.js:1079
7:11)
      at 
performWorkOnRoot (node
_modules/react-test-ren
derer/cjs/react-test-re
nderer.development.js:1
0384:39)
      at performWorkOnR
ootViaSchedulerTask (no
de_modules/react-test-r
enderer/cjs/react-test-
renderer.development.js
:2094:7)
      at flushActQueue 
(node_modules/react/cjs
/react.development.js:5
66:34)
      at process.env.NO
DE_ENV.exports.act (nod
e_modules/react/cjs/rea
ct.development.js:859:1
0)
      at 
actImplementation (node
_modules/@testing-libra
ry/react-native/src/act
.ts:30:25)
      at renderWithAct 
(node_modules/@testing-
library/react-native/sr
c/render-act.ts:13:11)
      at 
renderInternal (node_mo
dules/@testing-library/
react-native/src/render
.tsx:69:33)
      at 
renderInternal (node_mo
dules/@testing-library/
react-native/src/render
.tsx:44:10)
      at 
Object.<anonymous> (__t
ests__/screens/SignUpSc
reen.test.tsx:116:11)

  ÔùÅ SignUpScreen ÔÇ║ 
navigates back when 
login link is pressed

    Element type is 
invalid: expected a 
string (for built-in 
components) or a 
class/function (for 
composite components) 
but got: undefined. 
You likely forgot to 
export your component 
from the file it's 
defined in, or you 
might have mixed up 
default and named 
imports.

    Check the render 
method of 
`LanguageSelector`.

    [0m [90m 122 
|[39m
     [90m 123 |[39m  
 it([32m'navigates 
back when login link 
is pressed'[39m[33m,
[39m () [33m=>[39m {
    [31m[1m>[22m[39
m[90m 124 |[39m     r
ender([33m<[39m[33mS
ignUpScreen[39m [33m/
[39m[33m>[39m)[33m;
[39m
     [90m     |[39m  
         
[31m[1m^[22m[39m
     [90m 125 |[39m  
   
     [90m 126 |[39m  
   [36mconst[39m 
loginText [33m=[39m s
creen[33m.[39mgetByTe
xt([35m/Deja un compte
/[39m)[33m;[39m
     [90m 127 |[39m  
   fireEvent[33m.[39m
press(loginText[33m.[
39mparent[33m![39m)[
33m;[39m[0m

      at createFiberFro
mTypeAndProps (node_mod
ules/react-test-rendere
r/cjs/react-test-render
er.development.js:12185
:28)
      at 
createFiberFromElement 
(node_modules/react-tes
t-renderer/cjs/react-te
st-renderer.development
.js:12199:14)
      at createChild (n
ode_modules/react-test-
renderer/cjs/react-test
-renderer.development.j
s:4475:26)
      at 
reconcileChildrenArray 
(node_modules/react-tes
t-renderer/cjs/react-te
st-renderer.development
.js:4805:25)
      at reconcileChild
FibersImpl (node_module
s/react-test-renderer/c
js/react-test-renderer.
development.js:5122:30)
      at node_modules/r
eact-test-renderer/cjs/
react-test-renderer.dev
elopment.js:5227:33
      at 
reconcileChildren (node
_modules/react-test-ren
derer/cjs/react-test-re
nderer.development.js:5
735:13)
      at beginWork (nod
e_modules/react-test-re
nderer/cjs/react-test-r
enderer.development.js:
7595:13)
      at 
runWithFiberInDEV (node
_modules/react-test-ren
derer/cjs/react-test-re
nderer.development.js:1
574:13)
      at 
performUnitOfWork (node
_modules/react-test-ren
derer/cjs/react-test-re
nderer.development.js:1
0980:22)
      at workLoopSync (
node_modules/react-test
-renderer/cjs/react-tes
t-renderer.development.
js:10816:41)
      at 
renderRootSync (node_mo
dules/react-test-render
er/cjs/react-test-rende
rer.development.js:1079
7:11)
      at 
performWorkOnRoot (node
_modules/react-test-ren
derer/cjs/react-test-re
nderer.development.js:1
0384:39)
      at performWorkOnR
ootViaSchedulerTask (no
de_modules/react-test-r
enderer/cjs/react-test-
renderer.development.js
:2094:7)
      at flushActQueue 
(node_modules/react/cjs
/react.development.js:5
66:34)
      at process.env.NO
DE_ENV.exports.act (nod
e_modules/react/cjs/rea
ct.development.js:859:1
0)
      at 
actImplementation (node
_modules/@testing-libra
ry/react-native/src/act
.ts:30:25)
      at renderWithAct 
(node_modules/@testing-
library/react-native/sr
c/render-act.ts:13:11)
      at 
renderInternal (node_mo
dules/@testing-library/
react-native/src/render
.tsx:69:33)
      at 
renderInternal (node_mo
dules/@testing-library/
react-native/src/render
.tsx:44:10)
      at 
Object.<anonymous> (__t
ests__/screens/SignUpSc
reen.test.tsx:124:11)

  ÔùÅ SignUpScreen ÔÇ║ 
displays info text 
about verification 
email

    Element type is 
invalid: expected a 
string (for built-in 
components) or a 
class/function (for 
composite components) 
but got: undefined. 
You likely forgot to 
export your component 
from the file it's 
defined in, or you 
might have mixed up 
default and named 
imports.

    Check the render 
method of 
`LanguageSelector`.

    [0m [90m 131 
|[39m
     [90m 132 |[39m  
 it([32m'displays 
info text about 
verification 
email'[39m[33m,[39m 
() [33m=>[39m {
    [31m[1m>[22m[39
m[90m 133 |[39m     r
ender([33m<[39m[33mS
ignUpScreen[39m [33m/
[39m[33m>[39m)[33m;
[39m
     [90m     |[39m  
         
[31m[1m^[22m[39m
     [90m 134 |[39m  
   
     [90m 135 |[39m  
   expect(screen[33m.
[39mgetByText([32m'Un 
code de verification 
sera envoye a votre 
adresse email.'[39m))
[33m.[39mtoBeTruthy()
[33m;[39m
     [90m 136 |[39m  
 })[33m;[39m[0m

      at createFiberFro
mTypeAndProps (node_mod
ules/react-test-rendere
r/cjs/react-test-render
er.development.js:12185
:28)
      at 
createFiberFromElement 
(node_modules/react-tes
t-renderer/cjs/react-te
st-renderer.development
.js:12199:14)
      at createChild (n
ode_modules/react-test-
renderer/cjs/react-test
-renderer.development.j
s:4475:26)
      at 
reconcileChildrenArray 
(node_modules/react-tes
t-renderer/cjs/react-te
st-renderer.development
.js:4805:25)
      at reconcileChild
FibersImpl (node_module
s/react-test-renderer/c
js/react-test-renderer.
development.js:5122:30)
      at node_modules/r
eact-test-renderer/cjs/
react-test-renderer.dev
elopment.js:5227:33
      at 
reconcileChildren (node
_modules/react-test-ren
derer/cjs/react-test-re
nderer.development.js:5
735:13)
      at beginWork (nod
e_modules/react-test-re
nderer/cjs/react-test-r
enderer.development.js:
7595:13)
      at 
runWithFiberInDEV (node
_modules/react-test-ren
derer/cjs/react-test-re
nderer.development.js:1
574:13)
      at 
performUnitOfWork (node
_modules/react-test-ren
derer/cjs/react-test-re
nderer.development.js:1
0980:22)
      at workLoopSync (
node_modules/react-test
-renderer/cjs/react-tes
t-renderer.development.
js:10816:41)
      at 
renderRootSync (node_mo
dules/react-test-render
er/cjs/react-test-rende
rer.development.js:1079
7:11)
      at 
performWorkOnRoot (node
_modules/react-test-ren
derer/cjs/react-test-re
nderer.development.js:1
0384:39)
      at performWorkOnR
ootViaSchedulerTask (no
de_modules/react-test-r
enderer/cjs/react-test-
renderer.development.js
:2094:7)
      at flushActQueue 
(node_modules/react/cjs
/react.development.js:5
66:34)
      at process.env.NO
DE_ENV.exports.act (nod
e_modules/react/cjs/rea
ct.development.js:859:1
0)
      at 
actImplementation (node
_modules/@testing-libra
ry/react-native/src/act
.ts:30:25)
      at renderWithAct 
(node_modules/@testing-
library/react-native/sr
c/render-act.ts:13:11)
      at 
renderInternal (node_mo
dules/@testing-library/
react-native/src/render
.tsx:69:33)
      at 
renderInternal (node_mo
dules/@testing-library/
react-native/src/render
.tsx:44:10)
      at 
Object.<anonymous> (__t
ests__/screens/SignUpSc
reen.test.tsx:133:11)

FAIL __tests__/screens/
LoginScreen.test.tsx
  ÔùÅ LoginScreen ÔÇ║ 
renders without 
crashing

    Element type is 
invalid: expected a 
string (for built-in 
components) or a 
class/function (for 
composite components) 
but got: undefined. 
You likely forgot to 
export your component 
from the file it's 
defined in, or you 
might have mixed up 
default and named 
imports.

    Check the render 
method of 
`LanguageSelector`.

    [0m [90m 53 
|[39m
     [90m 54 |[39m   
it([32m'renders 
without crashing'[39m
[33m,[39m () 
[33m=>[39m {
    [31m[1m>[22m[39
m[90m 55 |[39m     
[36mconst[39m { 
toJSON } [33m=[39m re
nder([33m<[39m[33mLo
ginScreen[39m [33m/[
39m[33m>[39m)[33m;[
39m
     [90m    |[39m   
                       
    
[31m[1m^[22m[39m
     [90m 56 |[39m   
  
     [90m 57 |[39m   
  expect(toJSON())[33m
.[39mtoBeTruthy()[33m
;[39m
     [90m 58 |[39m   
})[33m;[39m[0m

      at createFiberFro
mTypeAndProps (node_mod
ules/react-test-rendere
r/cjs/react-test-render
er.development.js:12185
:28)
      at 
createFiberFromElement 
(node_modules/react-tes
t-renderer/cjs/react-te
st-renderer.development
.js:12199:14)
      at createChild (n
ode_modules/react-test-
renderer/cjs/react-test
-renderer.development.j
s:4475:26)
      at 
reconcileChildrenArray 
(node_modules/react-tes
t-renderer/cjs/react-te
st-renderer.development
.js:4805:25)
      at reconcileChild
FibersImpl (node_module
s/react-test-renderer/c
js/react-test-renderer.
development.js:5122:30)
      at node_modules/r
eact-test-renderer/cjs/
react-test-renderer.dev
elopment.js:5227:33
      at 
reconcileChildren (node
_modules/react-test-ren
derer/cjs/react-test-re
nderer.development.js:5
735:13)
      at beginWork (nod
e_modules/react-test-re
nderer/cjs/react-test-r
enderer.development.js:
7595:13)
      at 
runWithFiberInDEV (node
_modules/react-test-ren
derer/cjs/react-test-re
nderer.development.js:1
574:13)
      at 
performUnitOfWork (node
_modules/react-test-ren
derer/cjs/react-test-re
nderer.development.js:1
0980:22)
      at workLoopSync (
node_modules/react-test
-renderer/cjs/react-tes
t-renderer.development.
js:10816:41)
      at 
renderRootSync (node_mo
dules/react-test-render
er/cjs/react-test-rende
rer.development.js:1079
7:11)
      at 
performWorkOnRoot (node
_modules/react-test-ren
derer/cjs/react-test-re
nderer.development.js:1
0384:39)
      at performWorkOnR
ootViaSchedulerTask (no
de_modules/react-test-r
enderer/cjs/react-test-
renderer.development.js
:2094:7)
      at flushActQueue 
(node_modules/react/cjs
/react.development.js:5
66:34)
      at process.env.NO
DE_ENV.exports.act (nod
e_modules/react/cjs/rea
ct.development.js:859:1
0)
      at 
actImplementation (node
_modules/@testing-libra
ry/react-native/src/act
.ts:30:25)
      at renderWithAct 
(node_modules/@testing-
library/react-native/sr
c/render-act.ts:13:11)
      at 
renderInternal (node_mo
dules/@testing-library/
react-native/src/render
.tsx:69:33)
      at 
renderInternal (node_mo
dules/@testing-library/
react-native/src/render
.tsx:44:10)
      at 
Object.<anonymous> (__t
ests__/screens/LoginScr
een.test.tsx:55:30)

  ÔùÅ LoginScreen ÔÇ║ 
displays app title

    Element type is 
invalid: expected a 
string (for built-in 
components) or a 
class/function (for 
composite components) 
but got: undefined. 
You likely forgot to 
export your component 
from the file it's 
defined in, or you 
might have mixed up 
default and named 
imports.

    Check the render 
method of 
`LanguageSelector`.

    [0m [90m 59 
|[39m
     [90m 60 |[39m   
it([32m'displays app 
title'[39m[33m,[39m 
() [33m=>[39m {
    [31m[1m>[22m[39
m[90m 61 |[39m     re
nder([33m<[39m[33mLo
ginScreen[39m [33m/[
39m[33m>[39m)[33m;[
39m
     [90m    |[39m   
        
[31m[1m^[22m[39m
     [90m 62 |[39m   
  
     [90m 63 |[39m   
  expect(screen[33m.[
39mgetByText([32m'Heal
th Scan'[39m))[33m.[
39mtoBeTruthy()[33m;[
39m
     [90m 64 |[39m   
})[33m;[39m[0m

      at createFiberFro
mTypeAndProps (node_mod
ules/react-test-rendere
r/cjs/react-test-render
er.development.js:12185
:28)
      at 
createFiberFromElement 
(node_modules/react-tes
t-renderer/cjs/react-te
st-renderer.development
.js:12199:14)
      at createChild (n
ode_modules/react-test-
renderer/cjs/react-test
-renderer.development.j
s:4475:26)
      at 
reconcileChildrenArray 
(node_modules/react-tes
t-renderer/cjs/react-te
st-renderer.development
.js:4805:25)
      at reconcileChild
FibersImpl (node_module
s/react-test-renderer/c
js/react-test-renderer.
development.js:5122:30)
      at node_modules/r
eact-test-renderer/cjs/
react-test-renderer.dev
elopment.js:5227:33
      at 
reconcileChildren (node
_modules/react-test-ren
derer/cjs/react-test-re
nderer.development.js:5
735:13)
      at beginWork (nod
e_modules/react-test-re
nderer/cjs/react-test-r
enderer.development.js:
7595:13)
      at 
runWithFiberInDEV (node
_modules/react-test-ren
derer/cjs/react-test-re
nderer.development.js:1
574:13)
      at 
performUnitOfWork (node
_modules/react-test-ren
derer/cjs/react-test-re
nderer.development.js:1
0980:22)
      at workLoopSync (
node_modules/react-test
-renderer/cjs/react-tes
t-renderer.development.
js:10816:41)
      at 
renderRootSync (node_mo
dules/react-test-render
er/cjs/react-test-rende
rer.development.js:1079
7:11)
      at 
performWorkOnRoot (node
_modules/react-test-ren
derer/cjs/react-test-re
nderer.development.js:1
0384:39)
      at performWorkOnR
ootViaSchedulerTask (no
de_modules/react-test-r
enderer/cjs/react-test-
renderer.development.js
:2094:7)
      at flushActQueue 
(node_modules/react/cjs
/react.development.js:5
66:34)
      at process.env.NO
DE_ENV.exports.act (nod
e_modules/react/cjs/rea
ct.development.js:859:1
0)
      at 
actImplementation (node
_modules/@testing-libra
ry/react-native/src/act
.ts:30:25)
      at renderWithAct 
(node_modules/@testing-
library/react-native/sr
c/render-act.ts:13:11)
      at 
renderInternal (node_mo
dules/@testing-library/
react-native/src/render
.tsx:69:33)
      at 
renderInternal (node_mo
dules/@testing-library/
react-native/src/render
.tsx:44:10)
      at 
Object.<anonymous> (__t
ests__/screens/LoginScr
een.test.tsx:61:11)

  ÔùÅ LoginScreen ÔÇ║ 
displays login subtitle

    Element type is 
invalid: expected a 
string (for built-in 
components) or a 
class/function (for 
composite components) 
but got: undefined. 
You likely forgot to 
export your component 
from the file it's 
defined in, or you 
might have mixed up 
default and named 
imports.

    Check the render 
method of 
`LanguageSelector`.

    [0m [90m 65 
|[39m
     [90m 66 |[39m   
it([32m'displays 
login subtitle'[39m[3
3m,[39m () 
[33m=>[39m {
    [31m[1m>[22m[39
m[90m 67 |[39m     re
nder([33m<[39m[33mLo
ginScreen[39m [33m/[
39m[33m>[39m)[33m;[
39m
     [90m    |[39m   
        
[31m[1m^[22m[39m
     [90m 68 |[39m   
  
     [90m 69 |[39m   
  expect(screen[33m.[
39mgetByText([32m'Conn
ectez-vous ├á votre com
pte'[39m))[33m.[39mt
oBeTruthy()[33m;[39m
     [90m 70 |[39m   
})[33m;[39m[0m

      at createFiberFro
mTypeAndProps (node_mod
ules/react-test-rendere
r/cjs/react-test-render
er.development.js:12185
:28)
      at 
createFiberFromElement 
(node_modules/react-tes
t-renderer/cjs/react-te
st-renderer.development
.js:12199:14)
      at createChild (n
ode_modules/react-test-
renderer/cjs/react-test
-renderer.development.j
s:4475:26)
      at 
reconcileChildrenArray 
(node_modules/react-tes
t-renderer/cjs/react-te
st-renderer.development
.js:4805:25)
      at reconcileChild
FibersImpl (node_module
s/react-test-renderer/c
js/react-test-renderer.
development.js:5122:30)
      at node_modules/r
eact-test-renderer/cjs/
react-test-renderer.dev
elopment.js:5227:33
      at 
reconcileChildren (node
_modules/react-test-ren
derer/cjs/react-test-re
nderer.development.js:5
735:13)
      at beginWork (nod
e_modules/react-test-re
nderer/cjs/react-test-r
enderer.development.js:
7595:13)
      at 
runWithFiberInDEV (node
_modules/react-test-ren
derer/cjs/react-test-re
nderer.development.js:1
574:13)
      at 
performUnitOfWork (node
_modules/react-test-ren
derer/cjs/react-test-re
nderer.development.js:1
0980:22)
      at workLoopSync (
node_modules/react-test
-renderer/cjs/react-tes
t-renderer.development.
js:10816:41)
      at 
renderRootSync (node_mo
dules/react-test-render
er/cjs/react-test-rende
rer.development.js:1079
7:11)
      at 
performWorkOnRoot (node
_modules/react-test-ren
derer/cjs/react-test-re
nderer.development.js:1
0384:39)
      at performWorkOnR
ootViaSchedulerTask (no
de_modules/react-test-r
enderer/cjs/react-test-
renderer.development.js
:2094:7)
      at flushActQueue 
(node_modules/react/cjs
/react.development.js:5
66:34)
      at process.env.NO
DE_ENV.exports.act (nod
e_modules/react/cjs/rea
ct.development.js:859:1
0)
      at 
actImplementation (node
_modules/@testing-libra
ry/react-native/src/act
.ts:30:25)
      at renderWithAct 
(node_modules/@testing-
library/react-native/sr
c/render-act.ts:13:11)
      at 
renderInternal (node_mo
dules/@testing-library/
react-native/src/render
.tsx:69:33)
      at 
renderInternal (node_mo
dules/@testing-library/
react-native/src/render
.tsx:44:10)
      at 
Object.<anonymous> (__t
ests__/screens/LoginScr
een.test.tsx:67:11)

  ÔùÅ LoginScreen ÔÇ║ 
displays email and 
password inputs

    Element type is 
invalid: expected a 
string (for built-in 
components) or a 
class/function (for 
composite components) 
but got: undefined. 
You likely forgot to 
export your component 
from the file it's 
defined in, or you 
might have mixed up 
default and named 
imports.

    Check the render 
method of 
`LanguageSelector`.

    [0m [90m 71 
|[39m
     [90m 72 |[39m   
it([32m'displays 
email and password inpu
ts'[39m[33m,[39m () 
[33m=>[39m {
    [31m[1m>[22m[39
m[90m 73 |[39m     re
nder([33m<[39m[33mLo
ginScreen[39m [33m/[
39m[33m>[39m)[33m;[
39m
     [90m    |[39m   
        
[31m[1m^[22m[39m
     [90m 74 |[39m   
  
     [90m 75 |[39m   
  expect(screen[33m.[
39mgetByPlaceholderText
([32m'votre@email.com'
[39m))[33m.[39mtoBeT
ruthy()[33m;[39m
     [90m 76 |[39m   
  expect(screen[33m.[
39mgetByPlaceholderText
([32m'Entrez votre 
mot de passe'[39m))[3
3m.[39mtoBeTruthy()[3
3m;[39m[0m

      at createFiberFro
mTypeAndProps (node_mod
ules/react-test-rendere
r/cjs/react-test-render
er.development.js:12185
:28)
      at 
createFiberFromElement 
(node_modules/react-tes
t-renderer/cjs/react-te
st-renderer.development
.js:12199:14)
      at createChild (n
ode_modules/react-test-
renderer/cjs/react-test
-renderer.development.j
s:4475:26)
      at 
reconcileChildrenArray 
(node_modules/react-tes
t-renderer/cjs/react-te
st-renderer.development
.js:4805:25)
      at reconcileChild
FibersImpl (node_module
s/react-test-renderer/c
js/react-test-renderer.
development.js:5122:30)
      at node_modules/r
eact-test-renderer/cjs/
react-test-renderer.dev
elopment.js:5227:33
      at 
reconcileChildren (node
_modules/react-test-ren
derer/cjs/react-test-re
nderer.development.js:5
735:13)
      at beginWork (nod
e_modules/react-test-re
nderer/cjs/react-test-r
enderer.development.js:
7595:13)
      at 
runWithFiberInDEV (node
_modules/react-test-ren
derer/cjs/react-test-re
nderer.development.js:1
574:13)
      at 
performUnitOfWork (node
_modules/react-test-ren
derer/cjs/react-test-re
nderer.development.js:1
0980:22)
      at workLoopSync (
node_modules/react-test
-renderer/cjs/react-tes
t-renderer.development.
js:10816:41)
      at 
renderRootSync (node_mo
dules/react-test-render
er/cjs/react-test-rende
rer.development.js:1079
7:11)
      at 
performWorkOnRoot (node
_modules/react-test-ren
derer/cjs/react-test-re
nderer.development.js:1
0384:39)
      at performWorkOnR
ootViaSchedulerTask (no
de_modules/react-test-r
enderer/cjs/react-test-
renderer.development.js
:2094:7)
      at flushActQueue 
(node_modules/react/cjs
/react.development.js:5
66:34)
      at process.env.NO
DE_ENV.exports.act (nod
e_modules/react/cjs/rea
ct.development.js:859:1
0)
      at 
actImplementation (node
_modules/@testing-libra
ry/react-native/src/act
.ts:30:25)
      at renderWithAct 
(node_modules/@testing-
library/react-native/sr
c/render-act.ts:13:11)
      at 
renderInternal (node_mo
dules/@testing-library/
react-native/src/render
.tsx:69:33)
      at 
renderInternal (node_mo
dules/@testing-library/
react-native/src/render
.tsx:44:10)
      at 
Object.<anonymous> (__t
ests__/screens/LoginScr
een.test.tsx:73:11)

  ÔùÅ LoginScreen ÔÇ║ 
displays login button

    Element type is 
invalid: expected a 
string (for built-in 
components) or a 
class/function (for 
composite components) 
but got: undefined. 
You likely forgot to 
export your component 
from the file it's 
defined in, or you 
might have mixed up 
default and named 
imports.

    Check the render 
method of 
`LanguageSelector`.

    [0m [90m 78 
|[39m
     [90m 79 |[39m   
it([32m'displays 
login button'[39m[33m
,[39m () [33m=>[39m 
{
    [31m[1m>[22m[39
m[90m 80 |[39m     re
nder([33m<[39m[33mLo
ginScreen[39m [33m/[
39m[33m>[39m)[33m;[
39m
     [90m    |[39m   
        
[31m[1m^[22m[39m
     [90m 81 |[39m   
  
     [90m 82 |[39m   
  expect(screen[33m.[
39mgetByText([32m'Se c
onnecter'[39m))[33m.
[39mtoBeTruthy()[33m;
[39m
     [90m 83 |[39m   
})[33m;[39m[0m

      at createFiberFro
mTypeAndProps (node_mod
ules/react-test-rendere
r/cjs/react-test-render
er.development.js:12185
:28)
      at 
createFiberFromElement 
(node_modules/react-tes
t-renderer/cjs/react-te
st-renderer.development
.js:12199:14)
      at createChild (n
ode_modules/react-test-
renderer/cjs/react-test
-renderer.development.j
s:4475:26)
      at 
reconcileChildrenArray 
(node_modules/react-tes
t-renderer/cjs/react-te
st-renderer.development
.js:4805:25)
      at reconcileChild
FibersImpl (node_module
s/react-test-renderer/c
js/react-test-renderer.
development.js:5122:30)
      at node_modules/r
eact-test-renderer/cjs/
react-test-renderer.dev
elopment.js:5227:33
      at 
reconcileChildren (node
_modules/react-test-ren
derer/cjs/react-test-re
nderer.development.js:5
735:13)
      at beginWork (nod
e_modules/react-test-re
nderer/cjs/react-test-r
enderer.development.js:
7595:13)
      at 
runWithFiberInDEV (node
_modules/react-test-ren
derer/cjs/react-test-re
nderer.development.js:1
574:13)
      at 
performUnitOfWork (node
_modules/react-test-ren
derer/cjs/react-test-re
nderer.development.js:1
0980:22)
      at workLoopSync (
node_modules/react-test
-renderer/cjs/react-tes
t-renderer.development.
js:10816:41)
      at 
renderRootSync (node_mo
dules/react-test-render
er/cjs/react-test-rende
rer.development.js:1079
7:11)
      at 
performWorkOnRoot (node
_modules/react-test-ren
derer/cjs/react-test-re
nderer.development.js:1
0384:39)
      at performWorkOnR
ootViaSchedulerTask (no
de_modules/react-test-r
enderer/cjs/react-test-
renderer.development.js
:2094:7)
      at flushActQueue 
(node_modules/react/cjs
/react.development.js:5
66:34)
      at process.env.NO
DE_ENV.exports.act (nod
e_modules/react/cjs/rea
ct.development.js:859:1
0)
      at 
actImplementation (node
_modules/@testing-libra
ry/react-native/src/act
.ts:30:25)
      at renderWithAct 
(node_modules/@testing-
library/react-native/sr
c/render-act.ts:13:11)
      at 
renderInternal (node_mo
dules/@testing-library/
react-native/src/render
.tsx:69:33)
      at 
renderInternal (node_mo
dules/@testing-library/
react-native/src/render
.tsx:44:10)
      at 
Object.<anonymous> (__t
ests__/screens/LoginScr
een.test.tsx:80:11)

  ÔùÅ LoginScreen ÔÇ║ 
displays signup link

    Element type is 
invalid: expected a 
string (for built-in 
components) or a 
class/function (for 
composite components) 
but got: undefined. 
You likely forgot to 
export your component 
from the file it's 
defined in, or you 
might have mixed up 
default and named 
imports.

    Check the render 
method of 
`LanguageSelector`.

    [0m [90m 84 
|[39m
     [90m 85 |[39m   
it([32m'displays 
signup 
link'[39m[33m,[39m 
() [33m=>[39m {
    [31m[1m>[22m[39
m[90m 86 |[39m     re
nder([33m<[39m[33mLo
ginScreen[39m [33m/[
39m[33m>[39m)[33m;[
39m
     [90m    |[39m   
        
[31m[1m^[22m[39m
     [90m 87 |[39m   
  
     [90m 88 |[39m   
  expect(screen[33m.[
39mgetByText([35m/Pas 
encore de compte/[39m)
)[33m.[39mtoBeTruthy(
)[33m;[39m
     [90m 89 |[39m   
})[33m;[39m[0m

      at createFiberFro
mTypeAndProps (node_mod
ules/react-test-rendere
r/cjs/react-test-render
er.development.js:12185
:28)
      at 
createFiberFromElement 
(node_modules/react-tes
t-renderer/cjs/react-te
st-renderer.development
.js:12199:14)
      at createChild (n
ode_modules/react-test-
renderer/cjs/react-test
-renderer.development.j
s:4475:26)
      at 
reconcileChildrenArray 
(node_modules/react-tes
t-renderer/cjs/react-te
st-renderer.development
.js:4805:25)
      at reconcileChild
FibersImpl (node_module
s/react-test-renderer/c
js/react-test-renderer.
development.js:5122:30)
      at node_modules/r
eact-test-renderer/cjs/
react-test-renderer.dev
elopment.js:5227:33
      at 
reconcileChildren (node
_modules/react-test-ren
derer/cjs/react-test-re
nderer.development.js:5
735:13)
      at beginWork (nod
e_modules/react-test-re
nderer/cjs/react-test-r
enderer.development.js:
7595:13)
      at 
runWithFiberInDEV (node
_modules/react-test-ren
derer/cjs/react-test-re
nderer.development.js:1
574:13)
      at 
performUnitOfWork (node
_modules/react-test-ren
derer/cjs/react-test-re
nderer.development.js:1
0980:22)
      at workLoopSync (
node_modules/react-test
-renderer/cjs/react-tes
t-renderer.development.
js:10816:41)
      at 
renderRootSync (node_mo
dules/react-test-render
er/cjs/react-test-rende
rer.development.js:1079
7:11)
      at 
performWorkOnRoot (node
_modules/react-test-ren
derer/cjs/react-test-re
nderer.development.js:1
0384:39)
      at performWorkOnR
ootViaSchedulerTask (no
de_modules/react-test-r
enderer/cjs/react-test-
renderer.development.js
:2094:7)
      at flushActQueue 
(node_modules/react/cjs
/react.development.js:5
66:34)
      at process.env.NO
DE_ENV.exports.act (nod
e_modules/react/cjs/rea
ct.development.js:859:1
0)
      at 
actImplementation (node
_modules/@testing-libra
ry/react-native/src/act
.ts:30:25)
      at renderWithAct 
(node_modules/@testing-
library/react-native/sr
c/render-act.ts:13:11)
      at 
renderInternal (node_mo
dules/@testing-library/
react-native/src/render
.tsx:69:33)
      at 
renderInternal (node_mo
dules/@testing-library/
react-native/src/render
.tsx:44:10)
      at 
Object.<anonymous> (__t
ests__/screens/LoginScr
een.test.tsx:86:11)

  ÔùÅ LoginScreen ÔÇ║ 
allows email input

    Element type is 
invalid: expected a 
string (for built-in 
components) or a 
class/function (for 
composite components) 
but got: undefined. 
You likely forgot to 
export your component 
from the file it's 
defined in, or you 
might have mixed up 
default and named 
imports.

    Check the render 
method of 
`LanguageSelector`.

    [0m [90m 90 
|[39m
     [90m 91 |[39m   
it([32m'allows email 
input'[39m[33m,[39m 
() [33m=>[39m {
    [31m[1m>[22m[39
m[90m 92 |[39m     re
nder([33m<[39m[33mLo
ginScreen[39m [33m/[
39m[33m>[39m)[33m;[
39m
     [90m    |[39m   
        
[31m[1m^[22m[39m
     [90m 93 |[39m   
  
     [90m 94 |[39m   
  [36mconst[39m 
emailInput [33m=[39m 
screen[33m.[39mgetByP
laceholderText([32m'vo
tre@email.com'[39m)[3
3m;[39m
     [90m 95 |[39m   
  fireEvent[33m.[39mc
hangeText(emailInput[3
3m,[39m [32m'test@exa
mple.com'[39m)[33m;[
39m[0m

      at createFiberFro
mTypeAndProps (node_mod
ules/react-test-rendere
r/cjs/react-test-render
er.development.js:12185
:28)
      at 
createFiberFromElement 
(node_modules/react-tes
t-renderer/cjs/react-te
st-renderer.development
.js:12199:14)
      at createChild (n
ode_modules/react-test-
renderer/cjs/react-test
-renderer.development.j
s:4475:26)
      at 
reconcileChildrenArray 
(node_modules/react-tes
t-renderer/cjs/react-te
st-renderer.development
.js:4805:25)
      at reconcileChild
FibersImpl (node_module
s/react-test-renderer/c
js/react-test-renderer.
development.js:5122:30)
      at node_modules/r
eact-test-renderer/cjs/
react-test-renderer.dev
elopment.js:5227:33
      at 
reconcileChildren (node
_modules/react-test-ren
derer/cjs/react-test-re
nderer.development.js:5
735:13)
      at beginWork (nod
e_modules/react-test-re
nderer/cjs/react-test-r
enderer.development.js:
7595:13)
      at 
runWithFiberInDEV (node
_modules/react-test-ren
derer/cjs/react-test-re
nderer.development.js:1
574:13)
      at 
performUnitOfWork (node
_modules/react-test-ren
derer/cjs/react-test-re
nderer.development.js:1
0980:22)
      at workLoopSync (
node_modules/react-test
-renderer/cjs/react-tes
t-renderer.development.
js:10816:41)
      at 
renderRootSync (node_mo
dules/react-test-render
er/cjs/react-test-rende
rer.development.js:1079
7:11)
      at 
performWorkOnRoot (node
_modules/react-test-ren
derer/cjs/react-test-re
nderer.development.js:1
0384:39)
      at performWorkOnR
ootViaSchedulerTask (no
de_modules/react-test-r
enderer/cjs/react-test-
renderer.development.js
:2094:7)
      at flushActQueue 
(node_modules/react/cjs
/react.development.js:5
66:34)
      at process.env.NO
DE_ENV.exports.act (nod
e_modules/react/cjs/rea
ct.development.js:859:1
0)
      at 
actImplementation (node
_modules/@testing-libra
ry/react-native/src/act
.ts:30:25)
      at renderWithAct 
(node_modules/@testing-
library/react-native/sr
c/render-act.ts:13:11)
      at 
renderInternal (node_mo
dules/@testing-library/
react-native/src/render
.tsx:69:33)
      at 
renderInternal (node_mo
dules/@testing-library/
react-native/src/render
.tsx:44:10)
      at 
Object.<anonymous> (__t
ests__/screens/LoginScr
een.test.tsx:92:11)

  ÔùÅ LoginScreen ÔÇ║ 
allows password input

    Element type is 
invalid: expected a 
string (for built-in 
components) or a 
class/function (for 
composite components) 
but got: undefined. 
You likely forgot to 
export your component 
from the file it's 
defined in, or you 
might have mixed up 
default and named 
imports.

    Check the render 
method of 
`LanguageSelector`.

    [0m [90m  99 
|[39m
     [90m 100 |[39m  
 it([32m'allows 
password 
input'[39m[33m,[39m 
() [33m=>[39m {
    [31m[1m>[22m[39
m[90m 101 |[39m     r
ender([33m<[39m[33mL
oginScreen[39m [33m/
[39m[33m>[39m)[33m;
[39m
     [90m     |[39m  
         
[31m[1m^[22m[39m
     [90m 102 |[39m  
   
     [90m 103 |[39m  
   [36mconst[39m 
passwordInput 
[33m=[39m screen[33m
.[39mgetByPlaceholderT
ext([32m'Entrez votre 
mot de 
passe'[39m)[33m;[39m
     [90m 104 |[39m  
   fireEvent[33m.[39m
changeText(passwordInpu
t[33m,[39m [32m'pass
word123'[39m)[33m;[3
9m[0m

      at createFiberFro
mTypeAndProps (node_mod
ules/react-test-rendere
r/cjs/react-test-render
er.development.js:12185
:28)
      at 
createFiberFromElement 
(node_modules/react-tes
t-renderer/cjs/react-te
st-renderer.development
.js:12199:14)
      at createChild (n
ode_modules/react-test-
renderer/cjs/react-test
-renderer.development.j
s:4475:26)
      at 
reconcileChildrenArray 
(node_modules/react-tes
t-renderer/cjs/react-te
st-renderer.development
.js:4805:25)
      at reconcileChild
FibersImpl (node_module
s/react-test-renderer/c
js/react-test-renderer.
development.js:5122:30)
      at node_modules/r
eact-test-renderer/cjs/
react-test-renderer.dev
elopment.js:5227:33
      at 
reconcileChildren (node
_modules/react-test-ren
derer/cjs/react-test-re
nderer.development.js:5
735:13)
      at beginWork (nod
e_modules/react-test-re
nderer/cjs/react-test-r
enderer.development.js:
7595:13)
      at 
runWithFiberInDEV (node
_modules/react-test-ren
derer/cjs/react-test-re
nderer.development.js:1
574:13)
      at 
performUnitOfWork (node
_modules/react-test-ren
derer/cjs/react-test-re
nderer.development.js:1
0980:22)
      at workLoopSync (
node_modules/react-test
-renderer/cjs/react-tes
t-renderer.development.
js:10816:41)
      at 
renderRootSync (node_mo
dules/react-test-render
er/cjs/react-test-rende
rer.development.js:1079
7:11)
      at 
performWorkOnRoot (node
_modules/react-test-ren
derer/cjs/react-test-re
nderer.development.js:1
0384:39)
      at performWorkOnR
ootViaSchedulerTask (no
de_modules/react-test-r
enderer/cjs/react-test-
renderer.development.js
:2094:7)
      at flushActQueue 
(node_modules/react/cjs
/react.development.js:5
66:34)
      at process.env.NO
DE_ENV.exports.act (nod
e_modules/react/cjs/rea
ct.development.js:859:1
0)
      at 
actImplementation (node
_modules/@testing-libra
ry/react-native/src/act
.ts:30:25)
      at renderWithAct 
(node_modules/@testing-
library/react-native/sr
c/render-act.ts:13:11)
      at 
renderInternal (node_mo
dules/@testing-library/
react-native/src/render
.tsx:69:33)
      at 
renderInternal (node_mo
dules/@testing-library/
react-native/src/render
.tsx:44:10)
      at 
Object.<anonymous> (__t
ests__/screens/LoginScr
een.test.tsx:101:11)

  ÔùÅ LoginScreen ÔÇ║ 
shows error when 
submitting empty form

    Element type is 
invalid: expected a 
string (for built-in 
components) or a 
class/function (for 
composite components) 
but got: undefined. 
You likely forgot to 
export your component 
from the file it's 
defined in, or you 
might have mixed up 
default and named 
imports.

    Check the render 
method of 
`LanguageSelector`.

    [0m [90m 108 
|[39m
     [90m 109 |[39m  
 it([32m'shows error 
when submitting empty 
form'[39m[33m,[39m 
[36masync[39m () 
[33m=>[39m {
    [31m[1m>[22m[39
m[90m 110 |[39m     r
ender([33m<[39m[33mL
oginScreen[39m [33m/
[39m[33m>[39m)[33m;
[39m
     [90m     |[39m  
         
[31m[1m^[22m[39m
     [90m 111 |[39m  
   
     [90m 112 |[39m  
   fireEvent[33m.[39m
press(screen[33m.[39m
getByText([32m'Se conn
ecter'[39m))[33m;[39
m
     [90m 113 |[39m  
   [0m

      at createFiberFro
mTypeAndProps (node_mod
ules/react-test-rendere
r/cjs/react-test-render
er.development.js:12185
:28)
      at 
createFiberFromElement 
(node_modules/react-tes
t-renderer/cjs/react-te
st-renderer.development
.js:12199:14)
      at createChild (n
ode_modules/react-test-
renderer/cjs/react-test
-renderer.development.j
s:4475:26)
      at 
reconcileChildrenArray 
(node_modules/react-tes
t-renderer/cjs/react-te
st-renderer.development
.js:4805:25)
      at reconcileChild
FibersImpl (node_module
s/react-test-renderer/c
js/react-test-renderer.
development.js:5122:30)
      at node_modules/r
eact-test-renderer/cjs/
react-test-renderer.dev
elopment.js:5227:33
      at 
reconcileChildren (node
_modules/react-test-ren
derer/cjs/react-test-re
nderer.development.js:5
735:13)
      at beginWork (nod
e_modules/react-test-re
nderer/cjs/react-test-r
enderer.development.js:
7595:13)
      at 
runWithFiberInDEV (node
_modules/react-test-ren
derer/cjs/react-test-re
nderer.development.js:1
574:13)
      at 
performUnitOfWork (node
_modules/react-test-ren
derer/cjs/react-test-re
nderer.development.js:1
0980:22)
      at workLoopSync (
node_modules/react-test
-renderer/cjs/react-tes
t-renderer.development.
js:10816:41)
      at 
renderRootSync (node_mo
dules/react-test-render
er/cjs/react-test-rende
rer.development.js:1079
7:11)
      at 
performWorkOnRoot (node
_modules/react-test-ren
derer/cjs/react-test-re
nderer.development.js:1
0384:39)
      at performWorkOnR
ootViaSchedulerTask (no
de_modules/react-test-r
enderer/cjs/react-test-
renderer.development.js
:2094:7)
      at flushActQueue 
(node_modules/react/cjs
/react.development.js:5
66:34)
      at process.env.NO
DE_ENV.exports.act (nod
e_modules/react/cjs/rea
ct.development.js:859:1
0)
      at 
actImplementation (node
_modules/@testing-libra
ry/react-native/src/act
.ts:30:25)
      at renderWithAct 
(node_modules/@testing-
library/react-native/sr
c/render-act.ts:13:11)
      at 
renderInternal (node_mo
dules/@testing-library/
react-native/src/render
.tsx:69:33)
      at 
renderInternal (node_mo
dules/@testing-library/
react-native/src/render
.tsx:44:10)
      at 
Object.<anonymous> (__t
ests__/screens/LoginScr
een.test.tsx:110:11)
      at 
asyncGeneratorStep (nod
e_modules/@babel/runtim
e/helpers/asyncToGenera
tor.js:3:17)
      at _next (node_mo
dules/@babel/runtime/he
lpers/asyncToGenerator.
js:17:9)
      at node_modules/@
babel/runtime/helpers/a
syncToGenerator.js:22:7
      at 
Object.<anonymous> (nod
e_modules/@babel/runtim
e/helpers/asyncToGenera
tor.js:14:12)

  ÔùÅ LoginScreen ÔÇ║ 
navigates to signup 
when link is pressed

    Element type is 
invalid: expected a 
string (for built-in 
components) or a 
class/function (for 
composite components) 
but got: undefined. 
You likely forgot to 
export your component 
from the file it's 
defined in, or you 
might have mixed up 
default and named 
imports.

    Check the render 
method of 
`LanguageSelector`.

    [0m [90m 116 
|[39m
     [90m 117 |[39m  
 it([32m'navigates to 
signup when link is pre
ssed'[39m[33m,[39m 
() [33m=>[39m {
    [31m[1m>[22m[39
m[90m 118 |[39m     r
ender([33m<[39m[33mL
oginScreen[39m [33m/
[39m[33m>[39m)[33m;
[39m
     [90m     |[39m  
         
[31m[1m^[22m[39m
     [90m 119 |[39m  
   
     [90m 120 |[39m  
   [36mconst[39m 
signupText [33m=[39m 
screen[33m.[39mgetByT
ext([35m/Pas encore 
de compte/[39m)[33m;
[39m
     [90m 121 |[39m  
   fireEvent[33m.[39m
press(signupText[33m.
[39mparent[33m![39m)
[33m;[39m[0m

      at createFiberFro
mTypeAndProps (node_mod
ules/react-test-rendere
r/cjs/react-test-render
er.development.js:12185
:28)
      at 
createFiberFromElement 
(node_modules/react-tes
t-renderer/cjs/react-te
st-renderer.development
.js:12199:14)
      at createChild (n
ode_modules/react-test-
renderer/cjs/react-test
-renderer.development.j
s:4475:26)
      at 
reconcileChildrenArray 
(node_modules/react-tes
t-renderer/cjs/react-te
st-renderer.development
.js:4805:25)
      at reconcileChild
FibersImpl (node_module
s/react-test-renderer/c
js/react-test-renderer.
development.js:5122:30)
      at node_modules/r
eact-test-renderer/cjs/
react-test-renderer.dev
elopment.js:5227:33
      at 
reconcileChildren (node
_modules/react-test-ren
derer/cjs/react-test-re
nderer.development.js:5
735:13)
      at beginWork (nod
e_modules/react-test-re
nderer/cjs/react-test-r
enderer.development.js:
7595:13)
      at 
runWithFiberInDEV (node
_modules/react-test-ren
derer/cjs/react-test-re
nderer.development.js:1
574:13)
      at 
performUnitOfWork (node
_modules/react-test-ren
derer/cjs/react-test-re
nderer.development.js:1
0980:22)
      at workLoopSync (
node_modules/react-test
-renderer/cjs/react-tes
t-renderer.development.
js:10816:41)
      at 
renderRootSync (node_mo
dules/react-test-render
er/cjs/react-test-rende
rer.development.js:1079
7:11)
      at 
performWorkOnRoot (node
_modules/react-test-ren
derer/cjs/react-test-re
nderer.development.js:1
0384:39)
      at performWorkOnR
ootViaSchedulerTask (no
de_modules/react-test-r
enderer/cjs/react-test-
renderer.development.js
:2094:7)
      at flushActQueue 
(node_modules/react/cjs
/react.development.js:5
66:34)
      at process.env.NO
DE_ENV.exports.act (nod
e_modules/react/cjs/rea
ct.development.js:859:1
0)
      at 
actImplementation (node
_modules/@testing-libra
ry/react-native/src/act
.ts:30:25)
      at renderWithAct 
(node_modules/@testing-
library/react-native/sr
c/render-act.ts:13:11)
      at 
renderInternal (node_mo
dules/@testing-library/
react-native/src/render
.tsx:69:33)
      at 
renderInternal (node_mo
dules/@testing-library/
react-native/src/render
.tsx:44:10)
      at 
Object.<anonymous> (__t
ests__/screens/LoginScr
een.test.tsx:118:11)

PASS __tests__/componen
ts/ErrorBoundary.test.t
sx
  ÔùÅ Console

    console.log
      [ErrorBoundary] 
Emergency logout 
initiated

      at log (component
s/ErrorBoundary.tsx:46:
15)

PASS __tests__/hooks/qu
eries/useExercises.test
.ts
PASS __tests__/hooks/qu
eries/useRecipes.test.t
s
PASS __tests__/hooks/qu
eries/usePremiumFeature
s.test.ts
PASS __tests__/hooks/qu
eries/useAnalytics.test
.ts
PASS __tests__/componen
ts/ProductCard.test.tsx
PASS __tests__/screens/
ScannerScreen.test.tsx
PASS __tests__/screens/
AnalyticsScreen.test.ts
x
FAIL __tests__/contexts
/AuthContext.test.tsx
  ÔùÅ Console

    console.error
      [SignUp] IP 
Check exception: 
TypeError: Cannot read 
properties of 
undefined (reading 
'json')
          at json (C:\U
sers\maloh\Downloads\1-
main\contexts\AuthConte
xt.tsx:188:35)
          at 
Generator.next 
(<anonymous>)
          at 
asyncGeneratorStep (C:\
Users\maloh\Downloads\1
-main\node_modules\@bab
el\runtime\helpers\asyn
cToGenerator.js:3:17)
          at _next (C:\
Users\maloh\Downloads\1
-main\node_modules\@bab
el\runtime\helpers\asyn
cToGenerator.js:17:9)

      201 |         
throw error;
      202 |       }
    > 203 |       conso
le.error('[SignUp] IP 
Check exception:', 
error);
          |            
   ^
      204 |       // 
Decide: Fail open 
(allow signup) on 
network error?
      205 |       // 
Keeping it open for 
now to prevent 
blocking on 
connectivity issues
      206 |     }

      at error (context
s/AuthContext.tsx:203:1
5)
      at 
asyncGeneratorStep (nod
e_modules/@babel/runtim
e/helpers/asyncToGenera
tor.js:3:17)
      at _next (node_mo
dules/@babel/runtime/he
lpers/asyncToGenerator.
js:17:9)

    console.error
      [SignUp] IP 
Check exception: 
TypeError: Cannot read 
properties of 
undefined (reading 
'json')
          at json (C:\U
sers\maloh\Downloads\1-
main\contexts\AuthConte
xt.tsx:188:35)
          at 
Generator.next 
(<anonymous>)
          at 
asyncGeneratorStep (C:\
Users\maloh\Downloads\1
-main\node_modules\@bab
el\runtime\helpers\asyn
cToGenerator.js:3:17)
          at _next (C:\
Users\maloh\Downloads\1
-main\node_modules\@bab
el\runtime\helpers\asyn
cToGenerator.js:17:9)

      201 |         
throw error;
      202 |       }
    > 203 |       conso
le.error('[SignUp] IP 
Check exception:', 
error);
          |            
   ^
      204 |       // 
Decide: Fail open 
(allow signup) on 
network error?
      205 |       // 
Keeping it open for 
now to prevent 
blocking on 
connectivity issues
      206 |     }

      at error (context
s/AuthContext.tsx:203:1
5)
      at 
asyncGeneratorStep (nod
e_modules/@babel/runtim
e/helpers/asyncToGenera
tor.js:3:17)
      at _next (node_mo
dules/@babel/runtime/he
lpers/asyncToGenerator.
js:17:9)

    console.error
      [Verification] 
Error: Code incorrect

      642 |         }
      643 |
    > 644 |         con
sole.error('[Verificati
on] Error:', 
data.error);
          |            
     ^
      645 |         
throw new 
Error(errorMessage);
      646 |       }
      647 |

      at Object.error (
contexts/AuthContext.ts
x:644:17)
      at 
asyncGeneratorStep (nod
e_modules/@babel/runtim
e/helpers/asyncToGenera
tor.js:3:17)
      at _next (node_mo
dules/@babel/runtime/he
lpers/asyncToGenerator.
js:17:9)

    console.error
      [Verification] 
Error verifying code: 
Error: Code incorrect
          at 
Object.<anonymous> (C:\
Users\maloh\Downloads\1
-main\contexts\AuthCont
ext.tsx:645:15)
          at 
Generator.next 
(<anonymous>)
          at 
asyncGeneratorStep (C:\
Users\maloh\Downloads\1
-main\node_modules\@bab
el\runtime\helpers\asyn
cToGenerator.js:3:17)
          at _next (C:\
Users\maloh\Downloads\1
-main\node_modules\@bab
el\runtime\helpers\asyn
cToGenerator.js:17:9)

      648 |       
return data.verified 
=== true;
      649 |     } 
catch (error) {
    > 650 |       conso
le.error('[Verification
] Error verifying 
code:', error);
          |            
   ^
      651 |       
throw error;
      652 |     }
      653 |   };

      at Object.error (
contexts/AuthContext.ts
x:650:15)
      at 
asyncGeneratorStep (nod
e_modules/@babel/runtim
e/helpers/asyncToGenera
tor.js:3:17)
      at _next (node_mo
dules/@babel/runtime/he
lpers/asyncToGenerator.
js:17:9)

    console.error
      [SignOut] React 
Query cache clear 
error: TypeError: A 
dynamic import 
callback was invoked 
without --experimental-
vm-modules
          at importModu
leDynamicallyCallback (
node:internal/modules/e
sm/utils:277:11)
          at 
Object.<anonymous> (C:\
Users\maloh\Downloads\1
-main\contexts\AuthCont
ext.tsx:745:9)
          at 
Generator.next 
(<anonymous>)
          at 
asyncGeneratorStep (C:\
Users\maloh\Downloads\1
-main\node_modules\@bab
el\runtime\helpers\asyn
cToGenerator.js:3:17)
          at _next (C:\
Users\maloh\Downloads\1
-main\node_modules\@bab
el\runtime\helpers\asyn
cToGenerator.js:17:9)
          at C:\Users\m
aloh\Downloads\1-main\n
ode_modules\@babel\runt
ime\helpers\asyncToGene
rator.js:22:7
          at new 
Promise (<anonymous>)
          at 
Object.<anonymous> (C:\
Users\maloh\Downloads\1
-main\node_modules\@bab
el\runtime\helpers\asyn
cToGenerator.js:14:12)
          at 
Object.apply [as 
signOut] (C:\Users\malo
h\Downloads\1-main\cont
exts\AuthContext.tsx:73
6:16)
          at signOut (C
:\Users\maloh\Downloads
\1-main\__tests__\conte
xts\AuthContext.test.ts
x:445:30)
          at 
Generator.next 
(<anonymous>)
          at 
asyncGeneratorStep (C:\
Users\maloh\Downloads\1
-main\node_modules\@bab
el\runtime\helpers\asyn
cToGenerator.js:3:17)
          at _next (C:\
Users\maloh\Downloads\1
-main\node_modules\@bab
el\runtime\helpers\asyn
cToGenerator.js:17:9)
          at C:\Users\m
aloh\Downloads\1-main\n
ode_modules\@babel\runt
ime\helpers\asyncToGene
rator.js:22:7
          at new 
Promise (<anonymous>)
          at C:\Users\m
aloh\Downloads\1-main\n
ode_modules\@babel\runt
ime\helpers\asyncToGene
rator.js:14:12
          at callback (
C:\Users\maloh\Download
s\1-main\node_modules\@
testing-library\react-n
ative\src\act.ts:31:24)
          at process.en
v.NODE_ENV.exports.act 
(C:\Users\maloh\Downloa
ds\1-main\node_modules\
react\cjs\react.develop
ment.js:789:22)
          at 
actImplementation (C:\U
sers\maloh\Downloads\1-
main\node_modules\@test
ing-library\react-nativ
e\src\act.ts:30:25)
          at 
Object.<anonymous> (C:\
Users\maloh\Downloads\1
-main\__tests__\context
s\AuthContext.test.tsx:
444:16)
          at 
Generator.next 
(<anonymous>)
          at 
asyncGeneratorStep (C:\
Users\maloh\Downloads\1
-main\node_modules\@bab
el\runtime\helpers\asyn
cToGenerator.js:3:17)
          at _next (C:\
Users\maloh\Downloads\1
-main\node_modules\@bab
el\runtime\helpers\asyn
cToGenerator.js:17:9) {
        code: 'ERR_VM_D
YNAMIC_IMPORT_CALLBACK_
MISSING_FLAG'
      }

      747 |         
console.log('[SignOut] 
React Query cache 
cleared');
      748 |       } 
catch (queryError) {
    > 749 |         con
sole.error('[SignOut] 
React Query cache 
clear error:', 
queryError);
          |            
     ^
      750 |       }
      751 |
      752 |       // 
Purger toutes les 
cl├®s AsyncStorage 
li├®es ├á l'utilisateur

      at Object.error (
contexts/AuthContext.ts
x:749:17)
          at 
Generator.throw 
(<anonymous>)
      at 
asyncGeneratorStep (nod
e_modules/@babel/runtim
e/helpers/asyncToGenera
tor.js:3:17)
      at _throw (node_m
odules/@babel/runtime/h
elpers/asyncToGenerator
.js:20:9)

    console.log
      [SignOut] 
AsyncStorage cleaned

      at Object.log (co
ntexts/AuthContext.tsx:
759:17)

    console.error
      [SignOut] React 
Query cache clear 
error: TypeError: A 
dynamic import 
callback was invoked 
without --experimental-
vm-modules
          at importModu
leDynamicallyCallback (
node:internal/modules/e
sm/utils:277:11)
          at 
Object.<anonymous> (C:\
Users\maloh\Downloads\1
-main\contexts\AuthCont
ext.tsx:745:9)
          at 
Generator.next 
(<anonymous>)
          at 
asyncGeneratorStep (C:\
Users\maloh\Downloads\1
-main\node_modules\@bab
el\runtime\helpers\asyn
cToGenerator.js:3:17)
          at _next (C:\
Users\maloh\Downloads\1
-main\node_modules\@bab
el\runtime\helpers\asyn
cToGenerator.js:17:9)
          at C:\Users\m
aloh\Downloads\1-main\n
ode_modules\@babel\runt
ime\helpers\asyncToGene
rator.js:22:7
          at new 
Promise (<anonymous>)
          at 
Object.<anonymous> (C:\
Users\maloh\Downloads\1
-main\node_modules\@bab
el\runtime\helpers\asyn
cToGenerator.js:14:12)
          at 
Object.apply [as 
signOut] (C:\Users\malo
h\Downloads\1-main\cont
exts\AuthContext.tsx:73
6:16)
          at signOut (C
:\Users\maloh\Downloads
\1-main\__tests__\conte
xts\AuthContext.test.ts
x:465:32)
          at 
Generator.next 
(<anonymous>)
          at 
asyncGeneratorStep (C:\
Users\maloh\Downloads\1
-main\node_modules\@bab
el\runtime\helpers\asyn
cToGenerator.js:3:17)
          at _next (C:\
Users\maloh\Downloads\1
-main\node_modules\@bab
el\runtime\helpers\asyn
cToGenerator.js:17:9)
          at C:\Users\m
aloh\Downloads\1-main\n
ode_modules\@babel\runt
ime\helpers\asyncToGene
rator.js:22:7
          at new 
Promise (<anonymous>)
          at C:\Users\m
aloh\Downloads\1-main\n
ode_modules\@babel\runt
ime\helpers\asyncToGene
rator.js:14:12
          at callback (
C:\Users\maloh\Download
s\1-main\node_modules\@
testing-library\react-n
ative\src\act.ts:31:24)
          at process.en
v.NODE_ENV.exports.act 
(C:\Users\maloh\Downloa
ds\1-main\node_modules\
react\cjs\react.develop
ment.js:789:22)
          at 
actImplementation (C:\U
sers\maloh\Downloads\1-
main\node_modules\@test
ing-library\react-nativ
e\src\act.ts:30:25)
          at 
Object.<anonymous> (C:\
Users\maloh\Downloads\1
-main\__tests__\context
s\AuthContext.test.tsx:
464:12)
          at 
Generator.next 
(<anonymous>)
          at 
asyncGeneratorStep (C:\
Users\maloh\Downloads\1
-main\node_modules\@bab
el\runtime\helpers\asyn
cToGenerator.js:3:17)
          at _next (C:\
Users\maloh\Downloads\1
-main\node_modules\@bab
el\runtime\helpers\asyn
cToGenerator.js:17:9) {
        code: 'ERR_VM_D
YNAMIC_IMPORT_CALLBACK_
MISSING_FLAG'
      }

      747 |         
console.log('[SignOut] 
React Query cache 
cleared');
      748 |       } 
catch (queryError) {
    > 749 |         con
sole.error('[SignOut] 
React Query cache 
clear error:', 
queryError);
          |            
     ^
      750 |       }
      751 |
      752 |       // 
Purger toutes les 
cl├®s AsyncStorage 
li├®es ├á l'utilisateur

      at Object.error (
contexts/AuthContext.ts
x:749:17)
          at 
Generator.throw 
(<anonymous>)
      at 
asyncGeneratorStep (nod
e_modules/@babel/runtim
e/helpers/asyncToGenera
tor.js:3:17)
      at _throw (node_m
odules/@babel/runtime/h
elpers/asyncToGenerator
.js:20:9)

    console.log
      [SignOut] 
AsyncStorage cleaned

      at Object.log (co
ntexts/AuthContext.tsx:
759:17)

    console.error
      [SignOut] 
Supabase sign out 
error: { message: 
'Sign out failed' }

      765 |       
const { error } = 
await supabase.auth.sig
nOut({ scope: 'local' 
});
      766 |       if 
(error) {
    > 767 |         con
sole.error('[SignOut] 
Supabase sign out 
error:', error);
          |            
     ^
      768 |         
throw error;
      769 |       }
      770 |     } 
catch (error) {

      at Object.error (
contexts/AuthContext.ts
x:767:17)
      at 
asyncGeneratorStep (nod
e_modules/@babel/runtim
e/helpers/asyncToGenera
tor.js:3:17)
      at _next (node_mo
dules/@babel/runtime/he
lpers/asyncToGenerator.
js:17:9)

    console.error
      [SignOut] Error 
during sign out: { 
message: 'Sign out 
failed' }

      769 |       }
      770 |     } 
catch (error) {
    > 771 |       conso
le.error('[SignOut] 
Error during sign 
out:', error);
          |            
   ^
      772 |       // 
S'assurer que les 
├®tats sont 
r├®initialis├®s m├¬me 
en cas d'erreur
      773 |       
setUserProfile(null);
      774 |       
setUser(null);

      at Object.error (
contexts/AuthContext.ts
x:771:15)
      at 
asyncGeneratorStep (nod
e_modules/@babel/runtim
e/helpers/asyncToGenera
tor.js:3:17)
      at _next (node_mo
dules/@babel/runtime/he
lpers/asyncToGenerator.
js:17:9)

    console.error
      [TrustedDevice] 
Error adding device: { 
message: 'Insert 
failed' }

      697 |
      698 |       if 
(error) {
    > 699 |         con
sole.error('[TrustedDev
ice] Error adding 
device:', error);
          |            
     ^
      700 |         
throw error;
      701 |       }
      702 |     } 
catch (error) {

      at Object.error (
contexts/AuthContext.ts
x:699:17)
      at 
asyncGeneratorStep (nod
e_modules/@babel/runtim
e/helpers/asyncToGenera
tor.js:3:17)
      at _next (node_mo
dules/@babel/runtime/he
lpers/asyncToGenerator.
js:17:9)

    console.error
      [TrustedDevice] 
Error adding device: { 
message: 'Insert 
failed' }

      701 |       }
      702 |     } 
catch (error) {
    > 703 |       conso
le.error('[TrustedDevic
e] Error adding 
device:', error);
          |            
   ^
      704 |       
throw error;
      705 |     }
      706 |   };

      at Object.error (
contexts/AuthContext.ts
x:703:15)
      at 
asyncGeneratorStep (nod
e_modules/@babel/runtim
e/helpers/asyncToGenera
tor.js:3:17)
      at _next (node_mo
dules/@babel/runtime/he
lpers/asyncToGenerator.
js:17:9)

  ÔùÅ AuthContext ÔÇ║ 
signUp ÔÇ║ throws 
error when user 
creation fails

    expect(received).re
jects.toThrow(expected)

    Expected 
substring: "Erreur 
lors de la creation du 
compte"
    Received message:  
 "auth.error_account_cr
eation"

        [0m [90m 238 
|[39m
         [90m 239 
|[39m     
[36mif[39m ([33m![3
9mdata[33m.[39muser) 
{
        [31m[1m>[22m
[39m[90m 240 |[39m  
     [36mthrow[39m 
[36mnew[39m [33mErro
r[39m(t([32m'auth.err
or_account_creation'[3
9m))[33m;[39m
         [90m     
|[39m             
[31m[1m^[22m[39m
         [90m 241 
|[39m     }
         [90m 242 
|[39m
         [90m 243 
|[39m     
[36mconst[39m { 
error[33m:[39m 
profileError } 
[33m=[39m 
[36mawait[39m 
supabase[0m

      at 
Object.<anonymous> (con
texts/AuthContext.tsx:2
40:13)
      at 
asyncGeneratorStep (nod
e_modules/@babel/runtim
e/helpers/asyncToGenera
tor.js:3:17)
      at _next (node_mo
dules/@babel/runtime/he
lpers/asyncToGenerator.
js:17:9)
      at 
Object.toThrow (node_mo
dules/expect/build/inde
x.js:2155:20)
      at 
Object.toThrow (__tests
__/contexts/AuthContext
.test.tsx:247:17)
      at 
asyncGeneratorStep (nod
e_modules/@babel/runtim
e/helpers/asyncToGenera
tor.js:3:17)
      at _next (node_mo
dules/@babel/runtime/he
lpers/asyncToGenerator.
js:17:9)

PASS __tests__/componen
ts/OAuthButton.test.tsx
PASS __tests__/hooks/us
eNotifications.test.tsx
PASS __tests__/componen
ts/ModalHandle.test.tsx
PASS __tests__/componen
ts/AnimatedTabBarIcon.t
est.tsx
PASS __tests__/hooks/qu
eries/useDashboard.test
.ts
PASS __tests__/componen
ts/ActionCard.test.tsx
PASS __tests__/hooks/qu
eries/index.test.ts
PASS __tests__/hooks/qu
eries/useNotificationsQ
uery.test.ts
PASS __tests__/contexts
/NotificationContext.te
st.tsx
  ÔùÅ Console

    console.error
      An update to 
NotificationProvider 
inside a test was not 
wrapped in act(...).
      
      When testing, 
code that causes React 
state updates should 
be wrapped into 
act(...):
      
      act(() => {
        /* fire events 
that update state */
      });
      /* assert on the 
output */
      
      This ensures 
that you're testing 
the behavior the user 
would see in the 
browser. Learn more at 
https://react.dev/link/
wrap-tests-with-act

      40 |
      41 |     if 
(!error && count !== 
null) {
    > 42 |       setNot
ificationCount(count);
         |       ^
      43 |       setHas
UnreadNotifications(cou
nt > 0);
      44 |     }
      45 |   }, 
[user]);

      at node_modules/r
eact-test-renderer/cjs/
react-test-renderer.dev
elopment.js:11801:19
      at 
runWithFiberInDEV (node
_modules/react-test-ren
derer/cjs/react-test-re
nderer.development.js:1
574:13)
      at warnIfUpdatesN
otWrappedWithActDEV (no
de_modules/react-test-r
enderer/cjs/react-test-
renderer.development.js
:11800:9)
      at 
scheduleUpdateOnFiber (
node_modules/react-test
-renderer/cjs/react-tes
t-renderer.development.
js:10326:9)
      at dispatchSetSta
teInternal (node_module
s/react-test-renderer/c
js/react-test-renderer.
development.js:4148:13)
      at 
dispatchSetState (node_
modules/react-test-rend
erer/cjs/react-test-ren
derer.development.js:41
07:7)
      at 
setNotificationCount (c
ontexts/NotificationCon
text.tsx:42:7)
      at 
asyncGeneratorStep (nod
e_modules/@babel/runtim
e/helpers/asyncToGenera
tor.js:3:17)
      at _next (node_mo
dules/@babel/runtime/he
lpers/asyncToGenerator.
js:17:9)

    console.error
      An update to 
NotificationProvider 
inside a test was not 
wrapped in act(...).
      
      When testing, 
code that causes React 
state updates should 
be wrapped into 
act(...):
      
      act(() => {
        /* fire events 
that update state */
      });
      /* assert on the 
output */
      
      This ensures 
that you're testing 
the behavior the user 
would see in the 
browser. Learn more at 
https://react.dev/link/
wrap-tests-with-act

      41 |     if 
(!error && count !== 
null) {
      42 |       setNot
ificationCount(count);
    > 43 |       setHas
UnreadNotifications(cou
nt > 0);
         |       ^
      44 |     }
      45 |   }, 
[user]);
      46 |

      at node_modules/r
eact-test-renderer/cjs/
react-test-renderer.dev
elopment.js:11801:19
      at 
runWithFiberInDEV (node
_modules/react-test-ren
derer/cjs/react-test-re
nderer.development.js:1
574:13)
      at warnIfUpdatesN
otWrappedWithActDEV (no
de_modules/react-test-r
enderer/cjs/react-test-
renderer.development.js
:11800:9)
      at 
scheduleUpdateOnFiber (
node_modules/react-test
-renderer/cjs/react-tes
t-renderer.development.
js:10326:9)
      at dispatchSetSta
teInternal (node_module
s/react-test-renderer/c
js/react-test-renderer.
development.js:4148:13)
      at 
dispatchSetState (node_
modules/react-test-rend
erer/cjs/react-test-ren
derer.development.js:41
07:7)
      at setHasUnreadNo
tifications (contexts/N
otificationContext.tsx:
43:7)
      at 
asyncGeneratorStep (nod
e_modules/@babel/runtim
e/helpers/asyncToGenera
tor.js:3:17)
      at _next (node_mo
dules/@babel/runtime/he
lpers/asyncToGenerator.
js:17:9)

PASS __tests__/componen
ts/ConditionCard.test.t
sx
PASS __tests__/componen
ts/Button.test.tsx
PASS __tests__/hooks/us
eProtectedRoute.test.ts
x
PASS __tests__/componen
ts/NextScanTimer.test.t
sx
PASS __tests__/componen
ts/CameraGuide.test.tsx
PASS __tests__/componen
ts/SuccessConfetti.test
.tsx
PASS __tests__/componen
ts/SettingsCog.test.tsx
PASS __tests__/componen
ts/CircularProgress.tes
t.tsx
PASS __tests__/contexts
/BadgeContext.test.tsx
PASS __tests__/services
/scanEligibility.test.t
s
  ÔùÅ Console

    console.warn
      [API] Backend 
rejected super scan. 
Using client-side 
fallback.

      391 |       // 
FALLBACK: Si l'erreur 
est "Invalid scan 
type" pour "super", on 
g├¿re localement
      392 |       if 
(scanType === 'super' 
&& error.error === 
'Invalid scan type') {
    > 393 |         
console.warn('[API] 
Backend rejected super 
scan. Using 
client-side 
fallback.');
          |            
     ^
      394 |
      395 |         // 
Cr├®er l'entr├®e scan 
directement
      396 |         
const { data: 
scanRecord, error: 
scanError } = await 
supabase

      at 
ApiService.warn (servic
es/api.ts:393:17)
      at 
asyncGeneratorStep (nod
e_modules/@babel/runtim
e/helpers/asyncToGenera
tor.js:3:17)
      at _next (node_mo
dules/@babel/runtime/he
lpers/asyncToGenerator.
js:17:9)

PASS __tests__/screens/
HomeScreen.test.tsx
PASS __tests__/services
/payment.test.ts
  ÔùÅ Console

    console.error
      [PaymentService] 
Initialization error: 
Error: Init failed
          at 
Object.<anonymous> (C:\
Users\maloh\Downloads\1
-main\__tests__\service
s\payment.test.ts:84:48
)
          at 
Generator.next 
(<anonymous>)
          at 
asyncGeneratorStep (C:\
Users\maloh\Downloads\1
-main\node_modules\@bab
el\runtime\helpers\asyn
cToGenerator.js:3:17)
          at _next (C:\
Users\maloh\Downloads\1
-main\node_modules\@bab
el\runtime\helpers\asyn
cToGenerator.js:17:9)
          at C:\Users\m
aloh\Downloads\1-main\n
ode_modules\@babel\runt
ime\helpers\asyncToGene
rator.js:22:7
          at new 
Promise (<anonymous>)
          at 
Object.<anonymous> (C:\
Users\maloh\Downloads\1
-main\node_modules\@bab
el\runtime\helpers\asyn
cToGenerator.js:14:12)
          at Promise.fi
nally.completed (C:\Use
rs\maloh\Downloads\1-ma
in\node_modules\jest-ci
rcus\build\jestAdapterI
nit.js:1557:28)
          at new 
Promise (<anonymous>)
          at 
callAsyncCircusFn (C:\U
sers\maloh\Downloads\1-
main\node_modules\jest-
circus\build\jestAdapte
rInit.js:1497:10)
          at 
_callCircusTest (C:\Use
rs\maloh\Downloads\1-ma
in\node_modules\jest-ci
rcus\build\jestAdapterI
nit.js:1007:40)
          at processTic
ksAndRejections (node:i
nternal/process/task_qu
eues:103:5)
          at _runTest (
C:\Users\maloh\Download
s\1-main\node_modules\j
est-circus\build\jestAd
apterInit.js:947:3)
          at C:\Users\m
aloh\Downloads\1-main\n
ode_modules\jest-circus
\build\jestAdapterInit.
js:849:7
          at _runTestsF
orDescribeBlock (C:\Use
rs\maloh\Downloads\1-ma
in\node_modules\jest-ci
rcus\build\jestAdapterI
nit.js:862:11)
          at _runTestsF
orDescribeBlock (C:\Use
rs\maloh\Downloads\1-ma
in\node_modules\jest-ci
rcus\build\jestAdapterI
nit.js:857:11)
          at _runTestsF
orDescribeBlock (C:\Use
rs\maloh\Downloads\1-ma
in\node_modules\jest-ci
rcus\build\jestAdapterI
nit.js:857:11)
          at run (C:\Us
ers\maloh\Downloads\1-m
ain\node_modules\jest-c
ircus\build\jestAdapter
Init.js:761:3)
          at runAndTran
sformResultsToJestForma
t (C:\Users\maloh\Downl
oads\1-main\node_module
s\jest-circus\build\jes
tAdapterInit.js:1918:21
)
          at 
jestAdapter (C:\Users\m
aloh\Downloads\1-main\n
ode_modules\jest-circus
\build\runner.js:101:19
)
          at 
runTestInternal (C:\Use
rs\maloh\Downloads\1-ma
in\node_modules\jest-ru
nner\build\testWorker.j
s:275:16)
          at runTest (C
:\Users\maloh\Downloads
\1-main\node_modules\je
st-runner\build\testWor
ker.js:343:7)
          at 
Object.worker (C:\Users
\maloh\Downloads\1-main
\node_modules\jest-runn
er\build\testWorker.js:
497:12)

      48 |         
return;
      49 |       }
    > 50 |       consol
e.error('[PaymentServic
e] Initialization 
error:', error);
         |             
  ^
      51 |       throw 
new Error('Failed to 
initialize payment 
service');
      52 |     }
      53 |   }

      at 
PaymentService.error (s
ervices/payment.ts:50:1
5)
          at 
Generator.throw 
(<anonymous>)
      at 
asyncGeneratorStep (nod
e_modules/@babel/runtim
e/helpers/asyncToGenera
tor.js:3:17)
      at _throw (node_m
odules/@babel/runtime/h
elpers/asyncToGenerator
.js:20:9)

    console.error
      [PaymentService] 
Error fetching 
products: Error: Fetch 
error
          at 
Object.<anonymous> (C:\
Users\maloh\Downloads\1
-main\__tests__\service
s\payment.test.ts:130:4
5)
          at 
Generator.next 
(<anonymous>)
          at 
asyncGeneratorStep (C:\
Users\maloh\Downloads\1
-main\node_modules\@bab
el\runtime\helpers\asyn
cToGenerator.js:3:17)
          at _next (C:\
Users\maloh\Downloads\1
-main\node_modules\@bab
el\runtime\helpers\asyn
cToGenerator.js:17:9)
          at C:\Users\m
aloh\Downloads\1-main\n
ode_modules\@babel\runt
ime\helpers\asyncToGene
rator.js:22:7
          at new 
Promise (<anonymous>)
          at 
Object.<anonymous> (C:\
Users\maloh\Downloads\1
-main\node_modules\@bab
el\runtime\helpers\asyn
cToGenerator.js:14:12)
          at Promise.fi
nally.completed (C:\Use
rs\maloh\Downloads\1-ma
in\node_modules\jest-ci
rcus\build\jestAdapterI
nit.js:1557:28)
          at new 
Promise (<anonymous>)
          at 
callAsyncCircusFn (C:\U
sers\maloh\Downloads\1-
main\node_modules\jest-
circus\build\jestAdapte
rInit.js:1497:10)
          at 
_callCircusTest (C:\Use
rs\maloh\Downloads\1-ma
in\node_modules\jest-ci
rcus\build\jestAdapterI
nit.js:1007:40)
          at processTic
ksAndRejections (node:i
nternal/process/task_qu
eues:103:5)
          at _runTest (
C:\Users\maloh\Download
s\1-main\node_modules\j
est-circus\build\jestAd
apterInit.js:947:3)
          at C:\Users\m
aloh\Downloads\1-main\n
ode_modules\jest-circus
\build\jestAdapterInit.
js:849:7
          at _runTestsF
orDescribeBlock (C:\Use
rs\maloh\Downloads\1-ma
in\node_modules\jest-ci
rcus\build\jestAdapterI
nit.js:862:11)
          at _runTestsF
orDescribeBlock (C:\Use
rs\maloh\Downloads\1-ma
in\node_modules\jest-ci
rcus\build\jestAdapterI
nit.js:857:11)
          at _runTestsF
orDescribeBlock (C:\Use
rs\maloh\Downloads\1-ma
in\node_modules\jest-ci
rcus\build\jestAdapterI
nit.js:857:11)
          at run (C:\Us
ers\maloh\Downloads\1-m
ain\node_modules\jest-c
ircus\build\jestAdapter
Init.js:761:3)
          at runAndTran
sformResultsToJestForma
t (C:\Users\maloh\Downl
oads\1-main\node_module
s\jest-circus\build\jes
tAdapterInit.js:1918:21
)
          at 
jestAdapter (C:\Users\m
aloh\Downloads\1-main\n
ode_modules\jest-circus
\build\runner.js:101:19
)
          at 
runTestInternal (C:\Use
rs\maloh\Downloads\1-ma
in\node_modules\jest-ru
nner\build\testWorker.j
s:275:16)
          at runTest (C
:\Users\maloh\Downloads
\1-main\node_modules\je
st-runner\build\testWor
ker.js:343:7)
          at 
Object.worker (C:\Users
\maloh\Downloads\1-main
\node_modules\jest-runn
er\build\testWorker.js:
497:12)

       99 |       
return null;
      100 |     } 
catch (error) {
    > 101 |       conso
le.error('[PaymentServi
ce] Error fetching 
products:', error);
          |            
   ^
      102 |       
return null;
      103 |     }
      104 |   }

      at 
PaymentService.error (s
ervices/payment.ts:101:
15)
          at 
Generator.throw 
(<anonymous>)
      at 
asyncGeneratorStep (nod
e_modules/@babel/runtim
e/helpers/asyncToGenera
tor.js:3:17)
      at _throw (node_m
odules/@babel/runtime/h
elpers/asyncToGenerator
.js:20:9)

    console.error
      [PaymentService] 
Purchase error: Error: 
User cancelled
          at 
Object.<anonymous> (C:\
Users\maloh\Downloads\1
-main\__tests__\service
s\payment.test.ts:156:2
7)
          at 
Generator.next 
(<anonymous>)
          at 
asyncGeneratorStep (C:\
Users\maloh\Downloads\1
-main\node_modules\@bab
el\runtime\helpers\asyn
cToGenerator.js:3:17)
          at _next (C:\
Users\maloh\Downloads\1
-main\node_modules\@bab
el\runtime\helpers\asyn
cToGenerator.js:17:9)
          at C:\Users\m
aloh\Downloads\1-main\n
ode_modules\@babel\runt
ime\helpers\asyncToGene
rator.js:22:7
          at new 
Promise (<anonymous>)
          at 
Object.<anonymous> (C:\
Users\maloh\Downloads\1
-main\node_modules\@bab
el\runtime\helpers\asyn
cToGenerator.js:14:12)
          at Promise.fi
nally.completed (C:\Use
rs\maloh\Downloads\1-ma
in\node_modules\jest-ci
rcus\build\jestAdapterI
nit.js:1557:28)
          at new 
Promise (<anonymous>)
          at 
callAsyncCircusFn (C:\U
sers\maloh\Downloads\1-
main\node_modules\jest-
circus\build\jestAdapte
rInit.js:1497:10)
          at 
_callCircusTest (C:\Use
rs\maloh\Downloads\1-ma
in\node_modules\jest-ci
rcus\build\jestAdapterI
nit.js:1007:40)
          at processTic
ksAndRejections (node:i
nternal/process/task_qu
eues:103:5)
          at _runTest (
C:\Users\maloh\Download
s\1-main\node_modules\j
est-circus\build\jestAd
apterInit.js:947:3)
          at C:\Users\m
aloh\Downloads\1-main\n
ode_modules\jest-circus
\build\jestAdapterInit.
js:849:7
          at _runTestsF
orDescribeBlock (C:\Use
rs\maloh\Downloads\1-ma
in\node_modules\jest-ci
rcus\build\jestAdapterI
nit.js:862:11)
          at _runTestsF
orDescribeBlock (C:\Use
rs\maloh\Downloads\1-ma
in\node_modules\jest-ci
rcus\build\jestAdapterI
nit.js:857:11)
          at _runTestsF
orDescribeBlock (C:\Use
rs\maloh\Downloads\1-ma
in\node_modules\jest-ci
rcus\build\jestAdapterI
nit.js:857:11)
          at run (C:\Us
ers\maloh\Downloads\1-m
ain\node_modules\jest-c
ircus\build\jestAdapter
Init.js:761:3)
          at runAndTran
sformResultsToJestForma
t (C:\Users\maloh\Downl
oads\1-main\node_module
s\jest-circus\build\jes
tAdapterInit.js:1918:21
)
          at 
jestAdapter (C:\Users\m
aloh\Downloads\1-main\n
ode_modules\jest-circus
\build\runner.js:101:19
)
          at 
runTestInternal (C:\Use
rs\maloh\Downloads\1-ma
in\node_modules\jest-ru
nner\build\testWorker.j
s:275:16)
          at runTest (C
:\Users\maloh\Downloads
\1-main\node_modules\je
st-runner\build\testWor
ker.js:343:7)
          at 
Object.worker (C:\Users
\maloh\Downloads\1-main
\node_modules\jest-runn
er\build\testWorker.js:
497:12) {
        code: 
'E_USER_CANCELLED'
      }

      121 |       };
      122 |     } 
catch (error: any) {
    > 123 |       conso
le.error('[PaymentServi
ce] Purchase error:', 
error);
          |            
   ^
      124 |
      125 |       if 
(error.code === 
'E_USER_CANCELLED') {
      126 |         
return {

      at 
PaymentService.error (s
ervices/payment.ts:123:
15)
          at 
Generator.throw 
(<anonymous>)
      at 
asyncGeneratorStep (nod
e_modules/@babel/runtim
e/helpers/asyncToGenera
tor.js:3:17)
      at _throw (node_m
odules/@babel/runtime/h
elpers/asyncToGenerator
.js:20:9)

    console.error
      [PaymentService] 
Purchase error: Error: 
Purchase failed
          at 
Object.<anonymous> (C:\
Users\maloh\Downloads\1
-main\__tests__\service
s\payment.test.ts:167:2
9)
          at 
Generator.next 
(<anonymous>)
          at 
asyncGeneratorStep (C:\
Users\maloh\Downloads\1
-main\node_modules\@bab
el\runtime\helpers\asyn
cToGenerator.js:3:17)
          at _next (C:\
Users\maloh\Downloads\1
-main\node_modules\@bab
el\runtime\helpers\asyn
cToGenerator.js:17:9)
          at C:\Users\m
aloh\Downloads\1-main\n
ode_modules\@babel\runt
ime\helpers\asyncToGene
rator.js:22:7
          at new 
Promise (<anonymous>)
          at 
Object.<anonymous> (C:\
Users\maloh\Downloads\1
-main\node_modules\@bab
el\runtime\helpers\asyn
cToGenerator.js:14:12)
          at Promise.fi
nally.completed (C:\Use
rs\maloh\Downloads\1-ma
in\node_modules\jest-ci
rcus\build\jestAdapterI
nit.js:1557:28)
          at new 
Promise (<anonymous>)
          at 
callAsyncCircusFn (C:\U
sers\maloh\Downloads\1-
main\node_modules\jest-
circus\build\jestAdapte
rInit.js:1497:10)
          at 
_callCircusTest (C:\Use
rs\maloh\Downloads\1-ma
in\node_modules\jest-ci
rcus\build\jestAdapterI
nit.js:1007:40)
          at processTic
ksAndRejections (node:i
nternal/process/task_qu
eues:103:5)
          at _runTest (
C:\Users\maloh\Download
s\1-main\node_modules\j
est-circus\build\jestAd
apterInit.js:947:3)
          at C:\Users\m
aloh\Downloads\1-main\n
ode_modules\jest-circus
\build\jestAdapterInit.
js:849:7
          at _runTestsF
orDescribeBlock (C:\Use
rs\maloh\Downloads\1-ma
in\node_modules\jest-ci
rcus\build\jestAdapterI
nit.js:862:11)
          at _runTestsF
orDescribeBlock (C:\Use
rs\maloh\Downloads\1-ma
in\node_modules\jest-ci
rcus\build\jestAdapterI
nit.js:857:11)
          at _runTestsF
orDescribeBlock (C:\Use
rs\maloh\Downloads\1-ma
in\node_modules\jest-ci
rcus\build\jestAdapterI
nit.js:857:11)
          at run (C:\Us
ers\maloh\Downloads\1-m
ain\node_modules\jest-c
ircus\build\jestAdapter
Init.js:761:3)
          at runAndTran
sformResultsToJestForma
t (C:\Users\maloh\Downl
oads\1-main\node_module
s\jest-circus\build\jes
tAdapterInit.js:1918:21
)
          at 
jestAdapter (C:\Users\m
aloh\Downloads\1-main\n
ode_modules\jest-circus
\build\runner.js:101:19
)
          at 
runTestInternal (C:\Use
rs\maloh\Downloads\1-ma
in\node_modules\jest-ru
nner\build\testWorker.j
s:275:16)
          at runTest (C
:\Users\maloh\Downloads
\1-main\node_modules\je
st-runner\build\testWor
ker.js:343:7)
          at 
Object.worker (C:\Users
\maloh\Downloads\1-main
\node_modules\jest-runn
er\build\testWorker.js:
497:12) {
        code: 
'E_PURCHASE_ERROR'
      }

      121 |       };
      122 |     } 
catch (error: any) {
    > 123 |       conso
le.error('[PaymentServi
ce] Purchase error:', 
error);
          |            
   ^
      124 |
      125 |       if 
(error.code === 
'E_USER_CANCELLED') {
      126 |         
return {

      at 
PaymentService.error (s
ervices/payment.ts:123:
15)
          at 
Generator.throw 
(<anonymous>)
      at 
asyncGeneratorStep (nod
e_modules/@babel/runtim
e/helpers/asyncToGenera
tor.js:3:17)
      at _throw (node_m
odules/@babel/runtime/h
elpers/asyncToGenerator
.js:20:9)

    console.error
      [PaymentService] 
Verification error: 
Error: Unauthorized
          at PaymentSer
vice.<anonymous> (C:\Us
ers\maloh\Downloads\1-m
ain\services\payment.ts
:178:15)
          at 
Generator.next 
(<anonymous>)
          at 
asyncGeneratorStep (C:\
Users\maloh\Downloads\1
-main\node_modules\@bab
el\runtime\helpers\asyn
cToGenerator.js:3:17)
          at _next (C:\
Users\maloh\Downloads\1
-main\node_modules\@bab
el\runtime\helpers\asyn
cToGenerator.js:17:9)
          at processTic
ksAndRejections (node:i
nternal/process/task_qu
eues:103:5)

      188 |       }
      189 |     } 
catch (error) {
    > 190 |       conso
le.error('[PaymentServi
ce] Verification 
error:', error);
          |            
   ^
      191 |       
throw error;
      192 |     }
      193 |   }

      at 
PaymentService.error (s
ervices/payment.ts:190:
15)
      at 
asyncGeneratorStep (nod
e_modules/@babel/runtim
e/helpers/asyncToGenera
tor.js:3:17)
      at _next (node_mo
dules/@babel/runtime/he
lpers/asyncToGenerator.
js:17:9)

    console.error
      [PaymentService] 
Restore error: Error: 
Unauthorized
          at PaymentSer
vice.<anonymous> (C:\Us
ers\maloh\Downloads\1-m
ain\services\payment.ts
:178:15)
          at 
Generator.next 
(<anonymous>)
          at 
asyncGeneratorStep (C:\
Users\maloh\Downloads\1
-main\node_modules\@bab
el\runtime\helpers\asyn
cToGenerator.js:3:17)
          at _next (C:\
Users\maloh\Downloads\1
-main\node_modules\@bab
el\runtime\helpers\asyn
cToGenerator.js:17:9)
          at processTic
ksAndRejections (node:i
nternal/process/task_qu
eues:103:5)

      229 |       };
      230 |     } 
catch (error: any) {
    > 231 |       conso
le.error('[PaymentServi
ce] Restore error:', 
error);
          |            
   ^
      232 |       
return {
      233 |         
success: false,
      234 |         
message: error.message 
|| 'Failed to restore 
purchases',

      at 
PaymentService.error (s
ervices/payment.ts:231:
15)
          at 
Generator.throw 
(<anonymous>)
      at 
asyncGeneratorStep (nod
e_modules/@babel/runtim
e/helpers/asyncToGenera
tor.js:3:17)
      at _throw (node_m
odules/@babel/runtime/h
elpers/asyncToGenerator
.js:20:9)

    console.error
      [PaymentService] 
Verification error: 
Error: HTTP error: 500
          at PaymentSer
vice.<anonymous> (C:\Us
ers\maloh\Downloads\1-m
ain\services\payment.ts
:178:15)
          at 
Generator.next 
(<anonymous>)
          at 
asyncGeneratorStep (C:\
Users\maloh\Downloads\1
-main\node_modules\@bab
el\runtime\helpers\asyn
cToGenerator.js:3:17)
          at _next (C:\
Users\maloh\Downloads\1
-main\node_modules\@bab
el\runtime\helpers\asyn
cToGenerator.js:17:9)
          at processTic
ksAndRejections (node:i
nternal/process/task_qu
eues:103:5)

      188 |       }
      189 |     } 
catch (error) {
    > 190 |       conso
le.error('[PaymentServi
ce] Verification 
error:', error);
          |            
   ^
      191 |       
throw error;
      192 |     }
      193 |   }

      at 
PaymentService.error (s
ervices/payment.ts:190:
15)
      at 
asyncGeneratorStep (nod
e_modules/@babel/runtim
e/helpers/asyncToGenera
tor.js:3:17)
      at _next (node_mo
dules/@babel/runtime/he
lpers/asyncToGenerator.
js:17:9)

    console.error
      [PaymentService] 
Restore error: Error: 
HTTP error: 500
          at PaymentSer
vice.<anonymous> (C:\Us
ers\maloh\Downloads\1-m
ain\services\payment.ts
:178:15)
          at 
Generator.next 
(<anonymous>)
          at 
asyncGeneratorStep (C:\
Users\maloh\Downloads\1
-main\node_modules\@bab
el\runtime\helpers\asyn
cToGenerator.js:3:17)
          at _next (C:\
Users\maloh\Downloads\1
-main\node_modules\@bab
el\runtime\helpers\asyn
cToGenerator.js:17:9)
          at processTic
ksAndRejections (node:i
nternal/process/task_qu
eues:103:5)

      229 |       };
      230 |     } 
catch (error: any) {
    > 231 |       conso
le.error('[PaymentServi
ce] Restore error:', 
error);
          |            
   ^
      232 |       
return {
      233 |         
success: false,
      234 |         
message: error.message 
|| 'Failed to restore 
purchases',

      at 
PaymentService.error (s
ervices/payment.ts:231:
15)
          at 
Generator.throw 
(<anonymous>)
      at 
asyncGeneratorStep (nod
e_modules/@babel/runtim
e/helpers/asyncToGenera
tor.js:3:17)
      at _throw (node_m
odules/@babel/runtime/h
elpers/asyncToGenerator
.js:20:9)

    console.error
      [PaymentService] 
Verification error: 
Error: HTTP error: 500
          at PaymentSer
vice.<anonymous> (C:\Us
ers\maloh\Downloads\1-m
ain\services\payment.ts
:178:15)
          at 
Generator.next 
(<anonymous>)
          at 
asyncGeneratorStep (C:\
Users\maloh\Downloads\1
-main\node_modules\@bab
el\runtime\helpers\asyn
cToGenerator.js:3:17)
          at _next (C:\
Users\maloh\Downloads\1
-main\node_modules\@bab
el\runtime\helpers\asyn
cToGenerator.js:17:9)
          at processTic
ksAndRejections (node:i
nternal/process/task_qu
eues:103:5)

      188 |       }
      189 |     } 
catch (error) {
    > 190 |       conso
le.error('[PaymentServi
ce] Verification 
error:', error);
          |            
   ^
      191 |       
throw error;
      192 |     }
      193 |   }

      at 
PaymentService.error (s
ervices/payment.ts:190:
15)
      at 
asyncGeneratorStep (nod
e_modules/@babel/runtim
e/helpers/asyncToGenera
tor.js:3:17)
      at _next (node_mo
dules/@babel/runtime/he
lpers/asyncToGenerator.
js:17:9)

    console.error
      [PaymentService] 
Restore error: Error: 
HTTP error: 500
          at PaymentSer
vice.<anonymous> (C:\Us
ers\maloh\Downloads\1-m
ain\services\payment.ts
:178:15)
          at 
Generator.next 
(<anonymous>)
          at 
asyncGeneratorStep (C:\
Users\maloh\Downloads\1
-main\node_modules\@bab
el\runtime\helpers\asyn
cToGenerator.js:3:17)
          at _next (C:\
Users\maloh\Downloads\1
-main\node_modules\@bab
el\runtime\helpers\asyn
cToGenerator.js:17:9)
          at processTic
ksAndRejections (node:i
nternal/process/task_qu
eues:103:5)

      229 |       };
      230 |     } 
catch (error: any) {
    > 231 |       conso
le.error('[PaymentServi
ce] Restore error:', 
error);
          |            
   ^
      232 |       
return {
      233 |         
success: false,
      234 |         
message: error.message 
|| 'Failed to restore 
purchases',

      at 
PaymentService.error (s
ervices/payment.ts:231:
15)
          at 
Generator.throw 
(<anonymous>)
      at 
asyncGeneratorStep (nod
e_modules/@babel/runtim
e/helpers/asyncToGenera
tor.js:3:17)
      at _throw (node_m
odules/@babel/runtime/h
elpers/asyncToGenerator
.js:20:9)

PASS __tests__/hooks/us
eFrameworkReady.test.ts
PASS __tests__/componen
ts/FadeInView.test.tsx
PASS __tests__/services
/deviceFingerprint.test
.ts
  ÔùÅ Console

    console.error
      
[DeviceFingerprint] 
Error: Error: Read 
failed
          at 
Object.<anonymous> (C:\
Users\maloh\Downloads\1
-main\__tests__\service
s\deviceFingerprint.tes
t.ts:82:84)
          at 
Generator.next 
(<anonymous>)
          at 
asyncGeneratorStep (C:\
Users\maloh\Downloads\1
-main\node_modules\@bab
el\runtime\helpers\asyn
cToGenerator.js:3:17)
          at _next (C:\
Users\maloh\Downloads\1
-main\node_modules\@bab
el\runtime\helpers\asyn
cToGenerator.js:17:9)
          at C:\Users\m
aloh\Downloads\1-main\n
ode_modules\@babel\runt
ime\helpers\asyncToGene
rator.js:22:7
          at new 
Promise (<anonymous>)
          at 
Object.<anonymous> (C:\
Users\maloh\Downloads\1
-main\node_modules\@bab
el\runtime\helpers\asyn
cToGenerator.js:14:12)
          at Promise.fi
nally.completed (C:\Use
rs\maloh\Downloads\1-ma
in\node_modules\jest-ci
rcus\build\jestAdapterI
nit.js:1557:28)
          at new 
Promise (<anonymous>)
          at 
callAsyncCircusFn (C:\U
sers\maloh\Downloads\1-
main\node_modules\jest-
circus\build\jestAdapte
rInit.js:1497:10)
          at 
_callCircusTest (C:\Use
rs\maloh\Downloads\1-ma
in\node_modules\jest-ci
rcus\build\jestAdapterI
nit.js:1007:40)
          at processTic
ksAndRejections (node:i
nternal/process/task_qu
eues:103:5)
          at _runTest (
C:\Users\maloh\Download
s\1-main\node_modules\j
est-circus\build\jestAd
apterInit.js:947:3)
          at C:\Users\m
aloh\Downloads\1-main\n
ode_modules\jest-circus
\build\jestAdapterInit.
js:849:7
          at _runTestsF
orDescribeBlock (C:\Use
rs\maloh\Downloads\1-ma
in\node_modules\jest-ci
rcus\build\jestAdapterI
nit.js:862:11)
          at _runTestsF
orDescribeBlock (C:\Use
rs\maloh\Downloads\1-ma
in\node_modules\jest-ci
rcus\build\jestAdapterI
nit.js:857:11)
          at _runTestsF
orDescribeBlock (C:\Use
rs\maloh\Downloads\1-ma
in\node_modules\jest-ci
rcus\build\jestAdapterI
nit.js:857:11)
          at run (C:\Us
ers\maloh\Downloads\1-m
ain\node_modules\jest-c
ircus\build\jestAdapter
Init.js:761:3)
          at runAndTran
sformResultsToJestForma
t (C:\Users\maloh\Downl
oads\1-main\node_module
s\jest-circus\build\jes
tAdapterInit.js:1918:21
)
          at 
jestAdapter (C:\Users\m
aloh\Downloads\1-main\n
ode_modules\jest-circus
\build\runner.js:101:19
)
          at 
runTestInternal (C:\Use
rs\maloh\Downloads\1-ma
in\node_modules\jest-ru
nner\build\testWorker.j
s:275:16)
          at runTest (C
:\Users\maloh\Downloads
\1-main\node_modules\je
st-runner\build\testWor
ker.js:343:7)
          at 
Object.worker (C:\Users
\maloh\Downloads\1-main
\node_modules\jest-runn
er\build\testWorker.js:
497:12)

      64 |     return 
newFingerprint;
      65 |   } catch 
(error) {
    > 66 |     console.
error('[DeviceFingerpri
nt] Error:', error);
         |             
^
      67 |     return 
await 
generateFingerprint();
      68 |   }
      69 | }

      at error (service
s/deviceFingerprint.ts:
66:13)
          at 
Generator.throw 
(<anonymous>)
      at 
asyncGeneratorStep (nod
e_modules/@babel/runtim
e/helpers/asyncToGenera
tor.js:3:17)
      at _throw (node_m
odules/@babel/runtime/h
elpers/asyncToGenerator
.js:20:9)

    console.error
      
[DeviceFingerprint] 
Error: Error: Write 
failed
          at 
Object.<anonymous> (C:\
Users\maloh\Downloads\1
-main\__tests__\service
s\deviceFingerprint.tes
t.ts:94:84)
          at 
Generator.next 
(<anonymous>)
          at 
asyncGeneratorStep (C:\
Users\maloh\Downloads\1
-main\node_modules\@bab
el\runtime\helpers\asyn
cToGenerator.js:3:17)
          at _next (C:\
Users\maloh\Downloads\1
-main\node_modules\@bab
el\runtime\helpers\asyn
cToGenerator.js:17:9)
          at C:\Users\m
aloh\Downloads\1-main\n
ode_modules\@babel\runt
ime\helpers\asyncToGene
rator.js:22:7
          at new 
Promise (<anonymous>)
          at 
Object.<anonymous> (C:\
Users\maloh\Downloads\1
-main\node_modules\@bab
el\runtime\helpers\asyn
cToGenerator.js:14:12)
          at Promise.fi
nally.completed (C:\Use
rs\maloh\Downloads\1-ma
in\node_modules\jest-ci
rcus\build\jestAdapterI
nit.js:1557:28)
          at new 
Promise (<anonymous>)
          at 
callAsyncCircusFn (C:\U
sers\maloh\Downloads\1-
main\node_modules\jest-
circus\build\jestAdapte
rInit.js:1497:10)
          at 
_callCircusTest (C:\Use
rs\maloh\Downloads\1-ma
in\node_modules\jest-ci
rcus\build\jestAdapterI
nit.js:1007:40)
          at processTic
ksAndRejections (node:i
nternal/process/task_qu
eues:103:5)
          at _runTest (
C:\Users\maloh\Download
s\1-main\node_modules\j
est-circus\build\jestAd
apterInit.js:947:3)
          at C:\Users\m
aloh\Downloads\1-main\n
ode_modules\jest-circus
\build\jestAdapterInit.
js:849:7
          at _runTestsF
orDescribeBlock (C:\Use
rs\maloh\Downloads\1-ma
in\node_modules\jest-ci
rcus\build\jestAdapterI
nit.js:862:11)
          at _runTestsF
orDescribeBlock (C:\Use
rs\maloh\Downloads\1-ma
in\node_modules\jest-ci
rcus\build\jestAdapterI
nit.js:857:11)
          at _runTestsF
orDescribeBlock (C:\Use
rs\maloh\Downloads\1-ma
in\node_modules\jest-ci
rcus\build\jestAdapterI
nit.js:857:11)
          at run (C:\Us
ers\maloh\Downloads\1-m
ain\node_modules\jest-c
ircus\build\jestAdapter
Init.js:761:3)
          at runAndTran
sformResultsToJestForma
t (C:\Users\maloh\Downl
oads\1-main\node_module
s\jest-circus\build\jes
tAdapterInit.js:1918:21
)
          at 
jestAdapter (C:\Users\m
aloh\Downloads\1-main\n
ode_modules\jest-circus
\build\runner.js:101:19
)
          at 
runTestInternal (C:\Use
rs\maloh\Downloads\1-ma
in\node_modules\jest-ru
nner\build\testWorker.j
s:275:16)
          at runTest (C
:\Users\maloh\Downloads
\1-main\node_modules\je
st-runner\build\testWor
ker.js:343:7)
          at 
Object.worker (C:\Users
\maloh\Downloads\1-main
\node_modules\jest-runn
er\build\testWorker.js:
497:12)

      64 |     return 
newFingerprint;
      65 |   } catch 
(error) {
    > 66 |     console.
error('[DeviceFingerpri
nt] Error:', error);
         |             
^
      67 |     return 
await 
generateFingerprint();
      68 |   }
      69 | }

      at error (service
s/deviceFingerprint.ts:
66:13)
          at 
Generator.throw 
(<anonymous>)
      at 
asyncGeneratorStep (nod
e_modules/@babel/runtim
e/helpers/asyncToGenera
tor.js:3:17)
      at _throw (node_m
odules/@babel/runtime/h
elpers/asyncToGenerator
.js:20:9)

    console.error
      
[DeviceFingerprint] 
Error: Error: Read 
failed
          at 
Object.<anonymous> (C:\
Users\maloh\Downloads\1
-main\__tests__\service
s\deviceFingerprint.tes
t.ts:106:84)
          at 
Generator.next 
(<anonymous>)
          at 
asyncGeneratorStep (C:\
Users\maloh\Downloads\1
-main\node_modules\@bab
el\runtime\helpers\asyn
cToGenerator.js:3:17)
          at _next (C:\
Users\maloh\Downloads\1
-main\node_modules\@bab
el\runtime\helpers\asyn
cToGenerator.js:17:9)
          at C:\Users\m
aloh\Downloads\1-main\n
ode_modules\@babel\runt
ime\helpers\asyncToGene
rator.js:22:7
          at new 
Promise (<anonymous>)
          at 
Object.<anonymous> (C:\
Users\maloh\Downloads\1
-main\node_modules\@bab
el\runtime\helpers\asyn
cToGenerator.js:14:12)
          at Promise.fi
nally.completed (C:\Use
rs\maloh\Downloads\1-ma
in\node_modules\jest-ci
rcus\build\jestAdapterI
nit.js:1557:28)
          at new 
Promise (<anonymous>)
          at 
callAsyncCircusFn (C:\U
sers\maloh\Downloads\1-
main\node_modules\jest-
circus\build\jestAdapte
rInit.js:1497:10)
          at 
_callCircusTest (C:\Use
rs\maloh\Downloads\1-ma
in\node_modules\jest-ci
rcus\build\jestAdapterI
nit.js:1007:40)
          at processTic
ksAndRejections (node:i
nternal/process/task_qu
eues:103:5)
          at _runTest (
C:\Users\maloh\Download
s\1-main\node_modules\j
est-circus\build\jestAd
apterInit.js:947:3)
          at C:\Users\m
aloh\Downloads\1-main\n
ode_modules\jest-circus
\build\jestAdapterInit.
js:849:7
          at _runTestsF
orDescribeBlock (C:\Use
rs\maloh\Downloads\1-ma
in\node_modules\jest-ci
rcus\build\jestAdapterI
nit.js:862:11)
          at _runTestsF
orDescribeBlock (C:\Use
rs\maloh\Downloads\1-ma
in\node_modules\jest-ci
rcus\build\jestAdapterI
nit.js:857:11)
          at _runTestsF
orDescribeBlock (C:\Use
rs\maloh\Downloads\1-ma
in\node_modules\jest-ci
rcus\build\jestAdapterI
nit.js:857:11)
          at run (C:\Us
ers\maloh\Downloads\1-m
ain\node_modules\jest-c
ircus\build\jestAdapter
Init.js:761:3)
          at runAndTran
sformResultsToJestForma
t (C:\Users\maloh\Downl
oads\1-main\node_module
s\jest-circus\build\jes
tAdapterInit.js:1918:21
)
          at 
jestAdapter (C:\Users\m
aloh\Downloads\1-main\n
ode_modules\jest-circus
\build\runner.js:101:19
)
          at 
runTestInternal (C:\Use
rs\maloh\Downloads\1-ma
in\node_modules\jest-ru
nner\build\testWorker.j
s:275:16)
          at runTest (C
:\Users\maloh\Downloads
\1-main\node_modules\je
st-runner\build\testWor
ker.js:343:7)
          at 
Object.worker (C:\Users
\maloh\Downloads\1-main
\node_modules\jest-runn
er\build\testWorker.js:
497:12)

      64 |     return 
newFingerprint;
      65 |   } catch 
(error) {
    > 66 |     console.
error('[DeviceFingerpri
nt] Error:', error);
         |             
^
      67 |     return 
await 
generateFingerprint();
      68 |   }
      69 | }

      at error (service
s/deviceFingerprint.ts:
66:13)
          at 
Generator.throw 
(<anonymous>)
      at 
asyncGeneratorStep (nod
e_modules/@babel/runtim
e/helpers/asyncToGenera
tor.js:3:17)
      at _throw (node_m
odules/@babel/runtime/h
elpers/asyncToGenerator
.js:20:9)

PASS __tests__/services
/supabase.test.ts
PASS __tests__/componen
ts/LoadingSpinner.test.
tsx
PASS __tests__/backend_
simulation.test.ts
PASS __tests__/services
/navigation.test.ts
  ÔùÅ Console

    console.error
      [Navigation] 
Error navigating to 
notifications: Error: 
Navigation error
          at C:\Users\m
aloh\Downloads\1-main\_
_tests__\services\navig
ation.test.ts:49:15
          at C:\Users\m
aloh\Downloads\1-main\n
ode_modules\jest-mock\b
uild\index.js:397:39
          at C:\Users\m
aloh\Downloads\1-main\n
ode_modules\jest-mock\b
uild\index.js:404:13
          at 
mockConstructor (C:\Use
rs\maloh\Downloads\1-ma
in\node_modules\jest-mo
ck\build\index.js:148:1
9)
          at 
Object.mockPush [as 
push] (C:\Users\maloh\D
ownloads\1-main\__tests
__\services\navigation.
test.ts:12:29)
          at 
NavigationService.push 
[as navigateToNotificat
ions] (C:\Users\maloh\D
ownloads\1-main\service
s\navigation.ts:48:14)
          at navigateTo
Notifications (C:\Users
\maloh\Downloads\1-main
\__tests__\services\nav
igation.test.ts:52:38)
          at 
Object.<anonymous> (C:\
Users\maloh\Downloads\1
-main\node_modules\expe
ct\build\index.js:1824:
9)
          at 
Object.throwingMatcher 
[as toThrow] (C:\Users\
maloh\Downloads\1-main\
node_modules\expect\bui
ld\index.js:2235:93)
          at 
Object.toThrow (C:\User
s\maloh\Downloads\1-mai
n\__tests__\services\na
vigation.test.ts:52:69)
          at Promise.fi
nally.completed (C:\Use
rs\maloh\Downloads\1-ma
in\node_modules\jest-ci
rcus\build\jestAdapterI
nit.js:1557:28)
          at new 
Promise (<anonymous>)
          at 
callAsyncCircusFn (C:\U
sers\maloh\Downloads\1-
main\node_modules\jest-
circus\build\jestAdapte
rInit.js:1497:10)
          at 
_callCircusTest (C:\Use
rs\maloh\Downloads\1-ma
in\node_modules\jest-ci
rcus\build\jestAdapterI
nit.js:1007:40)
          at processTic
ksAndRejections (node:i
nternal/process/task_qu
eues:103:5)
          at _runTest (
C:\Users\maloh\Download
s\1-main\node_modules\j
est-circus\build\jestAd
apterInit.js:947:3)
          at C:\Users\m
aloh\Downloads\1-main\n
ode_modules\jest-circus
\build\jestAdapterInit.
js:849:7
          at _runTestsF
orDescribeBlock (C:\Use
rs\maloh\Downloads\1-ma
in\node_modules\jest-ci
rcus\build\jestAdapterI
nit.js:862:11)
          at _runTestsF
orDescribeBlock (C:\Use
rs\maloh\Downloads\1-ma
in\node_modules\jest-ci
rcus\build\jestAdapterI
nit.js:857:11)
          at _runTestsF
orDescribeBlock (C:\Use
rs\maloh\Downloads\1-ma
in\node_modules\jest-ci
rcus\build\jestAdapterI
nit.js:857:11)
          at run (C:\Us
ers\maloh\Downloads\1-m
ain\node_modules\jest-c
ircus\build\jestAdapter
Init.js:761:3)
          at runAndTran
sformResultsToJestForma
t (C:\Users\maloh\Downl
oads\1-main\node_module
s\jest-circus\build\jes
tAdapterInit.js:1918:21
)
          at 
jestAdapter (C:\Users\m
aloh\Downloads\1-main\n
ode_modules\jest-circus
\build\runner.js:101:19
)
          at 
runTestInternal (C:\Use
rs\maloh\Downloads\1-ma
in\node_modules\jest-ru
nner\build\testWorker.j
s:275:16)
          at runTest (C
:\Users\maloh\Downloads
\1-main\node_modules\je
st-runner\build\testWor
ker.js:343:7)
          at 
Object.worker (C:\Users
\maloh\Downloads\1-main
\node_modules\jest-runn
er\build\testWorker.js:
497:12)

      48 |       router
.push('/notifications')
;
      49 |     } catch 
(error) {
    > 50 |       consol
e.error('[Navigation] 
Error navigating to 
notifications:', 
error);
         |             
  ^
      51 |     }
      52 |   }
      53 |

      at NavigationServ
ice.error [as navigateT
oNotifications] (servic
es/navigation.ts:50:15)
      at navigateToNoti
fications (__tests__/se
rvices/navigation.test.
ts:52:38)
      at 
Object.<anonymous> (nod
e_modules/expect/build/
index.js:1824:9)
      at 
Object.throwingMatcher 
[as toThrow] (node_modu
les/expect/build/index.
js:2235:93)
      at 
Object.toThrow (__tests
__/services/navigation.
test.ts:52:69)

    console.error
      [Navigation] 
Error in dismissAllModa
lsAndNavigate: Error: 
First replace error
          at C:\Users\m
aloh\Downloads\1-main\_
_tests__\services\navig
ation.test.ts:121:17
          at C:\Users\m
aloh\Downloads\1-main\n
ode_modules\jest-mock\b
uild\index.js:397:39
          at C:\Users\m
aloh\Downloads\1-main\n
ode_modules\jest-mock\b
uild\index.js:404:13
          at 
mockConstructor (C:\Use
rs\maloh\Downloads\1-ma
in\node_modules\jest-mo
ck\build\index.js:148:1
9)
          at 
Object.mockReplace [as 
replace] (C:\Users\malo
h\Downloads\1-main\__te
sts__\services\navigati
on.test.ts:11:32)
          at Navigation
Service.replace (C:\Use
rs\maloh\Downloads\1-ma
in\services\navigation.
ts:25:14)
          at 
Generator.next 
(<anonymous>)
          at 
asyncGeneratorStep (C:\
Users\maloh\Downloads\1
-main\node_modules\@bab
el\runtime\helpers\asyn
cToGenerator.js:3:17)
          at _next (C:\
Users\maloh\Downloads\1
-main\node_modules\@bab
el\runtime\helpers\asyn
cToGenerator.js:17:9)
          at processTic
ksAndRejections (node:i
nternal/process/task_qu
eues:103:5)

      25 |       
router.replace(path as 
any);
      26 |     } catch 
(error) {
    > 27 |       consol
e.error('[Navigation] 
Error in dismissAllModa
lsAndNavigate:', 
error);
         |             
  ^
      28 |       try {
      29 |         
router.replace(path as 
any);
      30 |       } 
catch (fallbackError) {

      at NavigationServ
ice.error (services/nav
igation.ts:27:15)
      at 
asyncGeneratorStep (nod
e_modules/@babel/runtim
e/helpers/asyncToGenera
tor.js:3:17)
      at _next (node_mo
dules/@babel/runtime/he
lpers/asyncToGenerator.
js:17:9)

PASS __tests__/componen
ts/DailyStat.test.tsx
PASS __tests__/backend_
scan_logic.test.ts
PASS __tests__/componen
ts/NotificationBell.tes
t.tsx
PASS __tests__/integrat
ion/authFlow.test.tsx
  ÔùÅ Console

    console.error
      [SignUp] IP 
Check exception: 
TypeError: Cannot read 
properties of 
undefined (reading 
'json')
          at json (C:\U
sers\maloh\Downloads\1-
main\contexts\AuthConte
xt.tsx:188:35)
          at 
Generator.next 
(<anonymous>)
          at 
asyncGeneratorStep (C:\
Users\maloh\Downloads\1
-main\node_modules\@bab
el\runtime\helpers\asyn
cToGenerator.js:3:17)
          at _next (C:\
Users\maloh\Downloads\1
-main\node_modules\@bab
el\runtime\helpers\asyn
cToGenerator.js:17:9)

      201 |         
throw error;
      202 |       }
    > 203 |       conso
le.error('[SignUp] IP 
Check exception:', 
error);
          |            
   ^
      204 |       // 
Decide: Fail open 
(allow signup) on 
network error?
      205 |       // 
Keeping it open for 
now to prevent 
blocking on 
connectivity issues
      206 |     }

      at error (context
s/AuthContext.tsx:203:1
5)
      at 
asyncGeneratorStep (nod
e_modules/@babel/runtim
e/helpers/asyncToGenera
tor.js:3:17)
      at _next (node_mo
dules/@babel/runtime/he
lpers/asyncToGenerator.
js:17:9)

    console.error
      [SignUp] IP 
Check exception: 
TypeError: Cannot read 
properties of 
undefined (reading 
'json')
          at json (C:\U
sers\maloh\Downloads\1-
main\contexts\AuthConte
xt.tsx:188:35)
          at 
Generator.next 
(<anonymous>)
          at 
asyncGeneratorStep (C:\
Users\maloh\Downloads\1
-main\node_modules\@bab
el\runtime\helpers\asyn
cToGenerator.js:3:17)
          at _next (C:\
Users\maloh\Downloads\1
-main\node_modules\@bab
el\runtime\helpers\asyn
cToGenerator.js:17:9)

      201 |         
throw error;
      202 |       }
    > 203 |       conso
le.error('[SignUp] IP 
Check exception:', 
error);
          |            
   ^
      204 |       // 
Decide: Fail open 
(allow signup) on 
network error?
      205 |       // 
Keeping it open for 
now to prevent 
blocking on 
connectivity issues
      206 |     }

      at error (context
s/AuthContext.tsx:203:1
5)
      at 
asyncGeneratorStep (nod
e_modules/@babel/runtim
e/helpers/asyncToGenera
tor.js:3:17)
      at _next (node_mo
dules/@babel/runtime/he
lpers/asyncToGenerator.
js:17:9)

    console.error
      [Verification] 
Error: Code invalide 
ou expir├®

      642 |         }
      643 |
    > 644 |         con
sole.error('[Verificati
on] Error:', 
data.error);
          |            
     ^
      645 |         
throw new 
Error(errorMessage);
      646 |       }
      647 |

      at Object.error (
contexts/AuthContext.ts
x:644:17)
      at 
asyncGeneratorStep (nod
e_modules/@babel/runtim
e/helpers/asyncToGenera
tor.js:3:17)
      at _next (node_mo
dules/@babel/runtime/he
lpers/asyncToGenerator.
js:17:9)

    console.error
      [Verification] 
Error verifying code: 
Error: Code invalide 
ou expir├®
          at 
Object.<anonymous> (C:\
Users\maloh\Downloads\1
-main\contexts\AuthCont
ext.tsx:645:15)
          at 
Generator.next 
(<anonymous>)
          at 
asyncGeneratorStep (C:\
Users\maloh\Downloads\1
-main\node_modules\@bab
el\runtime\helpers\asyn
cToGenerator.js:3:17)
          at _next (C:\
Users\maloh\Downloads\1
-main\node_modules\@bab
el\runtime\helpers\asyn
cToGenerator.js:17:9)

      648 |       
return data.verified 
=== true;
      649 |     } 
catch (error) {
    > 650 |       conso
le.error('[Verification
] Error verifying 
code:', error);
          |            
   ^
      651 |       
throw error;
      652 |     }
      653 |   };

      at Object.error (
contexts/AuthContext.ts
x:650:15)
      at 
asyncGeneratorStep (nod
e_modules/@babel/runtim
e/helpers/asyncToGenera
tor.js:3:17)
      at _next (node_mo
dules/@babel/runtime/he
lpers/asyncToGenerator.
js:17:9)

    console.error
      [AuthProvider] 
Error loading session: 
Error: Network error
          at 
Object.<anonymous> (C:\
Users\maloh\Downloads\1
-main\__tests__\integra
tion\authFlow.test.tsx:
346:40)
          at 
Generator.next 
(<anonymous>)
          at 
asyncGeneratorStep (C:\
Users\maloh\Downloads\1
-main\node_modules\@bab
el\runtime\helpers\asyn
cToGenerator.js:3:17)
          at _next (C:\
Users\maloh\Downloads\1
-main\node_modules\@bab
el\runtime\helpers\asyn
cToGenerator.js:17:9)
          at C:\Users\m
aloh\Downloads\1-main\n
ode_modules\@babel\runt
ime\helpers\asyncToGene
rator.js:22:7
          at new 
Promise (<anonymous>)
          at 
Object.<anonymous> (C:\
Users\maloh\Downloads\1
-main\node_modules\@bab
el\runtime\helpers\asyn
cToGenerator.js:14:12)
          at Promise.fi
nally.completed (C:\Use
rs\maloh\Downloads\1-ma
in\node_modules\jest-ci
rcus\build\jestAdapterI
nit.js:1557:28)
          at new 
Promise (<anonymous>)
          at 
callAsyncCircusFn (C:\U
sers\maloh\Downloads\1-
main\node_modules\jest-
circus\build\jestAdapte
rInit.js:1497:10)
          at 
_callCircusTest (C:\Use
rs\maloh\Downloads\1-ma
in\node_modules\jest-ci
rcus\build\jestAdapterI
nit.js:1007:40)
          at _runTest (
C:\Users\maloh\Download
s\1-main\node_modules\j
est-circus\build\jestAd
apterInit.js:947:3)
          at C:\Users\m
aloh\Downloads\1-main\n
ode_modules\jest-circus
\build\jestAdapterInit.
js:849:7
          at _runTestsF
orDescribeBlock (C:\Use
rs\maloh\Downloads\1-ma
in\node_modules\jest-ci
rcus\build\jestAdapterI
nit.js:862:11)
          at _runTestsF
orDescribeBlock (C:\Use
rs\maloh\Downloads\1-ma
in\node_modules\jest-ci
rcus\build\jestAdapterI
nit.js:857:11)
          at _runTestsF
orDescribeBlock (C:\Use
rs\maloh\Downloads\1-ma
in\node_modules\jest-ci
rcus\build\jestAdapterI
nit.js:857:11)
          at run (C:\Us
ers\maloh\Downloads\1-m
ain\node_modules\jest-c
ircus\build\jestAdapter
Init.js:761:3)
          at runAndTran
sformResultsToJestForma
t (C:\Users\maloh\Downl
oads\1-main\node_module
s\jest-circus\build\jes
tAdapterInit.js:1918:21
)
          at 
jestAdapter (C:\Users\m
aloh\Downloads\1-main\n
ode_modules\jest-circus
\build\runner.js:101:19
)
          at 
runTestInternal (C:\Use
rs\maloh\Downloads\1-ma
in\node_modules\jest-ru
nner\build\testWorker.j
s:275:16)
          at runTest (C
:\Users\maloh\Downloads
\1-main\node_modules\je
st-runner\build\testWor
ker.js:343:7)
          at 
Object.worker (C:\Users
\maloh\Downloads\1-main
\node_modules\jest-runn
er\build\testWorker.js:
497:12)

      61 |       }
      62 |     
}).catch((error) => {
    > 63 |       consol
e.error('[AuthProvider]
 Error loading 
session:', error);
         |             
  ^
      64 |       if 
(isMountedRef.current) 
{
      65 |         
setLoading(false);
      66 |       }

      at error (context
s/AuthContext.tsx:63:15
)

    console.error
      [SignOut] React 
Query cache clear 
error: TypeError: A 
dynamic import 
callback was invoked 
without --experimental-
vm-modules
          at importModu
leDynamicallyCallback (
node:internal/modules/e
sm/utils:277:11)
          at 
Object.<anonymous> (C:\
Users\maloh\Downloads\1
-main\contexts\AuthCont
ext.tsx:745:9)
          at 
Generator.next 
(<anonymous>)
          at 
asyncGeneratorStep (C:\
Users\maloh\Downloads\1
-main\node_modules\@bab
el\runtime\helpers\asyn
cToGenerator.js:3:17)
          at _next (C:\
Users\maloh\Downloads\1
-main\node_modules\@bab
el\runtime\helpers\asyn
cToGenerator.js:17:9)
          at C:\Users\m
aloh\Downloads\1-main\n
ode_modules\@babel\runt
ime\helpers\asyncToGene
rator.js:22:7
          at new 
Promise (<anonymous>)
          at 
Object.<anonymous> (C:\
Users\maloh\Downloads\1
-main\node_modules\@bab
el\runtime\helpers\asyn
cToGenerator.js:14:12)
          at 
Object.apply [as 
signOut] (C:\Users\malo
h\Downloads\1-main\cont
exts\AuthContext.tsx:73
6:16)
          at signOut (C
:\Users\maloh\Downloads
\1-main\__tests__\integ
ration\authFlow.test.ts
x:439:30)
          at 
Generator.next 
(<anonymous>)
          at 
asyncGeneratorStep (C:\
Users\maloh\Downloads\1
-main\node_modules\@bab
el\runtime\helpers\asyn
cToGenerator.js:3:17)
          at _next (C:\
Users\maloh\Downloads\1
-main\node_modules\@bab
el\runtime\helpers\asyn
cToGenerator.js:17:9)
          at C:\Users\m
aloh\Downloads\1-main\n
ode_modules\@babel\runt
ime\helpers\asyncToGene
rator.js:22:7
          at new 
Promise (<anonymous>)
          at C:\Users\m
aloh\Downloads\1-main\n
ode_modules\@babel\runt
ime\helpers\asyncToGene
rator.js:14:12
          at callback (
C:\Users\maloh\Download
s\1-main\node_modules\@
testing-library\react-n
ative\src\act.ts:31:24)
          at process.en
v.NODE_ENV.exports.act 
(C:\Users\maloh\Downloa
ds\1-main\node_modules\
react\cjs\react.develop
ment.js:789:22)
          at 
actImplementation (C:\U
sers\maloh\Downloads\1-
main\node_modules\@test
ing-library\react-nativ
e\src\act.ts:30:25)
          at 
Object.<anonymous> (C:\
Users\maloh\Downloads\1
-main\__tests__\integra
tion\authFlow.test.tsx:
438:16)
          at 
Generator.next 
(<anonymous>)
          at 
asyncGeneratorStep (C:\
Users\maloh\Downloads\1
-main\node_modules\@bab
el\runtime\helpers\asyn
cToGenerator.js:3:17)
          at _next (C:\
Users\maloh\Downloads\1
-main\node_modules\@bab
el\runtime\helpers\asyn
cToGenerator.js:17:9) {
        code: 'ERR_VM_D
YNAMIC_IMPORT_CALLBACK_
MISSING_FLAG'
      }

      747 |         
console.log('[SignOut] 
React Query cache 
cleared');
      748 |       } 
catch (queryError) {
    > 749 |         con
sole.error('[SignOut] 
React Query cache 
clear error:', 
queryError);
          |            
     ^
      750 |       }
      751 |
      752 |       // 
Purger toutes les 
cl├®s AsyncStorage 
li├®es ├á l'utilisateur

      at Object.error (
contexts/AuthContext.ts
x:749:17)
          at 
Generator.throw 
(<anonymous>)
      at 
asyncGeneratorStep (nod
e_modules/@babel/runtim
e/helpers/asyncToGenera
tor.js:3:17)
      at _throw (node_m
odules/@babel/runtime/h
elpers/asyncToGenerator
.js:20:9)

    console.log
      [SignOut] 
AsyncStorage cleaned

      at Object.log (co
ntexts/AuthContext.tsx:
759:17)

    console.error
      [SignOut] React 
Query cache clear 
error: TypeError: A 
dynamic import 
callback was invoked 
without --experimental-
vm-modules
          at importModu
leDynamicallyCallback (
node:internal/modules/e
sm/utils:277:11)
          at 
Object.<anonymous> (C:\
Users\maloh\Downloads\1
-main\contexts\AuthCont
ext.tsx:745:9)
          at 
Generator.next 
(<anonymous>)
          at 
asyncGeneratorStep (C:\
Users\maloh\Downloads\1
-main\node_modules\@bab
el\runtime\helpers\asyn
cToGenerator.js:3:17)
          at _next (C:\
Users\maloh\Downloads\1
-main\node_modules\@bab
el\runtime\helpers\asyn
cToGenerator.js:17:9)
          at C:\Users\m
aloh\Downloads\1-main\n
ode_modules\@babel\runt
ime\helpers\asyncToGene
rator.js:22:7
          at new 
Promise (<anonymous>)
          at 
Object.<anonymous> (C:\
Users\maloh\Downloads\1
-main\node_modules\@bab
el\runtime\helpers\asyn
cToGenerator.js:14:12)
          at 
Object.apply [as 
signOut] (C:\Users\malo
h\Downloads\1-main\cont
exts\AuthContext.tsx:73
6:16)
          at signOut (C
:\Users\maloh\Downloads
\1-main\__tests__\integ
ration\authFlow.test.ts
x:458:32)
          at 
Generator.next 
(<anonymous>)
          at 
asyncGeneratorStep (C:\
Users\maloh\Downloads\1
-main\node_modules\@bab
el\runtime\helpers\asyn
cToGenerator.js:3:17)
          at _next (C:\
Users\maloh\Downloads\1
-main\node_modules\@bab
el\runtime\helpers\asyn
cToGenerator.js:17:9)
          at C:\Users\m
aloh\Downloads\1-main\n
ode_modules\@babel\runt
ime\helpers\asyncToGene
rator.js:22:7
          at new 
Promise (<anonymous>)
          at C:\Users\m
aloh\Downloads\1-main\n
ode_modules\@babel\runt
ime\helpers\asyncToGene
rator.js:14:12
          at callback (
C:\Users\maloh\Download
s\1-main\node_modules\@
testing-library\react-n
ative\src\act.ts:31:24)
          at process.en
v.NODE_ENV.exports.act 
(C:\Users\maloh\Downloa
ds\1-main\node_modules\
react\cjs\react.develop
ment.js:789:22)
          at 
actImplementation (C:\U
sers\maloh\Downloads\1-
main\node_modules\@test
ing-library\react-nativ
e\src\act.ts:30:25)
          at 
Object.<anonymous> (C:\
Users\maloh\Downloads\1
-main\__tests__\integra
tion\authFlow.test.tsx:
457:12)
          at 
Generator.next 
(<anonymous>)
          at 
asyncGeneratorStep (C:\
Users\maloh\Downloads\1
-main\node_modules\@bab
el\runtime\helpers\asyn
cToGenerator.js:3:17)
          at _next (C:\
Users\maloh\Downloads\1
-main\node_modules\@bab
el\runtime\helpers\asyn
cToGenerator.js:17:9) {
        code: 'ERR_VM_D
YNAMIC_IMPORT_CALLBACK_
MISSING_FLAG'
      }

      747 |         
console.log('[SignOut] 
React Query cache 
cleared');
      748 |       } 
catch (queryError) {
    > 749 |         con
sole.error('[SignOut] 
React Query cache 
clear error:', 
queryError);
          |            
     ^
      750 |       }
      751 |
      752 |       // 
Purger toutes les 
cl├®s AsyncStorage 
li├®es ├á l'utilisateur

      at Object.error (
contexts/AuthContext.ts
x:749:17)
          at 
Generator.throw 
(<anonymous>)
      at 
asyncGeneratorStep (nod
e_modules/@babel/runtim
e/helpers/asyncToGenera
tor.js:3:17)
      at _throw (node_m
odules/@babel/runtime/h
elpers/asyncToGenerator
.js:20:9)

    console.log
      [SignOut] 
AsyncStorage cleaned

      at Object.log (co
ntexts/AuthContext.tsx:
759:17)

    console.error
      [SignOut] 
Supabase sign out 
error: { message: 
'Network error' }

      765 |       
const { error } = 
await supabase.auth.sig
nOut({ scope: 'local' 
});
      766 |       if 
(error) {
    > 767 |         con
sole.error('[SignOut] 
Supabase sign out 
error:', error);
          |            
     ^
      768 |         
throw error;
      769 |       }
      770 |     } 
catch (error) {

      at Object.error (
contexts/AuthContext.ts
x:767:17)
      at 
asyncGeneratorStep (nod
e_modules/@babel/runtim
e/helpers/asyncToGenera
tor.js:3:17)
      at _next (node_mo
dules/@babel/runtime/he
lpers/asyncToGenerator.
js:17:9)

    console.error
      [SignOut] Error 
during sign out: { 
message: 'Network 
error' }

      769 |       }
      770 |     } 
catch (error) {
    > 771 |       conso
le.error('[SignOut] 
Error during sign 
out:', error);
          |            
   ^
      772 |       // 
S'assurer que les 
├®tats sont 
r├®initialis├®s m├¬me 
en cas d'erreur
      773 |       
setUserProfile(null);
      774 |       
setUser(null);

      at Object.error (
contexts/AuthContext.ts
x:771:15)
      at 
asyncGeneratorStep (nod
e_modules/@babel/runtim
e/helpers/asyncToGenera
tor.js:3:17)
      at _next (node_mo
dules/@babel/runtime/he
lpers/asyncToGenerator.
js:17:9)

PASS __tests__/screens/
ScanPreviewScreen.test.
tsx
FAIL __tests__/componen
ts/NotificationCard.tes
t.tsx
  ÔùÅ Test suite 
failed to run

    Jest encountered 
an unexpected token

    Jest failed to 
parse a file. This 
happens e.g. when your 
code or its 
dependencies use 
non-standard 
JavaScript syntax, or 
when Jest is not 
configured to support 
such syntax.

    Out of the box 
Jest supports Babel, 
which will be used to 
transform your files 
into valid JS based on 
your Babel 
configuration.

    By default 
"node_modules" folder 
is ignored by 
transformers.

    Here's what you 
can do:
     ÔÇó If you are 
trying to use 
ECMAScript Modules, 
see https://jestjs.io/d
ocs/ecmascript-modules 
for how to enable it.
     ÔÇó If you are 
trying to use 
TypeScript, see https:/
/jestjs.io/docs/getting
-started#using-typescri
pt
     ÔÇó To have some 
of your "node_modules" 
files transformed, you 
can specify a custom "t
ransformIgnorePatterns"
 in your config.
     ÔÇó If you need a 
custom transformation, 
specify a "transform" 
option in your config.
     ÔÇó If you simply 
want to mock your 
non-JS modules (e.g. 
binary assets) you can 
stub them out with the 
"moduleNameMapper" 
config option.

    You'll find more 
details and examples 
of these config 
options in the docs:
    https://jestjs.io/d
ocs/configuration
    For information 
about custom 
transformations, see:
    https://jestjs.io/d
ocs/code-transformation

    Details:

    C:\Users\maloh\Down
loads\1-main\node_modul
es\make-plural\plurals.
js:26
    export const af = 
a;
    ^^^^^^

    SyntaxError: 
Unexpected token 
'export'

    > 1 | import { 
I18n } from 'i18n-js';
        | ^
      2 | import * as 
Localization from 
'expo-localization';
      3 |
      4 | export const 
i18n = new I18n(

      at Runtime.create
ScriptFromCode (node_mo
dules/jest-runtime/buil
d/index.js:1318:40)
      at 
Object.<anonymous> (nod
e_modules/i18n-js/src/P
luralization.ts:1:1)
      at 
Object.<anonymous> (nod
e_modules/i18n-js/src/I
18n.ts:29:1)
      at 
Object.<anonymous> (nod
e_modules/i18n-js/src/i
ndex.ts:1:1)
      at 
Object.require (i18n/tr
anslations.ts:1:1)
      at 
Object.require (compone
nts/NotificationCard.ts
x:6:1)
      at 
Object.require (__tests
__/components/Notificat
ionCard.test.tsx:3:1)

PASS __tests__/componen
ts/ScanLimitIndicator.t
est.tsx
PASS __tests__/componen
ts/ErrorMessage.test.ts
x
