
> bolt-expo-starter@1.0.0 typecheck
> tsc --noEmit

__tests__/components/FeatureComparisonList.test.tsx(44,54): error TS2322: Type '({ id: string; feature_name: string; feature_description: string; category: string; free_tier_description: string; premium_tier_description: string; created_at: string; } | { id: string; feature_name: string; ... 4 more ...; created_at: string; })[]' is not assignable to type 'PremiumFeature[]'.
  Type '{ id: string; feature_name: string; feature_description: string; category: string; free_tier_description: string; premium_tier_description: string; created_at: string; } | { id: string; feature_name: string; ... 4 more ...; created_at: string; }' is not assignable to type 'PremiumFeature'.
    Type '{ id: string; feature_name: string; feature_description: string; category: string; free_tier_description: string; premium_tier_description: string; created_at: string; }' is missing the following properties from type 'PremiumFeature': feature_key, requires_premium, enabled, updated_at
__tests__/components/FeatureComparisonList.test.tsx(50,35): error TS2322: Type '({ id: string; feature_name: string; feature_description: string; category: string; free_tier_description: string; premium_tier_description: string; created_at: string; } | { id: string; feature_name: string; ... 4 more ...; created_at: string; })[]' is not assignable to type 'PremiumFeature[]'.
  Type '{ id: string; feature_name: string; feature_description: string; category: string; free_tier_description: string; premium_tier_description: string; created_at: string; } | { id: string; feature_name: string; ... 4 more ...; created_at: string; }' is not assignable to type 'PremiumFeature'.
    Type '{ id: string; feature_name: string; feature_description: string; category: string; free_tier_description: string; premium_tier_description: string; created_at: string; }' is missing the following properties from type 'PremiumFeature': feature_key, requires_premium, enabled, updated_at
__tests__/components/FeatureComparisonList.test.tsx(58,35): error TS2322: Type '({ id: string; feature_name: string; feature_description: string; category: string; free_tier_description: string; premium_tier_description: string; created_at: string; } | { id: string; feature_name: string; ... 4 more ...; created_at: string; })[]' is not assignable to type 'PremiumFeature[]'.
  Type '{ id: string; feature_name: string; feature_description: string; category: string; free_tier_description: string; premium_tier_description: string; created_at: string; } | { id: string; feature_name: string; ... 4 more ...; created_at: string; }' is not assignable to type 'PremiumFeature'.
    Type '{ id: string; feature_name: string; feature_description: string; category: string; free_tier_description: string; premium_tier_description: string; created_at: string; }' is missing the following properties from type 'PremiumFeature': feature_key, requires_premium, enabled, updated_at
__tests__/components/FeatureComparisonList.test.tsx(65,35): error TS2322: Type '({ id: string; feature_name: string; feature_description: string; category: string; free_tier_description: string; premium_tier_description: string; created_at: string; } | { id: string; feature_name: string; ... 4 more ...; created_at: string; })[]' is not assignable to type 'PremiumFeature[]'.
  Type '{ id: string; feature_name: string; feature_description: string; category: string; free_tier_description: string; premium_tier_description: string; created_at: string; } | { id: string; feature_name: string; ... 4 more ...; created_at: string; }' is not assignable to type 'PremiumFeature'.
    Type '{ id: string; feature_name: string; feature_description: string; category: string; free_tier_description: string; premium_tier_description: string; created_at: string; }' is missing the following properties from type 'PremiumFeature': feature_key, requires_premium, enabled, updated_at
__tests__/components/FeatureComparisonList.test.tsx(72,35): error TS2322: Type '({ id: string; feature_name: string; feature_description: string; category: string; free_tier_description: string; premium_tier_description: string; created_at: string; } | { id: string; feature_name: string; ... 4 more ...; created_at: string; })[]' is not assignable to type 'PremiumFeature[]'.
  Type '{ id: string; feature_name: string; feature_description: string; category: string; free_tier_description: string; premium_tier_description: string; created_at: string; } | { id: string; feature_name: string; ... 4 more ...; created_at: string; }' is not assignable to type 'PremiumFeature'.
    Type '{ id: string; feature_name: string; feature_description: string; category: string; free_tier_description: string; premium_tier_description: string; created_at: string; }' is missing the following properties from type 'PremiumFeature': feature_key, requires_premium, enabled, updated_at
__tests__/components/FeatureComparisonList.test.tsx(79,35): error TS2322: Type '({ id: string; feature_name: string; feature_description: string; category: string; free_tier_description: string; premium_tier_description: string; created_at: string; } | { id: string; feature_name: string; ... 4 more ...; created_at: string; })[]' is not assignable to type 'PremiumFeature[]'.
  Type '{ id: string; feature_name: string; feature_description: string; category: string; free_tier_description: string; premium_tier_description: string; created_at: string; } | { id: string; feature_name: string; ... 4 more ...; created_at: string; }' is not assignable to type 'PremiumFeature'.
    Type '{ id: string; feature_name: string; feature_description: string; category: string; free_tier_description: string; premium_tier_description: string; created_at: string; }' is missing the following properties from type 'PremiumFeature': feature_key, requires_premium, enabled, updated_at
__tests__/components/FeatureComparisonList.test.tsx(92,35): error TS2322: Type '({ id: string; feature_name: string; feature_description: string; category: string; free_tier_description: string; premium_tier_description: string; created_at: string; } | { id: string; feature_name: string; ... 4 more ...; created_at: string; })[]' is not assignable to type 'PremiumFeature[]'.
  Type '{ id: string; feature_name: string; feature_description: string; category: string; free_tier_description: string; premium_tier_description: string; created_at: string; } | { id: string; feature_name: string; ... 4 more ...; created_at: string; }' is not assignable to type 'PremiumFeature'.
    Type '{ id: string; feature_name: string; feature_description: string; category: string; free_tier_description: string; premium_tier_description: string; created_at: string; }' is missing the following properties from type 'PremiumFeature': feature_key, requires_premium, enabled, updated_at
__tests__/components/FeatureComparisonTable.test.tsx(34,55): error TS2322: Type '({ id: string; feature_name: string; feature_description: string; category: string; free_tier_description: string; premium_tier_description: string; created_at: string; } | { id: string; feature_name: string; ... 4 more ...; created_at: string; })[]' is not assignable to type 'PremiumFeature[]'.
  Type '{ id: string; feature_name: string; feature_description: string; category: string; free_tier_description: string; premium_tier_description: string; created_at: string; } | { id: string; feature_name: string; ... 4 more ...; created_at: string; }' is not assignable to type 'PremiumFeature'.
    Type '{ id: string; feature_name: string; feature_description: string; category: string; free_tier_description: string; premium_tier_description: string; created_at: string; }' is missing the following properties from type 'PremiumFeature': feature_key, requires_premium, enabled, updated_at
__tests__/components/FeatureComparisonTable.test.tsx(40,36): error TS2322: Type '({ id: string; feature_name: string; feature_description: string; category: string; free_tier_description: string; premium_tier_description: string; created_at: string; } | { id: string; feature_name: string; ... 4 more ...; created_at: string; })[]' is not assignable to type 'PremiumFeature[]'.
  Type '{ id: string; feature_name: string; feature_description: string; category: string; free_tier_description: string; premium_tier_description: string; created_at: string; } | { id: string; feature_name: string; ... 4 more ...; created_at: string; }' is not assignable to type 'PremiumFeature'.
    Type '{ id: string; feature_name: string; feature_description: string; category: string; free_tier_description: string; premium_tier_description: string; created_at: string; }' is missing the following properties from type 'PremiumFeature': feature_key, requires_premium, enabled, updated_at
__tests__/components/FeatureComparisonTable.test.tsx(48,36): error TS2322: Type '({ id: string; feature_name: string; feature_description: string; category: string; free_tier_description: string; premium_tier_description: string; created_at: string; } | { id: string; feature_name: string; ... 4 more ...; created_at: string; })[]' is not assignable to type 'PremiumFeature[]'.
  Type '{ id: string; feature_name: string; feature_description: string; category: string; free_tier_description: string; premium_tier_description: string; created_at: string; } | { id: string; feature_name: string; ... 4 more ...; created_at: string; }' is not assignable to type 'PremiumFeature'.
    Type '{ id: string; feature_name: string; feature_description: string; category: string; free_tier_description: string; premium_tier_description: string; created_at: string; }' is missing the following properties from type 'PremiumFeature': feature_key, requires_premium, enabled, updated_at
__tests__/components/FeatureComparisonTable.test.tsx(55,36): error TS2322: Type '({ id: string; feature_name: string; feature_description: string; category: string; free_tier_description: string; premium_tier_description: string; created_at: string; } | { id: string; feature_name: string; ... 4 more ...; created_at: string; })[]' is not assignable to type 'PremiumFeature[]'.
  Type '{ id: string; feature_name: string; feature_description: string; category: string; free_tier_description: string; premium_tier_description: string; created_at: string; } | { id: string; feature_name: string; ... 4 more ...; created_at: string; }' is not assignable to type 'PremiumFeature'.
    Type '{ id: string; feature_name: string; feature_description: string; category: string; free_tier_description: string; premium_tier_description: string; created_at: string; }' is missing the following properties from type 'PremiumFeature': feature_key, requires_premium, enabled, updated_at
__tests__/components/FeatureComparisonTable.test.tsx(62,36): error TS2322: Type '({ id: string; feature_name: string; feature_description: string; category: string; free_tier_description: string; premium_tier_description: string; created_at: string; } | { id: string; feature_name: string; ... 4 more ...; created_at: string; })[]' is not assignable to type 'PremiumFeature[]'.
  Type '{ id: string; feature_name: string; feature_description: string; category: string; free_tier_description: string; premium_tier_description: string; created_at: string; } | { id: string; feature_name: string; ... 4 more ...; created_at: string; }' is not assignable to type 'PremiumFeature'.
    Type '{ id: string; feature_name: string; feature_description: string; category: string; free_tier_description: string; premium_tier_description: string; created_at: string; }' is missing the following properties from type 'PremiumFeature': feature_key, requires_premium, enabled, updated_at
__tests__/hooks/queries/useAnalytics.test.ts(36,32): error TS2345: Argument of type '"90days"' is not assignable to parameter of type 'AnalyticsPeriod'.
__tests__/hooks/queries/useAnalytics.test.ts(80,56): error TS2345: Argument of type '"7days" | "30days" | "90days"' is not assignable to parameter of type 'AnalyticsPeriod'.
  Type '"90days"' is not assignable to type 'AnalyticsPeriod'. Did you mean '"30days"'?
__tests__/hooks/useNotifications.test.tsx(160,9): error TS2349: This expression is not callable.
  Type 'never' has no call signatures.
components/SuccessConfetti.tsx(20,7): error TS2322: Type 'number' is not assignable to type 'Timeout'.
hooks/useProtectedRoute.ts(152,48): error TS2367: This comparison appears to be unintentional because the types '"recipes" | "exercises" | "analytics" | "login" | "signup" | "email-verification" | "username-setup" | "(tabs)" | "scan-preview" | "scan-result" | "settings" | "premium-plan" | ... 6 more ... | "scanner"' and '"index"' have no overlap.
hooks/useProtectedRoute.ts(152,82): error TS2367: This comparison appears to be unintentional because the types '"recipes" | "exercises" | "analytics" | "login" | "signup" | "email-verification" | "username-setup" | "(tabs)" | "scan-preview" | "scan-result" | "settings" | "premium-plan" | ... 6 more ... | "scanner"' and '""' have no overlap.
